07-21 07:09:45.342   520   578 I am_wtf  : [0,520,system_server,-1,NetworkStats,Failed to parse network stats]
07-21 07:09:45.344   520   578 I am_wtf  : [0,520,system_server,-1,NetworkStats,Failed to parse network stats]
07-21 07:09:45.347   520   578 I am_wtf  : [0,520,system_server,-1,NetworkStats,Failed to parse network stats]
07-21 07:09:45.350   520   578 I am_wtf  : [0,520,system_server,-1,NetworkStats,Failed to parse network stats]
07-21 07:09:45.352   520   578 I am_wtf  : [0,520,system_server,-1,NetworkStats,Failed to parse network stats]
07-21 07:09:45.355   520   578 I am_wtf  : [0,520,system_server,-1,NetworkStats,Failed to parse network stats]
07-21 07:09:45.358   520   578 I am_wtf  : [0,520,system_server,-1,NetworkStats,Failed to parse network stats]
07-21 07:09:45.361   520   578 I am_wtf  : [0,520,system_server,-1,NetworkStats,Failed to parse network stats]
07-21 07:09:45.364   520   578 I am_wtf  : [0,520,system_server,-1,NetworkStats,Failed to parse network stats]
07-21 07:09:46.360   520   578 I am_wtf  : [0,520,system_server,-1,NetworkStats,Failed to parse network stats]
07-21 07:09:46.363   520   578 I am_wtf  : [0,520,system_server,-1,NetworkStats,Failed to parse network stats]
07-21 07:09:46.365   520   578 I am_wtf  : [0,520,system_server,-1,NetworkStats,Failed to parse network stats]
07-21 07:09:46.368   520   578 I am_wtf  : [0,520,system_server,-1,NetworkStats,Failed to parse network stats]
07-21 07:09:46.371   520   578 I am_wtf  : [0,520,system_server,-1,NetworkStats,Failed to parse network stats]
07-21 07:09:46.374   520   578 I am_wtf  : [0,520,system_server,-1,NetworkStats,Failed to parse network stats]
07-21 07:09:46.377   520   578 I am_wtf  : [0,520,system_server,-1,NetworkStats,Failed to parse network stats]
07-21 07:09:46.380   520   578 I am_wtf  : [0,520,system_server,-1,NetworkStats,Failed to parse network stats]
07-21 07:09:46.384   520   578 I am_wtf  : [0,520,system_server,-1,NetworkStats,Failed to parse network stats]
07-21 07:09:46.387   520   578 I am_wtf  : [0,520,system_server,-1,NetworkStats,Failed to parse network stats]
07-21 07:09:46.391   520   578 I am_wtf  : [0,520,system_server,-1,NetworkStats,Failed to parse network stats]
07-21 07:09:46.395   520   578 I am_wtf  : [0,520,system_server,-1,NetworkStats,Failed to parse network stats]
07-21 07:09:46.399   520   578 I am_wtf  : [0,520,system_server,-1,NetworkStats,Failed to parse network stats]
07-21 07:09:46.403   520   578 I am_wtf  : [0,520,system_server,-1,NetworkStats,Failed to parse network stats]
07-21 07:09:46.406   520   578 I am_wtf  : [0,520,system_server,-1,NetworkStats,Failed to parse network stats]
07-21 07:09:47.299   520 22643 I wm_task_created: [550,-1]
07-21 07:09:47.302   520 22643 I wm_task_moved: [550,1,19]
07-21 07:09:47.302   520 22643 I wm_task_to_front: [0,550]
07-21 07:09:47.302   520 22643 I wm_create_task: [0,550]
07-21 07:09:47.302   520 22643 I wm_create_activity: [0,236134410,550,com.android.car.developeroptions/com.android.settings.development.DevelopmentSettingsDisabledActivity,android.settings.APPLICATION_DEVELOPMENT_SETTINGS,NULL,NULL,276856832]
07-21 07:09:47.302   520 22643 I wm_task_moved: [550,1,19]
07-21 07:09:47.302 22307 22307 I wm_on_top_resumed_lost_called: [55950004,com.android.car.sddemo.MainActivity,topStateChangedWhenResumed]
07-21 07:09:47.303   520 22643 I wm_pause_activity: [0,55950004,com.android.car.sddemo/.MainActivity,userLeaving=true,pauseBackTasks]
07-21 07:09:47.308   520 22643 I sysui_multi_action: [757,128,758,4,793,5115429,794,86111,795,5115429,796,26,798,-1,806,android,857,DEVELOPER_IMPORTANT,858,4,947,0,1395,-1,1500,5115227,1688,1]
07-21 07:09:47.308   520 22643 I notification_clicked: [-1|android|26|null|1000,5115429,5115429,86111,-1,-1]
07-21 07:09:47.309   520   520 I sysui_multi_action: [757,804,799,note_click_longevity,801,85,802,1]
07-21 07:09:47.309 22307 22307 I wm_on_paused_called: [55950004,com.android.car.sddemo.MainActivity,performPause]
07-21 07:09:47.314   520  1383 I wm_restart_activity: [0,236134410,550,com.android.car.developeroptions/com.android.settings.development.DevelopmentSettingsDisabledActivity]
07-21 07:09:47.315   520  1383 I wm_set_resumed_activity: [0,com.android.car.developeroptions/com.android.settings.development.DevelopmentSettingsDisabledActivity,minimalResumeActivityLocked]
07-21 07:09:47.324   520   571 I sysui_multi_action: [757,803,799,window_time_0,802,2]
07-21 07:09:47.331   520 22643 I wm_finish_activity: [0,236134410,550,com.android.car.developeroptions/com.android.settings.development.DevelopmentSettingsDisabledActivity,app-request]
07-21 07:09:47.331   520 22643 I wm_task_moved: [11,1,19]
07-21 07:09:47.331   520 22643 I wm_task_to_front: [0,11]
07-21 07:09:47.332   520 22643 I wm_focused_root_task: [0,0,11,550,finish-top adjustFocusToNextFocusableTask]
07-21 07:09:47.332   520 22643 I wm_pause_activity: [0,236134410,com.android.car.developeroptions/com.android.settings.development.DevelopmentSettingsDisabledActivity,userLeaving=false,finish]
07-21 07:09:47.335  2576  2576 I wm_on_create_called: [236134410,com.android.settings.development.DevelopmentSettingsDisabledActivity,performCreate]
07-21 07:09:47.336   520   571 I sysui_multi_action: [757,1144,758,8,806,com.android.car.developeroptions,871,com.android.settings.development.DevelopmentSettingsDisabledActivity]
07-21 07:09:47.340   520  1383 I wm_set_resumed_activity: [0,com.android.car.sddemo/.MainActivity,resumeTopActivityInnerLocked]
07-21 07:09:47.341   520  1383 I wm_resume_activity: [0,55950004,11,com.android.car.sddemo/.MainActivity]
07-21 07:09:47.342 22307 22307 I wm_on_resume_called: [55950004,com.android.car.sddemo.MainActivity,RESUME_ACTIVITY]
07-21 07:09:47.342 22307 22307 I wm_on_top_resumed_gained_called: [55950004,com.android.car.sddemo.MainActivity,topWhenResuming]
07-21 07:09:47.351   520  1383 I wm_destroy_activity: [0,236134410,550,com.android.car.developeroptions/com.android.settings.development.DevelopmentSettingsDisabledActivity,finish-idle]
07-21 07:09:47.352  2576  2576 I wm_on_destroy_called: [236134410,com.android.settings.development.DevelopmentSettingsDisabledActivity,performDestroy]
07-21 07:09:47.352   520   571 I sysui_multi_action: [757,803,799,window_time_0,802,0]
07-21 07:09:47.357   520  1383 I wm_task_removed: [550,removeChild:removeChild last r=ActivityRecord{e13200a u0 com.android.car.developeroptions/com.android.settings.development.DevelopmentSettingsDisabledActivity t-1 f}} in t=Task{934ac44 #550 type=standard A=1000:com.android.car.developeroptions U=0 visible=false mode=fullscreen translucent=true sz=0}]
07-21 07:09:47.357   520  1383 I wm_task_removed: [550,removeChild]
07-21 07:09:47.402   520   578 I am_wtf  : [0,520,system_server,-1,NetworkStats,Failed to parse network stats]
07-21 07:09:47.409   520   578 I am_wtf  : [0,520,system_server,-1,NetworkStats,Failed to parse network stats]
07-21 07:09:47.416   520   578 I am_wtf  : [0,520,system_server,-1,NetworkStats,Failed to parse network stats]
07-21 07:09:47.422   520   578 I am_wtf  : [0,520,system_server,-1,NetworkStats,Failed to parse network stats]
07-21 07:09:47.429   520   578 I am_wtf  : [0,520,system_server,-1,NetworkStats,Failed to parse network stats]
07-21 07:09:47.436   520   578 I am_wtf  : [0,520,system_server,-1,NetworkStats,Failed to parse network stats]
07-21 07:09:47.443   520   578 I am_wtf  : [0,520,system_server,-1,NetworkStats,Failed to parse network stats]
07-21 07:09:47.450   520   578 I am_wtf  : [0,520,system_server,-1,NetworkStats,Failed to parse network stats]
07-21 07:09:47.457   520   578 I am_wtf  : [0,520,system_server,-1,NetworkStats,Failed to parse network stats]
07-21 07:09:47.466   520   578 I am_wtf  : [0,520,system_server,-1,NetworkStats,Failed to parse network stats]
07-21 07:09:47.473   520   578 I am_wtf  : [0,520,system_server,-1,NetworkStats,Failed to parse network stats]
07-21 07:09:47.480   520   578 I am_wtf  : [0,520,system_server,-1,NetworkStats,Failed to parse network stats]
07-21 07:09:47.486   520   578 I am_wtf  : [0,520,system_server,-1,NetworkStats,Failed to parse network stats]
07-21 07:09:47.492   520   578 I am_wtf  : [0,520,system_server,-1,NetworkStats,Failed to parse network stats]
07-21 07:09:47.496   520   578 I am_wtf  : [0,520,system_server,-1,NetworkStats,Failed to parse network stats]
07-21 07:09:47.717   520  4898 I wm_task_created: [551,-1]
07-21 07:09:47.719   520  4898 I wm_task_moved: [551,1,19]
07-21 07:09:47.719   520  4898 I wm_task_to_front: [0,551]
07-21 07:09:47.720   520  4898 I wm_create_task: [0,551]
07-21 07:09:47.720   520  4898 I wm_create_activity: [0,203500608,551,com.android.car.developeroptions/com.android.settings.development.DevelopmentSettingsDisabledActivity,android.settings.APPLICATION_DEVELOPMENT_SETTINGS,NULL,NULL,276856832]
07-21 07:09:47.720   520  4898 I wm_task_moved: [551,1,19]
07-21 07:09:47.720 22307 22307 I wm_on_top_resumed_lost_called: [55950004,com.android.car.sddemo.MainActivity,topStateChangedWhenResumed]
07-21 07:09:47.721   520  4898 I wm_pause_activity: [0,55950004,com.android.car.sddemo/.MainActivity,userLeaving=true,pauseBackTasks]
07-21 07:09:47.725   520  4898 I sysui_multi_action: [757,128,758,4,793,5115846,794,86528,795,5115846,796,26,798,-1,806,android,857,DEVELOPER_IMPORTANT,858,4,947,0,1395,-1,1500,5115644,1688,1]
07-21 07:09:47.726   520  4898 I notification_clicked: [-1|android|26|null|1000,5115846,5115846,86528,-1,-1]
07-21 07:09:47.726 22307 22307 I wm_on_paused_called: [55950004,com.android.car.sddemo.MainActivity,performPause]
07-21 07:09:47.726   520   520 I sysui_multi_action: [757,804,799,note_click_longevity,801,85,802,1]
07-21 07:09:47.730   520  4898 I wm_restart_activity: [0,203500608,551,com.android.car.developeroptions/com.android.settings.development.DevelopmentSettingsDisabledActivity]
07-21 07:09:47.732   520  4898 I wm_set_resumed_activity: [0,com.android.car.developeroptions/com.android.settings.development.DevelopmentSettingsDisabledActivity,minimalResumeActivityLocked]
07-21 07:09:47.743   520   571 I sysui_multi_action: [757,803,799,window_time_0,802,1]
07-21 07:09:47.750   520  1383 I wm_finish_activity: [0,203500608,551,com.android.car.developeroptions/com.android.settings.development.DevelopmentSettingsDisabledActivity,app-request]
07-21 07:09:47.750   520  1383 I wm_task_moved: [11,1,19]
07-21 07:09:47.750   520  1383 I wm_task_to_front: [0,11]
07-21 07:09:47.751   520  1383 I wm_focused_root_task: [0,0,11,551,finish-top adjustFocusToNextFocusableTask]
07-21 07:09:47.751   520  1383 I wm_pause_activity: [0,203500608,com.android.car.developeroptions/com.android.settings.development.DevelopmentSettingsDisabledActivity,userLeaving=false,finish]
07-21 07:09:47.755  2576  2576 I wm_on_create_called: [203500608,com.android.settings.development.DevelopmentSettingsDisabledActivity,performCreate]
07-21 07:09:47.756   520   571 I sysui_multi_action: [757,1144,758,8,806,com.android.car.developeroptions,871,com.android.settings.development.DevelopmentSettingsDisabledActivity]
07-21 07:09:47.760   520   565 I wm_set_resumed_activity: [0,com.android.car.sddemo/.MainActivity,resumeTopActivityInnerLocked]
07-21 07:09:47.762   520   565 I wm_resume_activity: [0,55950004,11,com.android.car.sddemo/.MainActivity]
07-21 07:09:47.763 22307 22307 I wm_on_resume_called: [55950004,com.android.car.sddemo.MainActivity,RESUME_ACTIVITY]
07-21 07:09:47.763 22307 22307 I wm_on_top_resumed_gained_called: [55950004,com.android.car.sddemo.MainActivity,topWhenResuming]
07-21 07:09:47.775   520   565 I wm_destroy_activity: [0,203500608,551,com.android.car.developeroptions/com.android.settings.development.DevelopmentSettingsDisabledActivity,finish-idle]
07-21 07:09:47.776   520   571 I sysui_multi_action: [757,803,799,window_time_0,802,0]
07-21 07:09:47.776  2576  2576 I wm_on_destroy_called: [203500608,com.android.settings.development.DevelopmentSettingsDisabledActivity,performDestroy]
07-21 07:09:47.781   520   565 I wm_task_removed: [551,removeChild:removeChild last r=ActivityRecord{c212c40 u0 com.android.car.developeroptions/com.android.settings.development.DevelopmentSettingsDisabledActivity t-1 f}} in t=Task{b6ce6ca #551 type=standard A=1000:com.android.car.developeroptions U=0 visible=false mode=fullscreen translucent=true sz=0}]
07-21 07:09:47.781   520   565 I wm_task_removed: [551,removeChild]
07-21 07:09:48.406   520   578 I am_wtf  : [0,520,system_server,-1,NetworkStats,Failed to parse network stats]
07-21 07:09:48.409   520   578 I am_wtf  : [0,520,system_server,-1,NetworkStats,Failed to parse network stats]
07-21 07:09:48.411   520   578 I am_wtf  : [0,520,system_server,-1,NetworkStats,Failed to parse network stats]
07-21 07:09:48.414   520   578 I am_wtf  : [0,520,system_server,-1,NetworkStats,Failed to parse network stats]
07-21 07:09:48.416   520   578 I am_wtf  : [0,520,system_server,-1,NetworkStats,Failed to parse network stats]
07-21 07:09:48.419   520   578 I am_wtf  : [0,520,system_server,-1,NetworkStats,Failed to parse network stats]
07-21 07:09:48.421   520   578 I am_wtf  : [0,520,system_server,-1,NetworkStats,Failed to parse network stats]
07-21 07:09:48.424   520   578 I am_wtf  : [0,520,system_server,-1,NetworkStats,Failed to parse network stats]
07-21 07:09:48.426   520   578 I am_wtf  : [0,520,system_server,-1,NetworkStats,Failed to parse network stats]
07-21 07:09:48.429   520   578 I am_wtf  : [0,520,system_server,-1,NetworkStats,Failed to parse network stats]
07-21 07:09:48.431   520   578 I am_wtf  : [0,520,system_server,-1,NetworkStats,Failed to parse network stats]
07-21 07:09:48.434   520   578 I am_wtf  : [0,520,system_server,-1,NetworkStats,Failed to parse network stats]
07-21 07:09:48.436   520   578 I am_wtf  : [0,520,system_server,-1,NetworkStats,Failed to parse network stats]
07-21 07:09:48.439   520   578 I am_wtf  : [0,520,system_server,-1,NetworkStats,Failed to parse network stats]
07-21 07:09:48.441   520   578 I am_wtf  : [0,520,system_server,-1,NetworkStats,Failed to parse network stats]
07-21 07:09:49.442   520   578 I am_wtf  : [0,520,system_server,-1,NetworkStats,Failed to parse network stats]
07-21 07:09:49.447   520   578 I am_wtf  : [0,520,system_server,-1,NetworkStats,Failed to parse network stats]
07-21 07:09:49.452   520   578 I am_wtf  : [0,520,system_server,-1,NetworkStats,Failed to parse network stats]
07-21 07:09:49.454   520   578 I am_wtf  : [0,520,system_server,-1,NetworkStats,Failed to parse network stats]
07-21 07:09:49.457   520   578 I am_wtf  : [0,520,system_server,-1,NetworkStats,Failed to parse network stats]
07-21 07:09:49.460   520   578 I am_wtf  : [0,520,system_server,-1,NetworkStats,Failed to parse network stats]
07-21 07:09:49.462   520   578 I am_wtf  : [0,520,system_server,-1,NetworkStats,Failed to parse network stats]
07-21 07:09:49.465   520   578 I am_wtf  : [0,520,system_server,-1,NetworkStats,Failed to parse network stats]
07-21 07:09:49.474   520   578 I am_wtf  : [0,520,system_server,-1,NetworkStats,Failed to parse network stats]
07-21 07:09:49.477   520   578 I am_wtf  : [0,520,system_server,-1,NetworkStats,Failed to parse network stats]
07-21 07:09:49.480   520   578 I am_wtf  : [0,520,system_server,-1,NetworkStats,Failed to parse network stats]
07-21 07:09:49.488   520   578 I am_wtf  : [0,520,system_server,-1,NetworkStats,Failed to parse network stats]
07-21 07:09:49.496   520   578 I am_wtf  : [0,520,system_server,-1,NetworkStats,Failed to parse network stats]
07-21 07:09:49.500   520   578 I am_wtf  : [0,520,system_server,-1,NetworkStats,Failed to parse network stats]
07-21 07:09:49.503   520   578 I am_wtf  : [0,520,system_server,-1,NetworkStats,Failed to parse network stats]
07-21 07:09:49.587   520  4898 I wm_task_created: [552,-1]
07-21 07:09:49.593   520  4898 I wm_task_moved: [552,1,19]
07-21 07:09:49.593   520  4898 I wm_task_to_front: [0,552]
07-21 07:09:49.593   520  4898 I wm_create_task: [0,552]
07-21 07:09:49.593   520  4898 I wm_create_activity: [0,199301264,552,com.android.car.developeroptions/com.android.settings.development.DevelopmentSettingsDisabledActivity,android.settings.APPLICATION_DEVELOPMENT_SETTINGS,NULL,NULL,276856832]
07-21 07:09:49.594   520  4898 I wm_task_moved: [552,1,19]
07-21 07:09:49.594 22307 22307 I wm_on_top_resumed_lost_called: [55950004,com.android.car.sddemo.MainActivity,topStateChangedWhenResumed]
07-21 07:09:49.594   520  4898 I wm_pause_activity: [0,55950004,com.android.car.sddemo/.MainActivity,userLeaving=true,pauseBackTasks]
07-21 07:09:49.598   520  4898 I sysui_multi_action: [757,128,758,4,793,5117719,794,88401,795,5117719,796,26,798,-1,806,android,857,DEVELOPER_IMPORTANT,858,4,947,0,1395,-1,1500,5117517,1688,1]
07-21 07:09:49.599   520  4898 I notification_clicked: [-1|android|26|null|1000,5117719,5117719,88401,-1,-1]
07-21 07:09:49.599 22307 22307 I wm_on_paused_called: [55950004,com.android.car.sddemo.MainActivity,performPause]
07-21 07:09:49.599   520   520 I sysui_multi_action: [757,804,799,note_click_longevity,801,85,802,1]
07-21 07:09:49.602   520  4898 I wm_restart_activity: [0,199301264,552,com.android.car.developeroptions/com.android.settings.development.DevelopmentSettingsDisabledActivity]
07-21 07:09:49.604   520  4898 I wm_set_resumed_activity: [0,com.android.car.developeroptions/com.android.settings.development.DevelopmentSettingsDisabledActivity,minimalResumeActivityLocked]
07-21 07:09:49.620   520   571 I sysui_multi_action: [757,803,799,window_time_0,802,2]
07-21 07:09:49.625   520  4898 I wm_finish_activity: [0,199301264,552,com.android.car.developeroptions/com.android.settings.development.DevelopmentSettingsDisabledActivity,app-request]
07-21 07:09:49.625   520  4898 I wm_task_moved: [11,1,19]
07-21 07:09:49.625   520  4898 I wm_task_to_front: [0,11]
07-21 07:09:49.626   520  4898 I wm_focused_root_task: [0,0,11,552,finish-top adjustFocusToNextFocusableTask]
07-21 07:09:49.627   520  4898 I wm_pause_activity: [0,199301264,com.android.car.developeroptions/com.android.settings.development.DevelopmentSettingsDisabledActivity,userLeaving=false,finish]
07-21 07:09:49.634  2576  2576 I wm_on_create_called: [199301264,com.android.settings.development.DevelopmentSettingsDisabledActivity,performCreate]
07-21 07:09:49.636   520   571 I sysui_multi_action: [757,1144,758,8,806,com.android.car.developeroptions,871,com.android.settings.development.DevelopmentSettingsDisabledActivity]
07-21 07:09:49.641   520  1383 I wm_set_resumed_activity: [0,com.android.car.sddemo/.MainActivity,resumeTopActivityInnerLocked]
07-21 07:09:49.643   520  1383 I wm_resume_activity: [0,55950004,11,com.android.car.sddemo/.MainActivity]
07-21 07:09:49.644 22307 22307 I wm_on_resume_called: [55950004,com.android.car.sddemo.MainActivity,RESUME_ACTIVITY]
07-21 07:09:49.644 22307 22307 I wm_on_top_resumed_gained_called: [55950004,com.android.car.sddemo.MainActivity,topWhenResuming]
07-21 07:09:49.660   520  4898 I wm_destroy_activity: [0,199301264,552,com.android.car.developeroptions/com.android.settings.development.DevelopmentSettingsDisabledActivity,finish-idle]
07-21 07:09:49.661  2576  2576 I wm_on_destroy_called: [199301264,com.android.settings.development.DevelopmentSettingsDisabledActivity,performDestroy]
07-21 07:09:49.663   520   571 I sysui_multi_action: [757,803,799,window_time_0,802,0]
07-21 07:09:49.664   520  4898 I wm_task_removed: [552,removeChild:removeChild last r=ActivityRecord{be11890 u0 com.android.car.developeroptions/com.android.settings.development.DevelopmentSettingsDisabledActivity t-1 f}} in t=Task{b28f09a #552 type=standard A=1000:com.android.car.developeroptions U=0 visible=false mode=fullscreen translucent=true sz=0}]
07-21 07:09:49.664   520  4898 I wm_task_removed: [552,removeChild]
07-21 07:09:50.480   520   565 I service_manager_stats: [150,45,5154]
07-21 07:09:50.481   520   578 I am_wtf  : [0,520,system_server,-1,NetworkStats,Failed to parse network stats]
07-21 07:09:50.484   520   578 I am_wtf  : [0,520,system_server,-1,NetworkStats,Failed to parse network stats]
07-21 07:09:50.487   520   578 I am_wtf  : [0,520,system_server,-1,NetworkStats,Failed to parse network stats]
07-21 07:09:50.490   520   578 I am_wtf  : [0,520,system_server,-1,NetworkStats,Failed to parse network stats]
07-21 07:09:50.493   520   578 I am_wtf  : [0,520,system_server,-1,NetworkStats,Failed to parse network stats]
07-21 07:09:50.497   520   578 I am_wtf  : [0,520,system_server,-1,NetworkStats,Failed to parse network stats]
07-21 07:09:50.500   520   578 I am_wtf  : [0,520,system_server,-1,NetworkStats,Failed to parse network stats]
07-21 07:09:50.503   520   578 I am_wtf  : [0,520,system_server,-1,NetworkStats,Failed to parse network stats]
07-21 07:09:50.506   520   578 I am_wtf  : [0,520,system_server,-1,NetworkStats,Failed to parse network stats]
07-21 07:09:50.509   520   578 I am_wtf  : [0,520,system_server,-1,NetworkStats,Failed to parse network stats]
07-21 07:09:50.513   520   578 I am_wtf  : [0,520,system_server,-1,NetworkStats,Failed to parse network stats]
07-21 07:09:50.517   520   578 I am_wtf  : [0,520,system_server,-1,NetworkStats,Failed to parse network stats]
07-21 07:09:50.520   520   578 I am_wtf  : [0,520,system_server,-1,NetworkStats,Failed to parse network stats]
07-21 07:09:50.523   520   578 I am_wtf  : [0,520,system_server,-1,NetworkStats,Failed to parse network stats]
07-21 07:09:50.527   520   578 I am_wtf  : [0,520,system_server,-1,NetworkStats,Failed to parse network stats]
07-21 07:09:51.395   520  1383 I wm_task_created: [553,-1]
07-21 07:09:51.398   520  1383 I wm_task_moved: [553,1,19]
07-21 07:09:51.398   520  1383 I wm_task_to_front: [0,553]
07-21 07:09:51.398   520  1383 I wm_create_task: [0,553]
07-21 07:09:51.398   520  1383 I wm_create_activity: [0,36397841,553,com.android.car.developeroptions/com.android.settings.development.DevelopmentSettingsDisabledActivity,android.settings.APPLICATION_DEVELOPMENT_SETTINGS,NULL,NULL,276856832]
07-21 07:09:51.398   520  1383 I wm_task_moved: [553,1,19]
07-21 07:09:51.398 22307 22307 I wm_on_top_resumed_lost_called: [55950004,com.android.car.sddemo.MainActivity,topStateChangedWhenResumed]
07-21 07:09:51.399   520  1383 I wm_pause_activity: [0,55950004,com.android.car.sddemo/.MainActivity,userLeaving=true,pauseBackTasks]
07-21 07:09:51.403   520  1383 I sysui_multi_action: [757,128,758,4,793,5119524,794,90206,795,5119524,796,26,798,-1,806,android,857,DEVELOPER_IMPORTANT,858,4,947,0,1395,-1,1500,5119322,1688,1]
07-21 07:09:51.403   520  1383 I notification_clicked: [-1|android|26|null|1000,5119524,5119524,90206,-1,-1]
07-21 07:09:51.403   520   520 I sysui_multi_action: [757,804,799,note_click_longevity,801,85,802,1]
07-21 07:09:51.403 22307 22307 I wm_on_paused_called: [55950004,com.android.car.sddemo.MainActivity,performPause]
07-21 07:09:51.406   520  1383 I wm_restart_activity: [0,36397841,553,com.android.car.developeroptions/com.android.settings.development.DevelopmentSettingsDisabledActivity]
07-21 07:09:51.407   520  1383 I wm_set_resumed_activity: [0,com.android.car.developeroptions/com.android.settings.development.DevelopmentSettingsDisabledActivity,minimalResumeActivityLocked]
07-21 07:09:51.422   520   571 I sysui_multi_action: [757,803,799,window_time_0,802,1]
07-21 07:09:51.426   520  1383 I wm_finish_activity: [0,36397841,553,com.android.car.developeroptions/com.android.settings.development.DevelopmentSettingsDisabledActivity,app-request]
07-21 07:09:51.426   520  1383 I wm_task_moved: [11,1,19]
07-21 07:09:51.426   520  1383 I wm_task_to_front: [0,11]
07-21 07:09:51.426   520  1383 I wm_focused_root_task: [0,0,11,553,finish-top adjustFocusToNextFocusableTask]
07-21 07:09:51.427   520  1383 I wm_pause_activity: [0,36397841,com.android.car.developeroptions/com.android.settings.development.DevelopmentSettingsDisabledActivity,userLeaving=false,finish]
07-21 07:09:51.429  2576  2576 I wm_on_create_called: [36397841,com.android.settings.development.DevelopmentSettingsDisabledActivity,performCreate]
07-21 07:09:51.430   520   571 I sysui_multi_action: [757,1144,758,8,806,com.android.car.developeroptions,871,com.android.settings.development.DevelopmentSettingsDisabledActivity]
07-21 07:09:51.433   520  1383 I wm_set_resumed_activity: [0,com.android.car.sddemo/.MainActivity,resumeTopActivityInnerLocked]
07-21 07:09:51.436   520  1383 I wm_resume_activity: [0,55950004,11,com.android.car.sddemo/.MainActivity]
07-21 07:09:51.437 22307 22307 I wm_on_resume_called: [55950004,com.android.car.sddemo.MainActivity,RESUME_ACTIVITY]
07-21 07:09:51.437 22307 22307 I wm_on_top_resumed_gained_called: [55950004,com.android.car.sddemo.MainActivity,topWhenResuming]
07-21 07:09:51.449   520  1383 I wm_destroy_activity: [0,36397841,553,com.android.car.developeroptions/com.android.settings.development.DevelopmentSettingsDisabledActivity,finish-idle]
07-21 07:09:51.452  2576  2576 I wm_on_destroy_called: [36397841,com.android.settings.development.DevelopmentSettingsDisabledActivity,performDestroy]
07-21 07:09:51.454   520   571 I sysui_multi_action: [757,803,799,window_time_0,802,0]
07-21 07:09:51.455   520  1383 I wm_task_removed: [553,removeChild:removeChild last r=ActivityRecord{22b6311 u0 com.android.car.developeroptions/com.android.settings.development.DevelopmentSettingsDisabledActivity t-1 f}} in t=Task{2993f13 #553 type=standard A=1000:com.android.car.developeroptions U=0 visible=false mode=fullscreen translucent=true sz=0}]
07-21 07:09:51.455   520  1383 I wm_task_removed: [553,removeChild]
07-21 07:09:51.520   520   578 I am_wtf  : [0,520,system_server,-1,NetworkStats,Failed to parse network stats]
07-21 07:09:51.524   520   578 I am_wtf  : [0,520,system_server,-1,NetworkStats,Failed to parse network stats]
07-21 07:09:51.532   520   578 I am_wtf  : [0,520,system_server,-1,NetworkStats,Failed to parse network stats]
07-21 07:09:51.536   520   578 I am_wtf  : [0,520,system_server,-1,NetworkStats,Failed to parse network stats]
07-21 07:09:51.542   520   578 I am_wtf  : [0,520,system_server,-1,NetworkStats,Failed to parse network stats]
07-21 07:09:51.553   520   578 I am_wtf  : [0,520,system_server,-1,NetworkStats,Failed to parse network stats]
07-21 07:09:51.559   520   578 I am_wtf  : [0,520,system_server,-1,NetworkStats,Failed to parse network stats]
07-21 07:09:51.566   520   578 I am_wtf  : [0,520,system_server,-1,NetworkStats,Failed to parse network stats]
07-21 07:09:51.573   520   578 I am_wtf  : [0,520,system_server,-1,NetworkStats,Failed to parse network stats]
07-21 07:09:51.581   520   578 I am_wtf  : [0,520,system_server,-1,NetworkStats,Failed to parse network stats]
07-21 07:09:51.587   520   578 I am_wtf  : [0,520,system_server,-1,NetworkStats,Failed to parse network stats]
07-21 07:09:51.591   520   578 I am_wtf  : [0,520,system_server,-1,NetworkStats,Failed to parse network stats]
07-21 07:09:51.596   520   578 I am_wtf  : [0,520,system_server,-1,NetworkStats,Failed to parse network stats]
07-21 07:09:51.601   520   578 I am_wtf  : [0,520,system_server,-1,NetworkStats,Failed to parse network stats]
07-21 07:09:51.606   520   578 I am_wtf  : [0,520,system_server,-1,NetworkStats,Failed to parse network stats]
07-21 07:09:52.023   520  1383 I wm_task_created: [554,-1]
07-21 07:09:52.026   520  1383 I wm_task_moved: [554,1,19]
07-21 07:09:52.026   520  1383 I wm_task_to_front: [0,554]
07-21 07:09:52.027   520  1383 I wm_create_task: [0,554]
07-21 07:09:52.027   520  1383 I wm_create_activity: [0,61500983,554,com.android.car.developeroptions/com.android.settings.development.DevelopmentSettingsDisabledActivity,android.settings.APPLICATION_DEVELOPMENT_SETTINGS,NULL,NULL,276856832]
07-21 07:09:52.027   520  1383 I wm_task_moved: [554,1,19]
07-21 07:09:52.027 22307 22307 I wm_on_top_resumed_lost_called: [55950004,com.android.car.sddemo.MainActivity,topStateChangedWhenResumed]
07-21 07:09:52.028   520  1383 I wm_pause_activity: [0,55950004,com.android.car.sddemo/.MainActivity,userLeaving=true,pauseBackTasks]
07-21 07:09:52.032   520  1383 I sysui_multi_action: [757,128,758,4,793,5120153,794,90835,795,5120153,796,26,798,-1,806,android,857,DEVELOPER_IMPORTANT,858,4,947,0,1395,-1,1500,5119951,1688,1]
07-21 07:09:52.032 22307 22307 I wm_on_paused_called: [55950004,com.android.car.sddemo.MainActivity,performPause]
07-21 07:09:52.033   520  1383 I notification_clicked: [-1|android|26|null|1000,5120153,5120153,90835,-1,-1]
07-21 07:09:52.034   520   520 I sysui_multi_action: [757,804,799,note_click_longevity,801,85,802,1]
07-21 07:09:52.038   520  4898 I wm_restart_activity: [0,61500983,554,com.android.car.developeroptions/com.android.settings.development.DevelopmentSettingsDisabledActivity]
07-21 07:09:52.039   520  4898 I wm_set_resumed_activity: [0,com.android.car.developeroptions/com.android.settings.development.DevelopmentSettingsDisabledActivity,minimalResumeActivityLocked]
07-21 07:09:52.046   520   572 I dvm_lock_sample: [system_server,1,android.anim,6,WindowAnimator.java,103,void com.android.server.wm.WindowAnimator.lambda$new$1$WindowAnimator(long),,0,null,1]
07-21 07:09:52.053   520   571 I sysui_multi_action: [757,803,799,window_time_0,802,1]
07-21 07:09:52.060   520   565 I wm_finish_activity: [0,61500983,554,com.android.car.developeroptions/com.android.settings.development.DevelopmentSettingsDisabledActivity,app-request]
07-21 07:09:52.060   520   565 I wm_task_moved: [11,1,19]
07-21 07:09:52.061   520   565 I wm_task_to_front: [0,11]
07-21 07:09:52.062   520   565 I wm_focused_root_task: [0,0,11,554,finish-top adjustFocusToNextFocusableTask]
07-21 07:09:52.062   520   565 I wm_pause_activity: [0,61500983,com.android.car.developeroptions/com.android.settings.development.DevelopmentSettingsDisabledActivity,userLeaving=false,finish]
07-21 07:09:52.066  2576  2576 I wm_on_create_called: [61500983,com.android.settings.development.DevelopmentSettingsDisabledActivity,performCreate]
07-21 07:09:52.067   520   571 I sysui_multi_action: [757,1144,758,8,806,com.android.car.developeroptions,871,com.android.settings.development.DevelopmentSettingsDisabledActivity]
07-21 07:09:52.071   520  4898 I wm_set_resumed_activity: [0,com.android.car.sddemo/.MainActivity,resumeTopActivityInnerLocked]
07-21 07:09:52.075   520  4898 I wm_resume_activity: [0,55950004,11,com.android.car.sddemo/.MainActivity]
07-21 07:09:52.077 22307 22307 I wm_on_resume_called: [55950004,com.android.car.sddemo.MainActivity,RESUME_ACTIVITY]
07-21 07:09:52.078 22307 22307 I wm_on_top_resumed_gained_called: [55950004,com.android.car.sddemo.MainActivity,topWhenResuming]
07-21 07:09:52.088   520  4898 I wm_destroy_activity: [0,61500983,554,com.android.car.developeroptions/com.android.settings.development.DevelopmentSettingsDisabledActivity,finish-idle]
07-21 07:09:52.089   520   571 I sysui_multi_action: [757,803,799,window_time_0,802,0]
07-21 07:09:52.089  2576  2576 I wm_on_destroy_called: [61500983,com.android.settings.development.DevelopmentSettingsDisabledActivity,performDestroy]
07-21 07:09:52.095   520  4898 I wm_task_removed: [554,removeChild:removeChild last r=ActivityRecord{3aa6e37 u0 com.android.car.developeroptions/com.android.settings.development.DevelopmentSettingsDisabledActivity t-1 f}} in t=Task{a9d0109 #554 type=standard A=1000:com.android.car.developeroptions U=0 visible=false mode=fullscreen translucent=true sz=0}]
07-21 07:09:52.096   520  4898 I wm_task_removed: [554,removeChild]
07-21 07:09:52.558   520   578 I am_wtf  : [0,520,system_server,-1,NetworkStats,Failed to parse network stats]
07-21 07:09:52.561   520   578 I am_wtf  : [0,520,system_server,-1,NetworkStats,Failed to parse network stats]
07-21 07:09:52.564   520   578 I am_wtf  : [0,520,system_server,-1,NetworkStats,Failed to parse network stats]
07-21 07:09:52.566   520   578 I am_wtf  : [0,520,system_server,-1,NetworkStats,Failed to parse network stats]
07-21 07:09:52.570   520   578 I am_wtf  : [0,520,system_server,-1,NetworkStats,Failed to parse network stats]
07-21 07:09:52.573   520   578 I am_wtf  : [0,520,system_server,-1,NetworkStats,Failed to parse network stats]
07-21 07:09:52.576   520   578 I am_wtf  : [0,520,system_server,-1,NetworkStats,Failed to parse network stats]
07-21 07:09:52.578   520   578 I am_wtf  : [0,520,system_server,-1,NetworkStats,Failed to parse network stats]
07-21 07:09:52.582   520   578 I am_wtf  : [0,520,system_server,-1,NetworkStats,Failed to parse network stats]
07-21 07:09:52.585   520   578 I am_wtf  : [0,520,system_server,-1,NetworkStats,Failed to parse network stats]
07-21 07:09:52.589   520   578 I am_wtf  : [0,520,system_server,-1,NetworkStats,Failed to parse network stats]
07-21 07:09:52.592   520   578 I am_wtf  : [0,520,system_server,-1,NetworkStats,Failed to parse network stats]
07-21 07:09:52.595   520   578 I am_wtf  : [0,520,system_server,-1,NetworkStats,Failed to parse network stats]
07-21 07:09:52.598   520   578 I am_wtf  : [0,520,system_server,-1,NetworkStats,Failed to parse network stats]
07-21 07:09:52.602   520   578 I am_wtf  : [0,520,system_server,-1,NetworkStats,Failed to parse network stats]
07-21 07:09:53.582   520   578 I am_wtf  : [0,520,system_server,-1,NetworkStats,Failed to parse network stats]
07-21 07:09:53.585   520   578 I am_wtf  : [0,520,system_server,-1,NetworkStats,Failed to parse network stats]
07-21 07:09:53.587   520   578 I am_wtf  : [0,520,system_server,-1,NetworkStats,Failed to parse network stats]
07-21 07:09:53.590   520   578 I am_wtf  : [0,520,system_server,-1,NetworkStats,Failed to parse network stats]
07-21 07:09:53.593   520   578 I am_wtf  : [0,520,system_server,-1,NetworkStats,Failed to parse network stats]
07-21 07:09:53.596   520   578 I am_wtf  : [0,520,system_server,-1,NetworkStats,Failed to parse network stats]
07-21 07:09:53.600   520   578 I am_wtf  : [0,520,system_server,-1,NetworkStats,Failed to parse network stats]
07-21 07:09:53.603   520   578 I am_wtf  : [0,520,system_server,-1,NetworkStats,Failed to parse network stats]
07-21 07:09:53.606   520   578 I am_wtf  : [0,520,system_server,-1,NetworkStats,Failed to parse network stats]
07-21 07:09:53.609   520   578 I am_wtf  : [0,520,system_server,-1,NetworkStats,Failed to parse network stats]
07-21 07:09:53.612   520   578 I am_wtf  : [0,520,system_server,-1,NetworkStats,Failed to parse network stats]
07-21 07:09:53.615   520   578 I am_wtf  : [0,520,system_server,-1,NetworkStats,Failed to parse network stats]
07-21 07:09:53.618   520   578 I am_wtf  : [0,520,system_server,-1,NetworkStats,Failed to parse network stats]
07-21 07:09:53.622   520   578 I am_wtf  : [0,520,system_server,-1,NetworkStats,Failed to parse network stats]
07-21 07:09:53.627   520   578 I am_wtf  : [0,520,system_server,-1,NetworkStats,Failed to parse network stats]
07-21 07:09:54.613   520   578 I am_wtf  : [0,520,system_server,-1,NetworkStats,Failed to parse network stats]
07-21 07:09:54.618   520   578 I am_wtf  : [0,520,system_server,-1,NetworkStats,Failed to parse network stats]
07-21 07:09:54.622   520   578 I am_wtf  : [0,520,system_server,-1,NetworkStats,Failed to parse network stats]
07-21 07:09:54.628   520   578 I am_wtf  : [0,520,system_server,-1,NetworkStats,Failed to parse network stats]
07-21 07:09:54.633   520   578 I am_wtf  : [0,520,system_server,-1,NetworkStats,Failed to parse network stats]
07-21 07:09:54.636   520   578 I am_wtf  : [0,520,system_server,-1,NetworkStats,Failed to parse network stats]
07-21 07:09:54.639   520   578 I am_wtf  : [0,520,system_server,-1,NetworkStats,Failed to parse network stats]
07-21 07:09:54.645   520   578 I am_wtf  : [0,520,system_server,-1,NetworkStats,Failed to parse network stats]
07-21 07:09:54.650   520   578 I am_wtf  : [0,520,system_server,-1,NetworkStats,Failed to parse network stats]
07-21 07:09:54.653   520   578 I am_wtf  : [0,520,system_server,-1,NetworkStats,Failed to parse network stats]
07-21 07:09:54.656   520   578 I am_wtf  : [0,520,system_server,-1,NetworkStats,Failed to parse network stats]
07-21 07:09:54.659   520   578 I am_wtf  : [0,520,system_server,-1,NetworkStats,Failed to parse network stats]
07-21 07:09:54.664   520   578 I am_wtf  : [0,520,system_server,-1,NetworkStats,Failed to parse network stats]
07-21 07:09:54.667   520   578 I am_wtf  : [0,520,system_server,-1,NetworkStats,Failed to parse network stats]
07-21 07:09:54.670   520   578 I am_wtf  : [0,520,system_server,-1,NetworkStats,Failed to parse network stats]
07-21 07:09:55.650   520 14919 I service_manager_stats: [150,42,5170]
07-21 07:09:55.651   520   578 I am_wtf  : [0,520,system_server,-1,NetworkStats,Failed to parse network stats]
07-21 07:09:55.654   520   578 I am_wtf  : [0,520,system_server,-1,NetworkStats,Failed to parse network stats]
07-21 07:09:55.657   520   578 I am_wtf  : [0,520,system_server,-1,NetworkStats,Failed to parse network stats]
07-21 07:09:55.660   520   578 I am_wtf  : [0,520,system_server,-1,NetworkStats,Failed to parse network stats]
07-21 07:09:55.666   520   578 I am_wtf  : [0,520,system_server,-1,NetworkStats,Failed to parse network stats]
07-21 07:09:55.670   520   578 I am_wtf  : [0,520,system_server,-1,NetworkStats,Failed to parse network stats]
07-21 07:09:55.672   520   578 I am_wtf  : [0,520,system_server,-1,NetworkStats,Failed to parse network stats]
07-21 07:09:55.675   520   578 I am_wtf  : [0,520,system_server,-1,NetworkStats,Failed to parse network stats]
07-21 07:09:55.677   520   578 I am_wtf  : [0,520,system_server,-1,NetworkStats,Failed to parse network stats]
07-21 07:09:55.680   520   578 I am_wtf  : [0,520,system_server,-1,NetworkStats,Failed to parse network stats]
07-21 07:09:55.687   520   578 I am_wtf  : [0,520,system_server,-1,NetworkStats,Failed to parse network stats]
07-21 07:09:55.690   520   578 I am_wtf  : [0,520,system_server,-1,NetworkStats,Failed to parse network stats]
07-21 07:09:55.692   520   578 I am_wtf  : [0,520,system_server,-1,NetworkStats,Failed to parse network stats]
07-21 07:09:55.695   520   578 I am_wtf  : [0,520,system_server,-1,NetworkStats,Failed to parse network stats]
07-21 07:09:55.697   520   578 I am_wtf  : [0,520,system_server,-1,NetworkStats,Failed to parse network stats]
07-21 07:09:56.336   520   565 I wm_task_created: [555,-1]
07-21 07:09:56.339   520   565 I wm_task_moved: [555,1,19]
07-21 07:09:56.339   520   565 I wm_task_to_front: [0,555]
07-21 07:09:56.340   520   565 I wm_create_task: [0,555]
07-21 07:09:56.340   520   565 I wm_create_activity: [0,138172844,555,com.android.car.developeroptions/com.android.settings.development.DevelopmentSettingsDisabledActivity,android.settings.APPLICATION_DEVELOPMENT_SETTINGS,NULL,NULL,276856832]
07-21 07:09:56.340   520   565 I wm_task_moved: [555,1,19]
07-21 07:09:56.340 22307 22307 I wm_on_top_resumed_lost_called: [55950004,com.android.car.sddemo.MainActivity,topStateChangedWhenResumed]
07-21 07:09:56.341   520   565 I wm_pause_activity: [0,55950004,com.android.car.sddemo/.MainActivity,userLeaving=true,pauseBackTasks]
07-21 07:09:56.345   520   565 I sysui_multi_action: [757,128,758,4,793,5124465,794,95147,795,5124465,796,26,798,-1,806,android,857,DEVELOPER_IMPORTANT,858,4,947,0,1395,-1,1500,5124263,1688,1]
07-21 07:09:56.345   520   565 I notification_clicked: [-1|android|26|null|1000,5124465,5124465,95147,-1,-1]
07-21 07:09:56.345 22307 22307 I wm_on_paused_called: [55950004,com.android.car.sddemo.MainActivity,performPause]
07-21 07:09:56.345   520   520 I sysui_multi_action: [757,804,799,note_click_longevity,801,85,802,1]
07-21 07:09:56.352   520 14919 I wm_restart_activity: [0,138172844,555,com.android.car.developeroptions/com.android.settings.development.DevelopmentSettingsDisabledActivity]
07-21 07:09:56.353   520 14919 I wm_set_resumed_activity: [0,com.android.car.developeroptions/com.android.settings.development.DevelopmentSettingsDisabledActivity,minimalResumeActivityLocked]
07-21 07:09:56.366   520   571 I sysui_multi_action: [757,803,799,window_time_0,802,4]
07-21 07:09:56.370   520  1383 I wm_finish_activity: [0,138172844,555,com.android.car.developeroptions/com.android.settings.development.DevelopmentSettingsDisabledActivity,app-request]
07-21 07:09:56.371   520  1383 I wm_task_moved: [11,1,19]
07-21 07:09:56.371   520  1383 I wm_task_to_front: [0,11]
07-21 07:09:56.373   520  1383 I wm_focused_root_task: [0,0,11,555,finish-top adjustFocusToNextFocusableTask]
07-21 07:09:56.373   520  1383 I wm_pause_activity: [0,138172844,com.android.car.developeroptions/com.android.settings.development.DevelopmentSettingsDisabledActivity,userLeaving=false,finish]
07-21 07:09:56.376  2576  2576 I wm_on_create_called: [138172844,com.android.settings.development.DevelopmentSettingsDisabledActivity,performCreate]
07-21 07:09:56.381   520   571 I sysui_multi_action: [757,1144,758,8,806,com.android.car.developeroptions,871,com.android.settings.development.DevelopmentSettingsDisabledActivity]
07-21 07:09:56.383   520  1383 I wm_set_resumed_activity: [0,com.android.car.sddemo/.MainActivity,resumeTopActivityInnerLocked]
07-21 07:09:56.385   520  1383 I wm_resume_activity: [0,55950004,11,com.android.car.sddemo/.MainActivity]
07-21 07:09:56.385 22307 22307 I wm_on_resume_called: [55950004,com.android.car.sddemo.MainActivity,RESUME_ACTIVITY]
07-21 07:09:56.386 22307 22307 I wm_on_top_resumed_gained_called: [55950004,com.android.car.sddemo.MainActivity,topWhenResuming]
07-21 07:09:56.396   520 14919 I wm_destroy_activity: [0,138172844,555,com.android.car.developeroptions/com.android.settings.development.DevelopmentSettingsDisabledActivity,finish-idle]
07-21 07:09:56.397  2576  2576 I wm_on_destroy_called: [138172844,com.android.settings.development.DevelopmentSettingsDisabledActivity,performDestroy]
07-21 07:09:56.399   520   571 I sysui_multi_action: [757,803,799,window_time_0,802,0]
07-21 07:09:56.399   520 14919 I wm_task_removed: [555,removeChild:removeChild last r=ActivityRecord{83c59ac u0 com.android.car.developeroptions/com.android.settings.development.DevelopmentSettingsDisabledActivity t-1 f}} in t=Task{b1bc8d6 #555 type=standard A=1000:com.android.car.developeroptions U=0 visible=false mode=fullscreen translucent=true sz=0}]
07-21 07:09:56.399   520 14919 I wm_task_removed: [555,removeChild]
07-21 07:09:56.693   520   578 I am_wtf  : [0,520,system_server,-1,NetworkStats,Failed to parse network stats]
07-21 07:09:56.697   520   578 I am_wtf  : [0,520,system_server,-1,NetworkStats,Failed to parse network stats]
07-21 07:09:56.700   520   578 I am_wtf  : [0,520,system_server,-1,NetworkStats,Failed to parse network stats]
07-21 07:09:56.703   520   578 I am_wtf  : [0,520,system_server,-1,NetworkStats,Failed to parse network stats]
07-21 07:09:56.705   520   578 I am_wtf  : [0,520,system_server,-1,NetworkStats,Failed to parse network stats]
07-21 07:09:56.708   520   578 I am_wtf  : [0,520,system_server,-1,NetworkStats,Failed to parse network stats]
07-21 07:09:56.711   520   578 I am_wtf  : [0,520,system_server,-1,NetworkStats,Failed to parse network stats]
07-21 07:09:56.714   520   578 I am_wtf  : [0,520,system_server,-1,NetworkStats,Failed to parse network stats]
07-21 07:09:56.717   520   578 I am_wtf  : [0,520,system_server,-1,NetworkStats,Failed to parse network stats]
07-21 07:09:56.720   520   578 I am_wtf  : [0,520,system_server,-1,NetworkStats,Failed to parse network stats]
07-21 07:09:56.723   520   578 I am_wtf  : [0,520,system_server,-1,NetworkStats,Failed to parse network stats]
07-21 07:09:56.729   520   578 I am_wtf  : [0,520,system_server,-1,NetworkStats,Failed to parse network stats]
07-21 07:09:56.732   520   578 I am_wtf  : [0,520,system_server,-1,NetworkStats,Failed to parse network stats]
07-21 07:09:56.736   520   578 I am_wtf  : [0,520,system_server,-1,NetworkStats,Failed to parse network stats]
07-21 07:09:56.741   520   578 I am_wtf  : [0,520,system_server,-1,NetworkStats,Failed to parse network stats]
07-21 07:09:57.064   520 14919 I sysui_multi_action: [757,127,758,2]
07-21 07:09:57.064   520 14919 I notification_panel_hidden: 
07-21 07:09:57.067   520 14919 I sysui_multi_action: [757,128,758,1,793,5125188,794,0,795,5125188,796,26,798,-1,806,android,857,DEVELOPER_IMPORTANT,858,4,947,0,1395,1,1500,5124986,1688,1]
07-21 07:09:57.068   520 14919 I sysui_multi_action: [757,804,799,note_freshness,801,5125188,802,1]
07-21 07:09:57.068   520 14919 I notification_visibility: [-1|android|26|null|1000,1,5125188,5125188,0,-1]
07-21 07:09:57.069   520 14919 I sysui_multi_action: [757,128,758,2,793,5125190,794,2,795,5125190,796,26,798,-1,806,android,857,DEVELOPER_IMPORTANT,858,4,947,0,1395,1,1500,5124988,1688,1]
07-21 07:09:57.069   520 14919 I notification_visibility: [-1|android|26|null|1000,0,5125190,5125190,0,-1]
07-21 07:09:57.081   520   572 I input_focus: [Focus request 8f3e02d com.android.car.sddemo/com.android.car.sddemo.MainActivity,reason=UpdateInputWindows]
07-21 07:09:57.110   520   645 I input_focus: [Focus leaving 8871c7c SystemUIOverlayWindow (server),reason=NO_WINDOW]
07-21 07:09:57.110   520   645 I input_focus: [Focus entering 8f3e02d com.android.car.sddemo/com.android.car.sddemo.MainActivity (server),reason=setFocusedWindow]
07-21 07:09:57.126   520   645 I input_interaction: Interaction with: 8f3e02d com.android.car.sddemo/com.android.car.sddemo.MainActivity (server), PointerEventDispatcher0 (server), 
07-21 07:09:57.130   520   565 I dvm_lock_sample: [system_server,1,Binder:520_2,15,InputMethodManagerService.java,3305,com.android.internal.view.InputBindResult com.android.server.inputmethod.InputMethodManagerService.startInputOrWindowGainedFocusInternal(int, com.android.internal.view.IInputMethodClient, android.os.IBinder, int, int, int, android.view.inputmethod.EditorInfo, com.android.internal.view.IInputContext, int, int),-,3315,com.android.internal.view.InputBindResult com.android.server.inputmethod.InputMethodManagerService.startInputOrWindowGainedFocusInternal(int, com.android.internal.view.IInputMethodClient, android.os.IBinder, int, int, int, android.view.inputmethod.EditorInfo, com.android.internal.view.IInputContext, int, int),3]
07-21 07:09:57.717   520   578 I am_wtf  : [0,520,system_server,-1,NetworkStats,Failed to parse network stats]
07-21 07:09:57.720   520   578 I am_wtf  : [0,520,system_server,-1,NetworkStats,Failed to parse network stats]
07-21 07:09:57.724   520   578 I am_wtf  : [0,520,system_server,-1,NetworkStats,Failed to parse network stats]
07-21 07:09:57.727   520   578 I am_wtf  : [0,520,system_server,-1,NetworkStats,Failed to parse network stats]
07-21 07:09:57.730   520   578 I am_wtf  : [0,520,system_server,-1,NetworkStats,Failed to parse network stats]
07-21 07:09:57.734   520   578 I am_wtf  : [0,520,system_server,-1,NetworkStats,Failed to parse network stats]
07-21 07:09:57.737   520   578 I am_wtf  : [0,520,system_server,-1,NetworkStats,Failed to parse network stats]
07-21 07:09:57.741   520   578 I am_wtf  : [0,520,system_server,-1,NetworkStats,Failed to parse network stats]
07-21 07:09:57.744   520   578 I am_wtf  : [0,520,system_server,-1,NetworkStats,Failed to parse network stats]
07-21 07:09:57.748   520   578 I am_wtf  : [0,520,system_server,-1,NetworkStats,Failed to parse network stats]
07-21 07:09:57.751   520   578 I am_wtf  : [0,520,system_server,-1,NetworkStats,Failed to parse network stats]
07-21 07:09:57.754   520   578 I am_wtf  : [0,520,system_server,-1,NetworkStats,Failed to parse network stats]
07-21 07:09:57.756   520   578 I am_wtf  : [0,520,system_server,-1,NetworkStats,Failed to parse network stats]
07-21 07:09:57.759   520   578 I am_wtf  : [0,520,system_server,-1,NetworkStats,Failed to parse network stats]
07-21 07:09:57.761   520   578 I am_wtf  : [0,520,system_server,-1,NetworkStats,Failed to parse network stats]
07-21 07:09:58.722   520   578 I am_wtf  : [0,520,system_server,-1,NetworkStats,Failed to parse network stats]
07-21 07:09:58.725   520   578 I am_wtf  : [0,520,system_server,-1,NetworkStats,Failed to parse network stats]
07-21 07:09:58.729   520   578 I am_wtf  : [0,520,system_server,-1,NetworkStats,Failed to parse network stats]
07-21 07:09:58.732   520   578 I am_wtf  : [0,520,system_server,-1,NetworkStats,Failed to parse network stats]
07-21 07:09:58.735   520   578 I am_wtf  : [0,520,system_server,-1,NetworkStats,Failed to parse network stats]
07-21 07:09:58.738   520   578 I am_wtf  : [0,520,system_server,-1,NetworkStats,Failed to parse network stats]
07-21 07:09:58.741   520   578 I am_wtf  : [0,520,system_server,-1,NetworkStats,Failed to parse network stats]
07-21 07:09:58.744   520   578 I am_wtf  : [0,520,system_server,-1,NetworkStats,Failed to parse network stats]
07-21 07:09:58.747   520   578 I am_wtf  : [0,520,system_server,-1,NetworkStats,Failed to parse network stats]
07-21 07:09:58.751   520   578 I am_wtf  : [0,520,system_server,-1,NetworkStats,Failed to parse network stats]
07-21 07:09:58.754   520   578 I am_wtf  : [0,520,system_server,-1,NetworkStats,Failed to parse network stats]
07-21 07:09:58.757   520   578 I am_wtf  : [0,520,system_server,-1,NetworkStats,Failed to parse network stats]
07-21 07:09:58.760   520   578 I am_wtf  : [0,520,system_server,-1,NetworkStats,Failed to parse network stats]
07-21 07:09:58.762   520   578 I am_wtf  : [0,520,system_server,-1,NetworkStats,Failed to parse network stats]
07-21 07:09:58.765   520   578 I am_wtf  : [0,520,system_server,-1,NetworkStats,Failed to parse network stats]
07-21 07:09:58.990   520   645 I input_interaction: Interaction with: b15b5c9 TopCarSystemBar (server), PointerEventDispatcher0 (server), 
07-21 07:09:58.994   520  1383 I sysui_multi_action: [757,127,758,1]
07-21 07:09:58.994   520  1383 I sysui_multi_action: [757,804,799,note_load,801,1,802,1]
07-21 07:09:58.994   520  1383 I notification_panel_revealed: 1
07-21 07:09:58.995   520 14919 I sysui_multi_action: [757,127,758,1]
07-21 07:09:58.995   520 14919 I sysui_multi_action: [757,804,799,note_load,801,1,802,1]
07-21 07:09:58.995   520 14919 I notification_panel_revealed: 1
