07-21 07:08:55.924   520   578 I am_wtf  : [0,520,system_server,-1,NetworkStats,Failed to parse network stats]
07-21 07:08:55.926   520 14919 I wm_resume_activity: [0,103423342,519,com.semidrive.multidisplay/.DialogActivity]
07-21 07:08:55.928   520   578 I am_wtf  : [0,520,system_server,-1,NetworkStats,Failed to parse network stats]
07-21 07:08:55.935   520   571 I sysui_multi_action: [757,803,799,window_time_0,802,7]
07-21 07:08:55.937   520   578 I am_wtf  : [0,520,system_server,-1,NetworkStats,Failed to parse network stats]
07-21 07:08:55.938   520   578 I am_wtf  : [0,520,system_server,-1,NetworkStats,Failed to parse network stats]
07-21 07:08:55.942   520   578 I am_wtf  : [0,520,system_server,-1,NetworkStats,Failed to parse network stats]
07-21 07:08:55.946   520   578 I am_wtf  : [0,520,system_server,-1,NetworkStats,Failed to parse network stats]
07-21 07:08:55.952  1553  1553 I wm_on_restart_called: [103423342,com.semidrive.multidisplay.DialogActivity,performRestartActivity]
07-21 07:08:55.953  1553  1553 I wm_on_start_called: [103423342,com.semidrive.multidisplay.DialogActivity,handleStartActivity]
07-21 07:08:55.953  1553  1553 I wm_on_resume_called: [103423342,com.semidrive.multidisplay.DialogActivity,RESUME_ACTIVITY]
07-21 07:08:55.953  1553  1553 I wm_on_top_resumed_gained_called: [103423342,com.semidrive.multidisplay.DialogActivity,topWhenResuming]
07-21 07:08:55.954   520   578 I am_wtf  : [0,520,system_server,-1,NetworkStats,Failed to parse network stats]
07-21 07:08:55.958   520   578 I am_wtf  : [0,520,system_server,-1,NetworkStats,Failed to parse network stats]
07-21 07:08:55.962   520   578 I am_wtf  : [0,520,system_server,-1,NetworkStats,Failed to parse network stats]
07-21 07:08:55.967   520   578 I am_wtf  : [0,520,system_server,-1,NetworkStats,Failed to parse network stats]
07-21 07:08:55.974   520   578 I am_wtf  : [0,520,system_server,-1,NetworkStats,Failed to parse network stats]
07-21 07:08:55.978   520   578 I am_wtf  : [0,520,system_server,-1,NetworkStats,Failed to parse network stats]
07-21 07:08:55.983   520   568 I sysui_multi_action: [319,71,322,51,325,5105,757,761,758,9,759,2,806,com.semidrive.multidisplay,871,com.semidrive.multidisplay.DialogActivity,905,0,1320,4,1321,1]
07-21 07:08:56.946   520   578 I am_wtf  : [0,520,system_server,-1,NetworkStats,Failed to parse network stats]
07-21 07:08:56.949   520   578 I am_wtf  : [0,520,system_server,-1,NetworkStats,Failed to parse network stats]
07-21 07:08:56.951   520   578 I am_wtf  : [0,520,system_server,-1,NetworkStats,Failed to parse network stats]
07-21 07:08:56.955   520   578 I am_wtf  : [0,520,system_server,-1,NetworkStats,Failed to parse network stats]
07-21 07:08:56.959   520   578 I am_wtf  : [0,520,system_server,-1,NetworkStats,Failed to parse network stats]
07-21 07:08:56.961   520   578 I am_wtf  : [0,520,system_server,-1,NetworkStats,Failed to parse network stats]
07-21 07:08:56.964   520   578 I am_wtf  : [0,520,system_server,-1,NetworkStats,Failed to parse network stats]
07-21 07:08:56.966   520   578 I am_wtf  : [0,520,system_server,-1,NetworkStats,Failed to parse network stats]
07-21 07:08:56.969   520   578 I am_wtf  : [0,520,system_server,-1,NetworkStats,Failed to parse network stats]
07-21 07:08:56.971   520   578 I am_wtf  : [0,520,system_server,-1,NetworkStats,Failed to parse network stats]
07-21 07:08:56.974   520   578 I am_wtf  : [0,520,system_server,-1,NetworkStats,Failed to parse network stats]
07-21 07:08:56.977   520   578 I am_wtf  : [0,520,system_server,-1,NetworkStats,Failed to parse network stats]
07-21 07:08:56.980   520   578 I am_wtf  : [0,520,system_server,-1,NetworkStats,Failed to parse network stats]
07-21 07:08:56.982   520   578 I am_wtf  : [0,520,system_server,-1,NetworkStats,Failed to parse network stats]
07-21 07:08:56.985   520   578 I am_wtf  : [0,520,system_server,-1,NetworkStats,Failed to parse network stats]
07-21 07:08:57.956   520   578 I am_wtf  : [0,520,system_server,-1,NetworkStats,Failed to parse network stats]
07-21 07:08:57.960   520   578 I am_wtf  : [0,520,system_server,-1,NetworkStats,Failed to parse network stats]
07-21 07:08:57.964   520   578 I am_wtf  : [0,520,system_server,-1,NetworkStats,Failed to parse network stats]
07-21 07:08:57.968   520   578 I am_wtf  : [0,520,system_server,-1,NetworkStats,Failed to parse network stats]
07-21 07:08:57.970   520   578 I am_wtf  : [0,520,system_server,-1,NetworkStats,Failed to parse network stats]
07-21 07:08:57.973   520   578 I am_wtf  : [0,520,system_server,-1,NetworkStats,Failed to parse network stats]
07-21 07:08:57.976   520   578 I am_wtf  : [0,520,system_server,-1,NetworkStats,Failed to parse network stats]
07-21 07:08:57.979   520   578 I am_wtf  : [0,520,system_server,-1,NetworkStats,Failed to parse network stats]
07-21 07:08:57.982   520   578 I am_wtf  : [0,520,system_server,-1,NetworkStats,Failed to parse network stats]
07-21 07:08:57.985   520   578 I am_wtf  : [0,520,system_server,-1,NetworkStats,Failed to parse network stats]
07-21 07:08:57.987   520   578 I am_wtf  : [0,520,system_server,-1,NetworkStats,Failed to parse network stats]
07-21 07:08:57.991   520   578 I am_wtf  : [0,520,system_server,-1,NetworkStats,Failed to parse network stats]
07-21 07:08:57.994   520   578 I am_wtf  : [0,520,system_server,-1,NetworkStats,Failed to parse network stats]
07-21 07:08:57.997   520   578 I am_wtf  : [0,520,system_server,-1,NetworkStats,Failed to parse network stats]
07-21 07:08:58.000   520   578 I am_wtf  : [0,520,system_server,-1,NetworkStats,Failed to parse network stats]
07-21 07:08:58.994   520  1383 I service_manager_stats: [154,39,5137]
07-21 07:08:58.995   520   578 I am_wtf  : [0,520,system_server,-1,NetworkStats,Failed to parse network stats]
07-21 07:08:58.998   520   578 I am_wtf  : [0,520,system_server,-1,NetworkStats,Failed to parse network stats]
07-21 07:08:59.001   520   578 I am_wtf  : [0,520,system_server,-1,NetworkStats,Failed to parse network stats]
07-21 07:08:59.005   520   578 I am_wtf  : [0,520,system_server,-1,NetworkStats,Failed to parse network stats]
07-21 07:08:59.009   520   578 I am_wtf  : [0,520,system_server,-1,NetworkStats,Failed to parse network stats]
07-21 07:08:59.012   520   578 I am_wtf  : [0,520,system_server,-1,NetworkStats,Failed to parse network stats]
07-21 07:08:59.015   520   578 I am_wtf  : [0,520,system_server,-1,NetworkStats,Failed to parse network stats]
07-21 07:08:59.018   520   578 I am_wtf  : [0,520,system_server,-1,NetworkStats,Failed to parse network stats]
07-21 07:08:59.021   520   578 I am_wtf  : [0,520,system_server,-1,NetworkStats,Failed to parse network stats]
07-21 07:08:59.024   520   578 I am_wtf  : [0,520,system_server,-1,NetworkStats,Failed to parse network stats]
07-21 07:08:59.026   520   578 I am_wtf  : [0,520,system_server,-1,NetworkStats,Failed to parse network stats]
07-21 07:08:59.029   520   578 I am_wtf  : [0,520,system_server,-1,NetworkStats,Failed to parse network stats]
07-21 07:08:59.032   520   578 I am_wtf  : [0,520,system_server,-1,NetworkStats,Failed to parse network stats]
07-21 07:08:59.035   520   578 I am_wtf  : [0,520,system_server,-1,NetworkStats,Failed to parse network stats]
07-21 07:08:59.040   520   578 I am_wtf  : [0,520,system_server,-1,NetworkStats,Failed to parse network stats]
07-21 07:09:00.030   520   578 I am_wtf  : [0,520,system_server,-1,NetworkStats,Failed to parse network stats]
07-21 07:09:00.033   520   578 I am_wtf  : [0,520,system_server,-1,NetworkStats,Failed to parse network stats]
07-21 07:09:00.036   520   578 I am_wtf  : [0,520,system_server,-1,NetworkStats,Failed to parse network stats]
07-21 07:09:00.039   520   578 I am_wtf  : [0,520,system_server,-1,NetworkStats,Failed to parse network stats]
07-21 07:09:00.043   520   578 I am_wtf  : [0,520,system_server,-1,NetworkStats,Failed to parse network stats]
07-21 07:09:00.045   520   578 I am_wtf  : [0,520,system_server,-1,NetworkStats,Failed to parse network stats]
07-21 07:09:00.048   520   578 I am_wtf  : [0,520,system_server,-1,NetworkStats,Failed to parse network stats]
07-21 07:09:00.051   520   578 I am_wtf  : [0,520,system_server,-1,NetworkStats,Failed to parse network stats]
07-21 07:09:00.054   520   578 I am_wtf  : [0,520,system_server,-1,NetworkStats,Failed to parse network stats]
07-21 07:09:00.057   520   578 I am_wtf  : [0,520,system_server,-1,NetworkStats,Failed to parse network stats]
07-21 07:09:00.059   520   578 I am_wtf  : [0,520,system_server,-1,NetworkStats,Failed to parse network stats]
07-21 07:09:00.062   520   578 I am_wtf  : [0,520,system_server,-1,NetworkStats,Failed to parse network stats]
07-21 07:09:00.064   520   578 I am_wtf  : [0,520,system_server,-1,NetworkStats,Failed to parse network stats]
07-21 07:09:00.067   520   578 I am_wtf  : [0,520,system_server,-1,NetworkStats,Failed to parse network stats]
07-21 07:09:00.070   520   578 I am_wtf  : [0,520,system_server,-1,NetworkStats,Failed to parse network stats]
07-21 07:09:01.033   520   578 I am_wtf  : [0,520,system_server,-1,NetworkStats,Failed to parse network stats]
07-21 07:09:01.036   520   578 I am_wtf  : [0,520,system_server,-1,NetworkStats,Failed to parse network stats]
07-21 07:09:01.039   520   578 I am_wtf  : [0,520,system_server,-1,NetworkStats,Failed to parse network stats]
07-21 07:09:01.043   520   578 I am_wtf  : [0,520,system_server,-1,NetworkStats,Failed to parse network stats]
07-21 07:09:01.045   520   578 I am_wtf  : [0,520,system_server,-1,NetworkStats,Failed to parse network stats]
07-21 07:09:01.048   520   578 I am_wtf  : [0,520,system_server,-1,NetworkStats,Failed to parse network stats]
07-21 07:09:01.051   520   578 I am_wtf  : [0,520,system_server,-1,NetworkStats,Failed to parse network stats]
07-21 07:09:01.054   520   578 I am_wtf  : [0,520,system_server,-1,NetworkStats,Failed to parse network stats]
07-21 07:09:01.057   520   578 I am_wtf  : [0,520,system_server,-1,NetworkStats,Failed to parse network stats]
07-21 07:09:01.059   520   578 I am_wtf  : [0,520,system_server,-1,NetworkStats,Failed to parse network stats]
07-21 07:09:01.062   520   578 I am_wtf  : [0,520,system_server,-1,NetworkStats,Failed to parse network stats]
07-21 07:09:01.065   520   578 I am_wtf  : [0,520,system_server,-1,NetworkStats,Failed to parse network stats]
07-21 07:09:01.068   520   578 I am_wtf  : [0,520,system_server,-1,NetworkStats,Failed to parse network stats]
07-21 07:09:01.073   520   578 I am_wtf  : [0,520,system_server,-1,NetworkStats,Failed to parse network stats]
07-21 07:09:01.076   520   578 I am_wtf  : [0,520,system_server,-1,NetworkStats,Failed to parse network stats]
07-21 07:09:02.031   520 14932 I wm_task_created: [541,-1]
07-21 07:09:02.034   520 14932 I wm_task_moved: [541,1,18]
07-21 07:09:02.034   520 14932 I wm_task_to_front: [0,541]
07-21 07:09:02.035   520 14932 I wm_create_task: [0,541]
07-21 07:09:02.035   520 14932 I wm_create_activity: [0,181324444,541,com.android.car.developeroptions/com.android.settings.development.DevelopmentSettingsDisabledActivity,android.settings.APPLICATION_DEVELOPMENT_SETTINGS,NULL,NULL,276856832]
07-21 07:09:02.035   520 14932 I wm_task_moved: [541,1,18]
07-21 07:09:02.035  1553  1553 I wm_on_top_resumed_lost_called: [103423342,com.semidrive.multidisplay.DialogActivity,topStateChangedWhenResumed]
07-21 07:09:02.037   520 14932 I wm_pause_activity: [0,103423342,com.semidrive.multidisplay/.DialogActivity,userLeaving=true,pauseBackTasks]
07-21 07:09:02.041   520 14932 I sysui_multi_action: [757,128,758,4,793,5070162,794,40844,795,5070162,796,26,798,-1,806,android,857,DEVELOPER_IMPORTANT,858,4,947,0,1395,-1,1500,5069960,1688,1]
07-21 07:09:02.042   520 14932 I notification_clicked: [-1|android|26|null|1000,5070162,5070162,40844,-1,-1]
07-21 07:09:02.042  1553  1553 I wm_on_paused_called: [103423342,com.semidrive.multidisplay.DialogActivity,performPause]
07-21 07:09:02.043   520   520 I sysui_multi_action: [757,804,799,note_click_longevity,801,84,802,1]
07-21 07:09:02.047   520 14949 I wm_restart_activity: [0,181324444,541,com.android.car.developeroptions/com.android.settings.development.DevelopmentSettingsDisabledActivity]
07-21 07:09:02.048   520 14949 I wm_set_resumed_activity: [0,com.android.car.developeroptions/com.android.settings.development.DevelopmentSettingsDisabledActivity,minimalResumeActivityLocked]
07-21 07:09:02.063   520   571 I sysui_multi_action: [757,803,799,window_time_0,802,6]
07-21 07:09:02.064   520 14932 I wm_finish_activity: [0,181324444,541,com.android.car.developeroptions/com.android.settings.development.DevelopmentSettingsDisabledActivity,app-request]
07-21 07:09:02.065   520 14932 I wm_task_moved: [519,1,18]
07-21 07:09:02.065   520 14932 I wm_task_to_front: [0,519]
07-21 07:09:02.066   520 14932 I wm_focused_root_task: [0,0,519,541,finish-top adjustFocusToNextFocusableTask]
07-21 07:09:02.066   520 14932 I wm_pause_activity: [0,181324444,com.android.car.developeroptions/com.android.settings.development.DevelopmentSettingsDisabledActivity,userLeaving=false,finish]
07-21 07:09:02.070  2576  2576 I wm_on_create_called: [181324444,com.android.settings.development.DevelopmentSettingsDisabledActivity,performCreate]
07-21 07:09:02.071   520   571 I sysui_multi_action: [757,1144,758,8,806,com.android.car.developeroptions,871,com.android.settings.development.DevelopmentSettingsDisabledActivity]
07-21 07:09:02.073   520   578 I am_wtf  : [0,520,system_server,-1,NetworkStats,Failed to parse network stats]
07-21 07:09:02.079   520  1383 I wm_set_resumed_activity: [0,com.semidrive.multidisplay/.DialogActivity,resumeTopActivityInnerLocked]
07-21 07:09:02.081   520   578 I am_wtf  : [0,520,system_server,-1,NetworkStats,Failed to parse network stats]
07-21 07:09:02.082   520  1383 I wm_resume_activity: [0,103423342,519,com.semidrive.multidisplay/.DialogActivity]
07-21 07:09:02.083  1553  1553 I wm_on_resume_called: [103423342,com.semidrive.multidisplay.DialogActivity,RESUME_ACTIVITY]
07-21 07:09:02.083  1553  1553 I wm_on_top_resumed_gained_called: [103423342,com.semidrive.multidisplay.DialogActivity,topWhenResuming]
07-21 07:09:02.089   520   578 I am_wtf  : [0,520,system_server,-1,NetworkStats,Failed to parse network stats]
07-21 07:09:02.095   520  2089 I dvm_lock_sample: [system_server,1,Binder:520_B,15,WindowManagerService.java,2222,int com.android.server.wm.WindowManagerService.relayoutWindow(com.android.server.wm.Session, android.view.IWindow, android.view.WindowManager$LayoutParams, int, int, int, int, long, android.window.ClientWindowFrames, android.util.MergedConfiguration, android.view.SurfaceControl, android.view.InsetsState, android.view.InsetsSourceControl[], android.graphics.Point),,0,null,3]
07-21 07:09:02.095   520   578 I am_wtf  : [0,520,system_server,-1,NetworkStats,Failed to parse network stats]
07-21 07:09:02.103   520   578 I am_wtf  : [0,520,system_server,-1,NetworkStats,Failed to parse network stats]
07-21 07:09:02.104   520 14919 I wm_destroy_activity: [0,181324444,541,com.android.car.developeroptions/com.android.settings.development.DevelopmentSettingsDisabledActivity,finish-idle]
07-21 07:09:02.105  2576  2576 I wm_on_destroy_called: [181324444,com.android.settings.development.DevelopmentSettingsDisabledActivity,performDestroy]
07-21 07:09:02.107   520   571 I sysui_multi_action: [757,803,799,window_time_0,802,0]
07-21 07:09:02.108   520 14919 I wm_task_removed: [541,removeChild:removeChild last r=ActivityRecord{aceca9c u0 com.android.car.developeroptions/com.android.settings.development.DevelopmentSettingsDisabledActivity t-1 f}} in t=Task{e2d3246 #541 type=standard A=1000:com.android.car.developeroptions U=0 visible=false mode=fullscreen translucent=true sz=0}]
07-21 07:09:02.108   520 14919 I wm_task_removed: [541,removeChild]
07-21 07:09:02.118   520   578 I am_wtf  : [0,520,system_server,-1,NetworkStats,Failed to parse network stats]
07-21 07:09:02.125   520   578 I am_wtf  : [0,520,system_server,-1,NetworkStats,Failed to parse network stats]
07-21 07:09:02.133   520   578 I am_wtf  : [0,520,system_server,-1,NetworkStats,Failed to parse network stats]
07-21 07:09:02.135   520   577 I am_pss  : [1762,10016,com.android.externalstorage,14854144,12177408,0,94519296,0,19,11]
07-21 07:09:02.139   520   578 I am_wtf  : [0,520,system_server,-1,NetworkStats,Failed to parse network stats]
07-21 07:09:02.144   520   578 I am_wtf  : [0,520,system_server,-1,NetworkStats,Failed to parse network stats]
07-21 07:09:02.149   520   578 I am_wtf  : [0,520,system_server,-1,NetworkStats,Failed to parse network stats]
07-21 07:09:02.159   520   578 I am_wtf  : [0,520,system_server,-1,NetworkStats,Failed to parse network stats]
07-21 07:09:02.167   520   578 I am_wtf  : [0,520,system_server,-1,NetworkStats,Failed to parse network stats]
07-21 07:09:02.173   520   578 I am_wtf  : [0,520,system_server,-1,NetworkStats,Failed to parse network stats]
07-21 07:09:02.182   520   578 I am_wtf  : [0,520,system_server,-1,NetworkStats,Failed to parse network stats]
07-21 07:09:03.103   520   578 I am_wtf  : [0,520,system_server,-1,NetworkStats,Failed to parse network stats]
07-21 07:09:03.107   520   578 I am_wtf  : [0,520,system_server,-1,NetworkStats,Failed to parse network stats]
07-21 07:09:03.111   520   578 I am_wtf  : [0,520,system_server,-1,NetworkStats,Failed to parse network stats]
07-21 07:09:03.116   520   578 I am_wtf  : [0,520,system_server,-1,NetworkStats,Failed to parse network stats]
07-21 07:09:03.121   520   578 I am_wtf  : [0,520,system_server,-1,NetworkStats,Failed to parse network stats]
07-21 07:09:03.125   520   578 I am_wtf  : [0,520,system_server,-1,NetworkStats,Failed to parse network stats]
07-21 07:09:03.129   520   578 I am_wtf  : [0,520,system_server,-1,NetworkStats,Failed to parse network stats]
07-21 07:09:03.132   520   578 I am_wtf  : [0,520,system_server,-1,NetworkStats,Failed to parse network stats]
07-21 07:09:03.135   520   578 I am_wtf  : [0,520,system_server,-1,NetworkStats,Failed to parse network stats]
07-21 07:09:03.138   520   578 I am_wtf  : [0,520,system_server,-1,NetworkStats,Failed to parse network stats]
07-21 07:09:03.141   520   578 I am_wtf  : [0,520,system_server,-1,NetworkStats,Failed to parse network stats]
07-21 07:09:03.144   520   578 I am_wtf  : [0,520,system_server,-1,NetworkStats,Failed to parse network stats]
07-21 07:09:03.146   520   578 I am_wtf  : [0,520,system_server,-1,NetworkStats,Failed to parse network stats]
07-21 07:09:03.149   520   578 I am_wtf  : [0,520,system_server,-1,NetworkStats,Failed to parse network stats]
07-21 07:09:03.151   520   578 I am_wtf  : [0,520,system_server,-1,NetworkStats,Failed to parse network stats]
07-21 07:09:03.686   520  1383 I wm_task_created: [542,-1]
07-21 07:09:03.688   520  1383 I wm_task_moved: [542,1,18]
07-21 07:09:03.688   520  1383 I wm_task_to_front: [0,542]
07-21 07:09:03.689   520  1383 I wm_create_task: [0,542]
07-21 07:09:03.689   520  1383 I wm_create_activity: [0,65052781,542,com.android.car.developeroptions/com.android.settings.development.DevelopmentSettingsDisabledActivity,android.settings.APPLICATION_DEVELOPMENT_SETTINGS,NULL,NULL,276856832]
07-21 07:09:03.689   520  1383 I wm_task_moved: [542,1,18]
07-21 07:09:03.689  1553  1553 I wm_on_top_resumed_lost_called: [103423342,com.semidrive.multidisplay.DialogActivity,topStateChangedWhenResumed]
07-21 07:09:03.690   520  1383 I wm_pause_activity: [0,103423342,com.semidrive.multidisplay/.DialogActivity,userLeaving=true,pauseBackTasks]
07-21 07:09:03.693   520  1383 I sysui_multi_action: [757,128,758,4,793,5071814,794,42496,795,5071814,796,26,798,-1,806,android,857,DEVELOPER_IMPORTANT,858,4,947,0,1395,-1,1500,5071612,1688,1]
07-21 07:09:03.693   520  1383 I notification_clicked: [-1|android|26|null|1000,5071814,5071814,42496,-1,-1]
07-21 07:09:03.693  1553  1553 I wm_on_paused_called: [103423342,com.semidrive.multidisplay.DialogActivity,performPause]
07-21 07:09:03.694   520   520 I sysui_multi_action: [757,804,799,note_click_longevity,801,84,802,1]
07-21 07:09:03.695   520  1383 I wm_restart_activity: [0,65052781,542,com.android.car.developeroptions/com.android.settings.development.DevelopmentSettingsDisabledActivity]
07-21 07:09:03.696   520  1383 I wm_set_resumed_activity: [0,com.android.car.developeroptions/com.android.settings.development.DevelopmentSettingsDisabledActivity,minimalResumeActivityLocked]
07-21 07:09:03.709   520   571 I sysui_multi_action: [757,803,799,window_time_0,802,2]
07-21 07:09:03.712   520  1052 I wm_finish_activity: [0,65052781,542,com.android.car.developeroptions/com.android.settings.development.DevelopmentSettingsDisabledActivity,app-request]
07-21 07:09:03.712   520  1052 I wm_task_moved: [519,1,18]
07-21 07:09:03.712   520  1052 I wm_task_to_front: [0,519]
07-21 07:09:03.713   520  1052 I wm_focused_root_task: [0,0,519,542,finish-top adjustFocusToNextFocusableTask]
07-21 07:09:03.713   520  1052 I wm_pause_activity: [0,65052781,com.android.car.developeroptions/com.android.settings.development.DevelopmentSettingsDisabledActivity,userLeaving=false,finish]
07-21 07:09:03.715  2576  2576 I wm_on_create_called: [65052781,com.android.settings.development.DevelopmentSettingsDisabledActivity,performCreate]
07-21 07:09:03.716   520   571 I sysui_multi_action: [757,1144,758,8,806,com.android.car.developeroptions,871,com.android.settings.development.DevelopmentSettingsDisabledActivity]
07-21 07:09:03.723   520 22643 I wm_set_resumed_activity: [0,com.semidrive.multidisplay/.DialogActivity,resumeTopActivityInnerLocked]
07-21 07:09:03.725   520 22643 I wm_resume_activity: [0,103423342,519,com.semidrive.multidisplay/.DialogActivity]
07-21 07:09:03.725  1553  1553 I wm_on_resume_called: [103423342,com.semidrive.multidisplay.DialogActivity,RESUME_ACTIVITY]
07-21 07:09:03.725  1553  1553 I wm_on_top_resumed_gained_called: [103423342,com.semidrive.multidisplay.DialogActivity,topWhenResuming]
07-21 07:09:03.734   520 22643 I wm_destroy_activity: [0,65052781,542,com.android.car.developeroptions/com.android.settings.development.DevelopmentSettingsDisabledActivity,finish-idle]
07-21 07:09:03.734  2576  2576 I wm_on_destroy_called: [65052781,com.android.settings.development.DevelopmentSettingsDisabledActivity,performDestroy]
07-21 07:09:03.734   520   571 I sysui_multi_action: [757,803,799,window_time_0,802,0]
07-21 07:09:03.739   520 22643 I wm_task_removed: [542,removeChild:removeChild last r=ActivityRecord{3e0a06d u0 com.android.car.developeroptions/com.android.settings.development.DevelopmentSettingsDisabledActivity t-1 f}} in t=Task{2cc318f #542 type=standard A=1000:com.android.car.developeroptions U=0 visible=false mode=fullscreen translucent=true sz=0}]
07-21 07:09:03.739   520 22643 I wm_task_removed: [542,removeChild]
07-21 07:09:04.084   520  1383 I wm_new_intent: [0,30949070,515,com.android.camera2/com.android.camera.CameraLauncher,NULL,NULL,NULL,268435456]
07-21 07:09:04.085   520  1383 I wm_task_moved: [515,1,2]
07-21 07:09:04.085  1553  1553 I wm_on_top_resumed_lost_called: [103423342,com.semidrive.multidisplay.DialogActivity,topStateChangedWhenResumed]
07-21 07:09:04.085   520  1383 I wm_set_resumed_activity: [0,com.android.camera2/com.android.camera.CameraLauncher,positionChildAt]
07-21 07:09:04.128   520 22643 I service_manager_stats: [154,43,5134]
07-21 07:09:04.129   520   578 I am_wtf  : [0,520,system_server,-1,NetworkStats,Failed to parse network stats]
07-21 07:09:04.132   520   578 I am_wtf  : [0,520,system_server,-1,NetworkStats,Failed to parse network stats]
07-21 07:09:04.135   520   578 I am_wtf  : [0,520,system_server,-1,NetworkStats,Failed to parse network stats]
07-21 07:09:04.138   520   578 I am_wtf  : [0,520,system_server,-1,NetworkStats,Failed to parse network stats]
07-21 07:09:04.141   520   578 I am_wtf  : [0,520,system_server,-1,NetworkStats,Failed to parse network stats]
07-21 07:09:04.144   520   578 I am_wtf  : [0,520,system_server,-1,NetworkStats,Failed to parse network stats]
07-21 07:09:04.146   520   578 I am_wtf  : [0,520,system_server,-1,NetworkStats,Failed to parse network stats]
07-21 07:09:04.149   520   578 I am_wtf  : [0,520,system_server,-1,NetworkStats,Failed to parse network stats]
07-21 07:09:04.152   520   578 I am_wtf  : [0,520,system_server,-1,NetworkStats,Failed to parse network stats]
07-21 07:09:04.154   520   578 I am_wtf  : [0,520,system_server,-1,NetworkStats,Failed to parse network stats]
07-21 07:09:04.157   520   578 I am_wtf  : [0,520,system_server,-1,NetworkStats,Failed to parse network stats]
07-21 07:09:04.160   520   578 I am_wtf  : [0,520,system_server,-1,NetworkStats,Failed to parse network stats]
07-21 07:09:04.163   520   578 I am_wtf  : [0,520,system_server,-1,NetworkStats,Failed to parse network stats]
07-21 07:09:04.165   520   578 I am_wtf  : [0,520,system_server,-1,NetworkStats,Failed to parse network stats]
07-21 07:09:04.168   520   578 I am_wtf  : [0,520,system_server,-1,NetworkStats,Failed to parse network stats]
07-21 07:09:04.310   520   645 I input_interaction: Interaction with: 8724b33 com.android.camera2/com.android.camera.CameraLauncher (server), PointerEventDispatcher1 (server), 
07-21 07:09:04.668   417   417 I auditd  : type=1400 audit(0.0:1114): avc: denied { ioctl } for comm="Binder:417_4" path="/dev/dri/renderD128" dev="tmpfs" ino=755 ioctlcmd=0x6440 scontext=u:r:cameraserver:s0 tcontext=u:object_r:gpu_device:s0 tclass=chr_file permissive=1
07-21 07:09:04.668   321   321 I auditd  : type=1400 audit(0.0:1115): avc: denied { ioctl } for comm="HwBinder:321_4" path="/dev/dri/renderD128" dev="tmpfs" ino=755 ioctlcmd=0x6440 scontext=u:r:hal_camera_default:s0 tcontext=u:object_r:gpu_device:s0 tclass=chr_file permissive=1
07-21 07:09:04.676  3153  3153 I wm_on_paused_called: [30949070,com.android.camera.CameraLauncher,performPause]
07-21 07:09:05.167   520   578 I am_wtf  : [0,520,system_server,-1,NetworkStats,Failed to parse network stats]
07-21 07:09:05.170   520   578 I am_wtf  : [0,520,system_server,-1,NetworkStats,Failed to parse network stats]
07-21 07:09:05.173   520   578 I am_wtf  : [0,520,system_server,-1,NetworkStats,Failed to parse network stats]
07-21 07:09:05.175   520   578 I am_wtf  : [0,520,system_server,-1,NetworkStats,Failed to parse network stats]
07-21 07:09:05.178   520   578 I am_wtf  : [0,520,system_server,-1,NetworkStats,Failed to parse network stats]
07-21 07:09:05.181   520   578 I am_wtf  : [0,520,system_server,-1,NetworkStats,Failed to parse network stats]
07-21 07:09:05.184   520   578 I am_wtf  : [0,520,system_server,-1,NetworkStats,Failed to parse network stats]
07-21 07:09:05.186   520   578 I am_wtf  : [0,520,system_server,-1,NetworkStats,Failed to parse network stats]
07-21 07:09:05.190   520   578 I am_wtf  : [0,520,system_server,-1,NetworkStats,Failed to parse network stats]
07-21 07:09:05.193   520   578 I am_wtf  : [0,520,system_server,-1,NetworkStats,Failed to parse network stats]
07-21 07:09:05.196   520   578 I am_wtf  : [0,520,system_server,-1,NetworkStats,Failed to parse network stats]
07-21 07:09:05.198   520   578 I am_wtf  : [0,520,system_server,-1,NetworkStats,Failed to parse network stats]
07-21 07:09:05.201   520   578 I am_wtf  : [0,520,system_server,-1,NetworkStats,Failed to parse network stats]
07-21 07:09:05.205   520   578 I am_wtf  : [0,520,system_server,-1,NetworkStats,Failed to parse network stats]
07-21 07:09:05.208   520   578 I am_wtf  : [0,520,system_server,-1,NetworkStats,Failed to parse network stats]
07-21 07:09:05.428   427   427 I auditd  : type=1400 audit(0.0:1116): avc: denied { read } for comm="storaged" name="stat" dev="sysfs" ino=28336 scontext=u:r:storaged:s0 tcontext=u:object_r:sysfs:s0 tclass=file permissive=1
07-21 07:09:05.428   427   427 I auditd  : type=1400 audit(0.0:1117): avc: denied { open } for comm="storaged" path="/sys/devices/platform/soc/34180000.sdhci/mmc_host/mmc0/mmc0:0001/block/mmcblk0/stat" dev="sysfs" ino=28336 scontext=u:r:storaged:s0 tcontext=u:object_r:sysfs:s0 tclass=file permissive=1
07-21 07:09:05.428   427   427 I auditd  : type=1400 audit(0.0:1118): avc: denied { getattr } for comm="storaged" path="/sys/devices/platform/soc/34180000.sdhci/mmc_host/mmc0/mmc0:0001/block/mmcblk0/stat" dev="sysfs" ino=28336 scontext=u:r:storaged:s0 tcontext=u:object_r:sysfs:s0 tclass=file permissive=1
07-21 07:09:05.691  3153  3153 I wm_on_resume_called: [30949070,com.android.camera.CameraLauncher,LIFECYCLER_RESUME_ACTIVITY]
07-21 07:09:05.691  3153  3153 I wm_on_top_resumed_gained_called: [30949070,com.android.camera.CameraLauncher,topStateChangedWhenResumed]
07-21 07:09:06.097   520   645 I input_interaction: Interaction with: 8871c7c SystemUIOverlayWindow (server), PointerEventDispatcher0 (server), 
07-21 07:09:06.110   520   645 I input_interaction: Interaction with: 8724b33 com.android.camera2/com.android.camera.CameraLauncher (server), PointerEventDispatcher1 (server), 
07-21 07:09:06.188   520   578 I am_wtf  : [0,520,system_server,-1,NetworkStats,Failed to parse network stats]
07-21 07:09:06.191   520   578 I am_wtf  : [0,520,system_server,-1,NetworkStats,Failed to parse network stats]
07-21 07:09:06.193   520   578 I am_wtf  : [0,520,system_server,-1,NetworkStats,Failed to parse network stats]
07-21 07:09:06.196   520   578 I am_wtf  : [0,520,system_server,-1,NetworkStats,Failed to parse network stats]
07-21 07:09:06.199   520   578 I am_wtf  : [0,520,system_server,-1,NetworkStats,Failed to parse network stats]
07-21 07:09:06.203   520   578 I am_wtf  : [0,520,system_server,-1,NetworkStats,Failed to parse network stats]
07-21 07:09:06.205   520   578 I am_wtf  : [0,520,system_server,-1,NetworkStats,Failed to parse network stats]
07-21 07:09:06.209   520   578 I am_wtf  : [0,520,system_server,-1,NetworkStats,Failed to parse network stats]
07-21 07:09:06.211   520   578 I am_wtf  : [0,520,system_server,-1,NetworkStats,Failed to parse network stats]
07-21 07:09:06.213   520   578 I am_wtf  : [0,520,system_server,-1,NetworkStats,Failed to parse network stats]
07-21 07:09:06.216   520   578 I am_wtf  : [0,520,system_server,-1,NetworkStats,Failed to parse network stats]
07-21 07:09:06.218   520   578 I am_wtf  : [0,520,system_server,-1,NetworkStats,Failed to parse network stats]
07-21 07:09:06.221   520   578 I am_wtf  : [0,520,system_server,-1,NetworkStats,Failed to parse network stats]
07-21 07:09:06.223   520   578 I am_wtf  : [0,520,system_server,-1,NetworkStats,Failed to parse network stats]
07-21 07:09:06.226   520   578 I am_wtf  : [0,520,system_server,-1,NetworkStats,Failed to parse network stats]
07-21 07:09:06.355   520   572 I input_focus: [Focus request f57caef PopupWindow:656632b,reason=UpdateInputWindows]
07-21 07:09:06.379   520   645 I input_focus: [Focus leaving 8724b33 com.android.camera2/com.android.camera.CameraLauncher (server),reason=setFocusedWindow]
07-21 07:09:06.379   520   645 I input_focus: [Focus entering f57caef PopupWindow:656632b (server),reason=setFocusedWindow]
07-21 07:09:06.516   520   645 I input_interaction: Interaction with: f57caef PopupWindow:656632b (server), PointerEventDispatcher1 (server), 
07-21 07:09:06.550   520   572 I input_focus: [Focus request 8724b33 com.android.camera2/com.android.camera.CameraLauncher,reason=UpdateInputWindows]
07-21 07:09:06.595   520   645 I input_focus: [Focus leaving f57caef PopupWindow:656632b (server),reason=NOT_FOCUSABLE]
07-21 07:09:06.595   520   645 I input_focus: [Focus entering 8724b33 com.android.camera2/com.android.camera.CameraLauncher (server),reason=setFocusedWindow]
07-21 07:09:06.729   520   645 I input_interaction: Interaction with: 8871c7c SystemUIOverlayWindow (server), PointerEventDispatcher0 (server), 
07-21 07:09:06.761  3153  3153 I wm_on_top_resumed_lost_called: [30949070,com.android.camera.CameraLauncher,topStateChangedWhenResumed]
07-21 07:09:06.762  1553  1553 I wm_on_top_resumed_gained_called: [103423342,com.semidrive.multidisplay.DialogActivity,topStateChangedWhenResumed]
07-21 07:09:07.227   520   578 I am_wtf  : [0,520,system_server,-1,NetworkStats,Failed to parse network stats]
07-21 07:09:07.234   520   578 I am_wtf  : [0,520,system_server,-1,NetworkStats,Failed to parse network stats]
07-21 07:09:07.240   520   578 I am_wtf  : [0,520,system_server,-1,NetworkStats,Failed to parse network stats]
07-21 07:09:07.245   520   578 I am_wtf  : [0,520,system_server,-1,NetworkStats,Failed to parse network stats]
07-21 07:09:07.248   520   578 I am_wtf  : [0,520,system_server,-1,NetworkStats,Failed to parse network stats]
07-21 07:09:07.254   520   578 I am_wtf  : [0,520,system_server,-1,NetworkStats,Failed to parse network stats]
07-21 07:09:07.258   520   578 I am_wtf  : [0,520,system_server,-1,NetworkStats,Failed to parse network stats]
07-21 07:09:07.262   520   578 I am_wtf  : [0,520,system_server,-1,NetworkStats,Failed to parse network stats]
07-21 07:09:07.265   520   578 I am_wtf  : [0,520,system_server,-1,NetworkStats,Failed to parse network stats]
07-21 07:09:07.268   520   578 I am_wtf  : [0,520,system_server,-1,NetworkStats,Failed to parse network stats]
07-21 07:09:07.276   520   578 I am_wtf  : [0,520,system_server,-1,NetworkStats,Failed to parse network stats]
07-21 07:09:07.280   520   578 I am_wtf  : [0,520,system_server,-1,NetworkStats,Failed to parse network stats]
07-21 07:09:07.284   520   578 I am_wtf  : [0,520,system_server,-1,NetworkStats,Failed to parse network stats]
07-21 07:09:07.288   520   578 I am_wtf  : [0,520,system_server,-1,NetworkStats,Failed to parse network stats]
07-21 07:09:07.295   520   578 I am_wtf  : [0,520,system_server,-1,NetworkStats,Failed to parse network stats]
07-21 07:09:08.229   520   578 I am_wtf  : [0,520,system_server,-1,NetworkStats,Failed to parse network stats]
07-21 07:09:08.232   520   578 I am_wtf  : [0,520,system_server,-1,NetworkStats,Failed to parse network stats]
07-21 07:09:08.235   520   578 I am_wtf  : [0,520,system_server,-1,NetworkStats,Failed to parse network stats]
07-21 07:09:08.237   520   578 I am_wtf  : [0,520,system_server,-1,NetworkStats,Failed to parse network stats]
07-21 07:09:08.241   520   578 I am_wtf  : [0,520,system_server,-1,NetworkStats,Failed to parse network stats]
07-21 07:09:08.244   520   578 I am_wtf  : [0,520,system_server,-1,NetworkStats,Failed to parse network stats]
07-21 07:09:08.247   520   578 I am_wtf  : [0,520,system_server,-1,NetworkStats,Failed to parse network stats]
07-21 07:09:08.250   520   578 I am_wtf  : [0,520,system_server,-1,NetworkStats,Failed to parse network stats]
07-21 07:09:08.252   520   578 I am_wtf  : [0,520,system_server,-1,NetworkStats,Failed to parse network stats]
07-21 07:09:08.255   520   578 I am_wtf  : [0,520,system_server,-1,NetworkStats,Failed to parse network stats]
07-21 07:09:08.257   520   578 I am_wtf  : [0,520,system_server,-1,NetworkStats,Failed to parse network stats]
07-21 07:09:08.260   520   578 I am_wtf  : [0,520,system_server,-1,NetworkStats,Failed to parse network stats]
07-21 07:09:08.262   520   578 I am_wtf  : [0,520,system_server,-1,NetworkStats,Failed to parse network stats]
07-21 07:09:08.265   520   578 I am_wtf  : [0,520,system_server,-1,NetworkStats,Failed to parse network stats]
07-21 07:09:08.267   520   578 I am_wtf  : [0,520,system_server,-1,NetworkStats,Failed to parse network stats]
07-21 07:09:09.267   520  1383 I service_manager_stats: [152,37,5139]
07-21 07:09:09.268   520   578 I am_wtf  : [0,520,system_server,-1,NetworkStats,Failed to parse network stats]
07-21 07:09:09.271   520   578 I am_wtf  : [0,520,system_server,-1,NetworkStats,Failed to parse network stats]
07-21 07:09:09.273   520   578 I am_wtf  : [0,520,system_server,-1,NetworkStats,Failed to parse network stats]
07-21 07:09:09.278   520   578 I am_wtf  : [0,520,system_server,-1,NetworkStats,Failed to parse network stats]
07-21 07:09:09.281   520   578 I am_wtf  : [0,520,system_server,-1,NetworkStats,Failed to parse network stats]
07-21 07:09:09.284   520   578 I am_wtf  : [0,520,system_server,-1,NetworkStats,Failed to parse network stats]
07-21 07:09:09.287   520   578 I am_wtf  : [0,520,system_server,-1,NetworkStats,Failed to parse network stats]
07-21 07:09:09.289   520   578 I am_wtf  : [0,520,system_server,-1,NetworkStats,Failed to parse network stats]
07-21 07:09:09.292   520   578 I am_wtf  : [0,520,system_server,-1,NetworkStats,Failed to parse network stats]
07-21 07:09:09.295   520   578 I am_wtf  : [0,520,system_server,-1,NetworkStats,Failed to parse network stats]
07-21 07:09:09.299   520   578 I am_wtf  : [0,520,system_server,-1,NetworkStats,Failed to parse network stats]
07-21 07:09:09.302   520   578 I am_wtf  : [0,520,system_server,-1,NetworkStats,Failed to parse network stats]
07-21 07:09:09.304   520   578 I am_wtf  : [0,520,system_server,-1,NetworkStats,Failed to parse network stats]
07-21 07:09:09.307   520   578 I am_wtf  : [0,520,system_server,-1,NetworkStats,Failed to parse network stats]
07-21 07:09:09.310   520   578 I am_wtf  : [0,520,system_server,-1,NetworkStats,Failed to parse network stats]
07-21 07:09:10.269   520   578 I am_wtf  : [0,520,system_server,-1,NetworkStats,Failed to parse network stats]
07-21 07:09:10.273   520   578 I am_wtf  : [0,520,system_server,-1,NetworkStats,Failed to parse network stats]
07-21 07:09:10.276   520   578 I am_wtf  : [0,520,system_server,-1,NetworkStats,Failed to parse network stats]
07-21 07:09:10.279   520   578 I am_wtf  : [0,520,system_server,-1,NetworkStats,Failed to parse network stats]
07-21 07:09:10.282   520   578 I am_wtf  : [0,520,system_server,-1,NetworkStats,Failed to parse network stats]
07-21 07:09:10.284   520   578 I am_wtf  : [0,520,system_server,-1,NetworkStats,Failed to parse network stats]
07-21 07:09:10.287   520   578 I am_wtf  : [0,520,system_server,-1,NetworkStats,Failed to parse network stats]
07-21 07:09:10.290   520   578 I am_wtf  : [0,520,system_server,-1,NetworkStats,Failed to parse network stats]
07-21 07:09:10.294   520   578 I am_wtf  : [0,520,system_server,-1,NetworkStats,Failed to parse network stats]
07-21 07:09:10.297   520   578 I am_wtf  : [0,520,system_server,-1,NetworkStats,Failed to parse network stats]
07-21 07:09:10.300   520   578 I am_wtf  : [0,520,system_server,-1,NetworkStats,Failed to parse network stats]
07-21 07:09:10.303   520   578 I am_wtf  : [0,520,system_server,-1,NetworkStats,Failed to parse network stats]
07-21 07:09:10.306   520   578 I am_wtf  : [0,520,system_server,-1,NetworkStats,Failed to parse network stats]
07-21 07:09:10.310   520   578 I am_wtf  : [0,520,system_server,-1,NetworkStats,Failed to parse network stats]
07-21 07:09:10.313   520   578 I am_wtf  : [0,520,system_server,-1,NetworkStats,Failed to parse network stats]
07-21 07:09:11.288   520   578 I am_wtf  : [0,520,system_server,-1,NetworkStats,Failed to parse network stats]
07-21 07:09:11.291   520   578 I am_wtf  : [0,520,system_server,-1,NetworkStats,Failed to parse network stats]
07-21 07:09:11.295   520   578 I am_wtf  : [0,520,system_server,-1,NetworkStats,Failed to parse network stats]
07-21 07:09:11.297   520   578 I am_wtf  : [0,520,system_server,-1,NetworkStats,Failed to parse network stats]
07-21 07:09:11.301   520   578 I am_wtf  : [0,520,system_server,-1,NetworkStats,Failed to parse network stats]
07-21 07:09:11.304   520   578 I am_wtf  : [0,520,system_server,-1,NetworkStats,Failed to parse network stats]
07-21 07:09:11.307   520   578 I am_wtf  : [0,520,system_server,-1,NetworkStats,Failed to parse network stats]
07-21 07:09:11.311   520   578 I am_wtf  : [0,520,system_server,-1,NetworkStats,Failed to parse network stats]
07-21 07:09:11.313   520   578 I am_wtf  : [0,520,system_server,-1,NetworkStats,Failed to parse network stats]
07-21 07:09:11.316   520   578 I am_wtf  : [0,520,system_server,-1,NetworkStats,Failed to parse network stats]
07-21 07:09:11.319   520   578 I am_wtf  : [0,520,system_server,-1,NetworkStats,Failed to parse network stats]
07-21 07:09:11.323   520   578 I am_wtf  : [0,520,system_server,-1,NetworkStats,Failed to parse network stats]
07-21 07:09:11.326   520   578 I am_wtf  : [0,520,system_server,-1,NetworkStats,Failed to parse network stats]
07-21 07:09:11.329   520   578 I am_wtf  : [0,520,system_server,-1,NetworkStats,Failed to parse network stats]
07-21 07:09:11.331   520   578 I am_wtf  : [0,520,system_server,-1,NetworkStats,Failed to parse network stats]
07-21 07:09:12.321   520   578 I am_wtf  : [0,520,system_server,-1,NetworkStats,Failed to parse network stats]
07-21 07:09:12.325   520   578 I am_wtf  : [0,520,system_server,-1,NetworkStats,Failed to parse network stats]
07-21 07:09:12.330   520   578 I am_wtf  : [0,520,system_server,-1,NetworkStats,Failed to parse network stats]
07-21 07:09:12.333   520   578 I am_wtf  : [0,520,system_server,-1,NetworkStats,Failed to parse network stats]
07-21 07:09:12.337   520   578 I am_wtf  : [0,520,system_server,-1,NetworkStats,Failed to parse network stats]
07-21 07:09:12.339   520   578 I am_wtf  : [0,520,system_server,-1,NetworkStats,Failed to parse network stats]
07-21 07:09:12.342   520   578 I am_wtf  : [0,520,system_server,-1,NetworkStats,Failed to parse network stats]
07-21 07:09:12.345   520   578 I am_wtf  : [0,520,system_server,-1,NetworkStats,Failed to parse network stats]
07-21 07:09:12.348   520   578 I am_wtf  : [0,520,system_server,-1,NetworkStats,Failed to parse network stats]
07-21 07:09:12.352   520   578 I am_wtf  : [0,520,system_server,-1,NetworkStats,Failed to parse network stats]
07-21 07:09:12.355   520   578 I am_wtf  : [0,520,system_server,-1,NetworkStats,Failed to parse network stats]
07-21 07:09:12.360   520   578 I am_wtf  : [0,520,system_server,-1,NetworkStats,Failed to parse network stats]
07-21 07:09:12.362   520   578 I am_wtf  : [0,520,system_server,-1,NetworkStats,Failed to parse network stats]
07-21 07:09:12.367   520   578 I am_wtf  : [0,520,system_server,-1,NetworkStats,Failed to parse network stats]
07-21 07:09:12.372   520   578 I am_wtf  : [0,520,system_server,-1,NetworkStats,Failed to parse network stats]
07-21 07:09:12.672   520 14919 I wm_task_moved: [282,1,17]
07-21 07:09:12.672   520 14919 I wm_task_to_front: [0,282]
07-21 07:09:12.673   520 14919 I wm_focused_root_task: [0,0,282,519,bringingFoundTaskToFront]
07-21 07:09:12.673  1553  1553 I wm_on_top_resumed_lost_called: [103423342,com.semidrive.multidisplay.DialogActivity,topStateChangedWhenResumed]
07-21 07:09:12.673   520 14919 I wm_set_resumed_activity: [0,com.google.android.car.networking.preferenceupdater/.MainActivity,bringingFoundTaskToFront]
07-21 07:09:12.675   520 14919 I wm_pause_activity: [0,103423342,com.semidrive.multidisplay/.DialogActivity,userLeaving=true,pauseBackTasks]
07-21 07:09:12.680  1553  1553 I wm_on_paused_called: [103423342,com.semidrive.multidisplay.DialogActivity,performPause]
07-21 07:09:12.682   520  1383 I wm_set_resumed_activity: [0,com.google.android.car.networking.preferenceupdater/.MainActivity,resumeTopActivityInnerLocked]
07-21 07:09:12.683   520  1383 I wm_add_to_stopping: [0,103423342,com.semidrive.multidisplay/.DialogActivity,makeInvisible]
07-21 07:09:12.683   520  1383 I wm_add_to_stopping: [0,85823357,com.android.car.radio/.RadioActivity,makeInvisible]
07-21 07:09:12.686   520  1383 I wm_resume_activity: [0,139463845,282,com.google.android.car.networking.preferenceupdater/.MainActivity]
07-21 07:09:12.696  2039  2039 I wm_on_restart_called: [139463845,com.google.android.car.networking.preferenceupdater.MainActivity,performRestartActivity]
07-21 07:09:12.698  2039  2039 I wm_on_start_called: [139463845,com.google.android.car.networking.preferenceupdater.MainActivity,handleStartActivity]
07-21 07:09:12.699  2039  2039 I wm_on_resume_called: [139463845,com.google.android.car.networking.preferenceupdater.MainActivity,RESUME_ACTIVITY]
07-21 07:09:12.701  2039  2039 I wm_on_top_resumed_gained_called: [139463845,com.google.android.car.networking.preferenceupdater.MainActivity,topWhenResuming]
07-21 07:09:12.704   520   571 I sysui_multi_action: [757,803,799,window_time_0,802,9]
07-21 07:09:12.782   520   568 I sysui_multi_action: [319,65,321,38,322,105,325,5122,757,761,758,9,759,4,806,com.google.android.car.networking.preferenceupdater,871,com.google.android.car.networking.preferenceupdater.MainActivity,905,0,1320,4,1321,2]
07-21 07:09:13.098   520 14919 I wm_task_moved: [278,1,17]
07-21 07:09:13.098   520 14919 I wm_task_to_front: [0,278]
07-21 07:09:13.100   520 14919 I wm_focused_root_task: [0,0,278,282,bringingFoundTaskToFront]
07-21 07:09:13.100  2039  2039 I wm_on_top_resumed_lost_called: [139463845,com.google.android.car.networking.preferenceupdater.MainActivity,topStateChangedWhenResumed]
07-21 07:09:13.101   520 14919 I wm_set_resumed_activity: [0,com.android.car.dialer/.ui.TelecomActivity,bringingFoundTaskToFront]
07-21 07:09:13.101   520 14919 I wm_new_intent: [0,23172002,278,com.android.car.dialer/.ui.TelecomActivity,android.intent.action.MAIN,NULL,NULL,270532608]
07-21 07:09:13.103   520 14919 I wm_pause_activity: [0,139463845,com.google.android.car.networking.preferenceupdater/.MainActivity,userLeaving=true,pauseBackTasks]
07-21 07:09:13.109  2039  2039 I wm_on_paused_called: [139463845,com.google.android.car.networking.preferenceupdater.MainActivity,performPause]
07-21 07:09:13.114   520  1052 I wm_set_resumed_activity: [0,com.android.car.dialer/.ui.TelecomActivity,resumeTopActivityInnerLocked]
07-21 07:09:13.115   520  1052 I wm_add_to_stopping: [0,139463845,com.google.android.car.networking.preferenceupdater/.MainActivity,makeInvisible]
07-21 07:09:13.121   520  1052 I wm_resume_activity: [0,23172002,278,com.android.car.dialer/.ui.TelecomActivity]
07-21 07:09:13.136   520   571 I am_uid_active: 10007
07-21 07:09:13.139   520   571 I am_uid_active: 10001
07-21 07:09:13.187 14998 14998 I wm_on_restart_called: [23172002,com.android.car.dialer.ui.TelecomActivity,performRestartActivity]
07-21 07:09:13.189   520   571 I sysui_multi_action: [757,803,799,window_time_0,802,0]
07-21 07:09:13.191 14998 14998 I wm_on_start_called: [23172002,com.android.car.dialer.ui.TelecomActivity,handleStartActivity]
07-21 07:09:13.195 14998 14998 I wm_on_resume_called: [23172002,com.android.car.dialer.ui.TelecomActivity,RESUME_ACTIVITY]
07-21 07:09:13.199 14998 14998 I wm_on_top_resumed_gained_called: [23172002,com.android.car.dialer.ui.TelecomActivity,topWhenResuming]
07-21 07:09:13.328   520   568 I sysui_multi_action: [319,93,321,53,322,230,325,5122,757,761,758,9,759,4,806,com.android.car.dialer,871,com.android.car.dialer.ui.TelecomActivity,905,0,1320,4,1321,2]
07-21 07:09:13.331   520  1052 I wm_stop_activity: [0,85823357,com.android.car.radio/.RadioActivity]
07-21 07:09:13.332   520  1052 I wm_stop_activity: [0,103423342,com.semidrive.multidisplay/.DialogActivity]
07-21 07:09:13.336  1553  1553 I wm_on_stop_called: [103423342,com.semidrive.multidisplay.DialogActivity,STOP_ACTIVITY_ITEM]
07-21 07:09:13.340 22431 22431 I wm_on_stop_called: [85823357,com.android.car.radio.RadioActivity,STOP_ACTIVITY_ITEM]
07-21 07:09:13.363   520   578 I am_wtf  : [0,520,system_server,-1,NetworkStats,Failed to parse network stats]
07-21 07:09:13.372   520   578 I am_wtf  : [0,520,system_server,-1,NetworkStats,Failed to parse network stats]
07-21 07:09:13.382   520   578 I am_wtf  : [0,520,system_server,-1,NetworkStats,Failed to parse network stats]
07-21 07:09:13.387   520   578 I am_wtf  : [0,520,system_server,-1,NetworkStats,Failed to parse network stats]
07-21 07:09:13.398   520   578 I am_wtf  : [0,520,system_server,-1,NetworkStats,Failed to parse network stats]
07-21 07:09:13.403   520   578 I am_wtf  : [0,520,system_server,-1,NetworkStats,Failed to parse network stats]
07-21 07:09:13.409   520   578 I am_wtf  : [0,520,system_server,-1,NetworkStats,Failed to parse network stats]
07-21 07:09:13.418   520   578 I am_wtf  : [0,520,system_server,-1,NetworkStats,Failed to parse network stats]
07-21 07:09:13.424   520   578 I am_wtf  : [0,520,system_server,-1,NetworkStats,Failed to parse network stats]
07-21 07:09:13.436   520   578 I am_wtf  : [0,520,system_server,-1,NetworkStats,Failed to parse network stats]
07-21 07:09:13.440   520   578 I am_wtf  : [0,520,system_server,-1,NetworkStats,Failed to parse network stats]
07-21 07:09:13.443   520   578 I am_wtf  : [0,520,system_server,-1,NetworkStats,Failed to parse network stats]
07-21 07:09:13.453   520   578 I am_wtf  : [0,520,system_server,-1,NetworkStats,Failed to parse network stats]
07-21 07:09:13.458   520   578 I am_wtf  : [0,520,system_server,-1,NetworkStats,Failed to parse network stats]
07-21 07:09:13.461   520   578 I am_wtf  : [0,520,system_server,-1,NetworkStats,Failed to parse network stats]
07-21 07:09:13.656   520   571 I wm_stop_activity: [0,139463845,com.google.android.car.networking.preferenceupdater/.MainActivity]
07-21 07:09:13.683  2039  2039 I wm_on_stop_called: [139463845,com.google.android.car.networking.preferenceupdater.MainActivity,STOP_ACTIVITY_ITEM]
07-21 07:09:14.359   520  1052 I service_manager_stats: [161,49,5092]
07-21 07:09:14.361   520   578 I am_wtf  : [0,520,system_server,-1,NetworkStats,Failed to parse network stats]
07-21 07:09:14.364   520   578 I am_wtf  : [0,520,system_server,-1,NetworkStats,Failed to parse network stats]
07-21 07:09:14.367   520   578 I am_wtf  : [0,520,system_server,-1,NetworkStats,Failed to parse network stats]
07-21 07:09:14.370   520   578 I am_wtf  : [0,520,system_server,-1,NetworkStats,Failed to parse network stats]
07-21 07:09:14.372   520   578 I am_wtf  : [0,520,system_server,-1,NetworkStats,Failed to parse network stats]
07-21 07:09:14.375   520   578 I am_wtf  : [0,520,system_server,-1,NetworkStats,Failed to parse network stats]
07-21 07:09:14.378   520   578 I am_wtf  : [0,520,system_server,-1,NetworkStats,Failed to parse network stats]
07-21 07:09:14.382   520   578 I am_wtf  : [0,520,system_server,-1,NetworkStats,Failed to parse network stats]
