07-21 07:09:14.385   520   578 I am_wtf  : [0,520,system_server,-1,NetworkStats,Failed to parse network stats]
07-21 07:09:14.388   520   578 I am_wtf  : [0,520,system_server,-1,NetworkStats,Failed to parse network stats]
07-21 07:09:14.391   520   578 I am_wtf  : [0,520,system_server,-1,NetworkStats,Failed to parse network stats]
07-21 07:09:14.394   520   578 I am_wtf  : [0,520,system_server,-1,NetworkStats,Failed to parse network stats]
07-21 07:09:14.397   520   578 I am_wtf  : [0,520,system_server,-1,NetworkStats,Failed to parse network stats]
07-21 07:09:14.401   520   578 I am_wtf  : [0,520,system_server,-1,NetworkStats,Failed to parse network stats]
07-21 07:09:14.403   520   578 I am_wtf  : [0,520,system_server,-1,NetworkStats,Failed to parse network stats]
07-21 07:09:15.391   520   578 I am_wtf  : [0,520,system_server,-1,NetworkStats,Failed to parse network stats]
07-21 07:09:15.395   520   578 I am_wtf  : [0,520,system_server,-1,NetworkStats,Failed to parse network stats]
07-21 07:09:15.398   520   578 I am_wtf  : [0,520,system_server,-1,NetworkStats,Failed to parse network stats]
07-21 07:09:15.401   520   578 I am_wtf  : [0,520,system_server,-1,NetworkStats,Failed to parse network stats]
07-21 07:09:15.405   520   578 I am_wtf  : [0,520,system_server,-1,NetworkStats,Failed to parse network stats]
07-21 07:09:15.408   520   578 I am_wtf  : [0,520,system_server,-1,NetworkStats,Failed to parse network stats]
07-21 07:09:15.411   520   578 I am_wtf  : [0,520,system_server,-1,NetworkStats,Failed to parse network stats]
07-21 07:09:15.414   520   578 I am_wtf  : [0,520,system_server,-1,NetworkStats,Failed to parse network stats]
07-21 07:09:15.417   520   578 I am_wtf  : [0,520,system_server,-1,NetworkStats,Failed to parse network stats]
07-21 07:09:15.420   520   578 I am_wtf  : [0,520,system_server,-1,NetworkStats,Failed to parse network stats]
07-21 07:09:15.422   520   578 I am_wtf  : [0,520,system_server,-1,NetworkStats,Failed to parse network stats]
07-21 07:09:15.425   520   578 I am_wtf  : [0,520,system_server,-1,NetworkStats,Failed to parse network stats]
07-21 07:09:15.428   520   578 I am_wtf  : [0,520,system_server,-1,NetworkStats,Failed to parse network stats]
07-21 07:09:15.431   520   578 I am_wtf  : [0,520,system_server,-1,NetworkStats,Failed to parse network stats]
07-21 07:09:15.434   520   578 I am_wtf  : [0,520,system_server,-1,NetworkStats,Failed to parse network stats]
07-21 07:09:16.396   520   578 I am_wtf  : [0,520,system_server,-1,NetworkStats,Failed to parse network stats]
07-21 07:09:16.400   520   578 I am_wtf  : [0,520,system_server,-1,NetworkStats,Failed to parse network stats]
07-21 07:09:16.403   520   578 I am_wtf  : [0,520,system_server,-1,NetworkStats,Failed to parse network stats]
07-21 07:09:16.407   520   578 I am_wtf  : [0,520,system_server,-1,NetworkStats,Failed to parse network stats]
07-21 07:09:16.412   520   578 I am_wtf  : [0,520,system_server,-1,NetworkStats,Failed to parse network stats]
07-21 07:09:16.417   520   578 I am_wtf  : [0,520,system_server,-1,NetworkStats,Failed to parse network stats]
07-21 07:09:16.421   520   578 I am_wtf  : [0,520,system_server,-1,NetworkStats,Failed to parse network stats]
07-21 07:09:16.424   520   578 I am_wtf  : [0,520,system_server,-1,NetworkStats,Failed to parse network stats]
07-21 07:09:16.428   520   578 I am_wtf  : [0,520,system_server,-1,NetworkStats,Failed to parse network stats]
07-21 07:09:16.434   520   578 I am_wtf  : [0,520,system_server,-1,NetworkStats,Failed to parse network stats]
07-21 07:09:16.437   520   578 I am_wtf  : [0,520,system_server,-1,NetworkStats,Failed to parse network stats]
07-21 07:09:16.441   520   578 I am_wtf  : [0,520,system_server,-1,NetworkStats,Failed to parse network stats]
07-21 07:09:16.443   520   578 I am_wtf  : [0,520,system_server,-1,NetworkStats,Failed to parse network stats]
07-21 07:09:16.447   520   578 I am_wtf  : [0,520,system_server,-1,NetworkStats,Failed to parse network stats]
07-21 07:09:16.454   520   578 I am_wtf  : [0,520,system_server,-1,NetworkStats,Failed to parse network stats]
07-21 07:09:17.418   520  1052 I wm_task_moved: [11,1,17]
07-21 07:09:17.418   520  1052 I wm_task_to_front: [0,11]
07-21 07:09:17.419   520  1052 I wm_focused_root_task: [0,0,11,278,bringingFoundTaskToFront]
07-21 07:09:17.419 14998 14998 I wm_on_top_resumed_lost_called: [23172002,com.android.car.dialer.ui.TelecomActivity,topStateChangedWhenResumed]
07-21 07:09:17.419   520  1052 I wm_set_resumed_activity: [0,com.android.car.sddemo/.MainActivity,bringingFoundTaskToFront]
07-21 07:09:17.421   520  1052 I wm_pause_activity: [0,23172002,com.android.car.dialer/.ui.TelecomActivity,userLeaving=true,pauseBackTasks]
07-21 07:09:17.432 14998 14998 I wm_on_paused_called: [23172002,com.android.car.dialer.ui.TelecomActivity,performPause]
07-21 07:09:17.439   520   578 I am_wtf  : [0,520,system_server,-1,NetworkStats,Failed to parse network stats]
07-21 07:09:17.440   520  1052 I wm_set_resumed_activity: [0,com.android.car.sddemo/.MainActivity,resumeTopActivityInnerLocked]
07-21 07:09:17.441   520  1052 I wm_add_to_stopping: [0,23172002,com.android.car.dialer/.ui.TelecomActivity,makeInvisible]
07-21 07:09:17.442   520   578 I am_wtf  : [0,520,system_server,-1,NetworkStats,Failed to parse network stats]
07-21 07:09:17.445   520  1052 I wm_resume_activity: [0,55950004,11,com.android.car.sddemo/.MainActivity]
07-21 07:09:17.453   520   571 I sysui_multi_action: [757,803,799,window_time_0,802,4]
07-21 07:09:17.457   520   578 I am_wtf  : [0,520,system_server,-1,NetworkStats,Failed to parse network stats]
07-21 07:09:17.458 22307 22307 I wm_on_restart_called: [55950004,com.android.car.sddemo.MainActivity,performRestartActivity]
07-21 07:09:17.458 22307 22307 I wm_on_start_called: [55950004,com.android.car.sddemo.MainActivity,handleStartActivity]
07-21 07:09:17.459 22307 22307 I wm_on_resume_called: [55950004,com.android.car.sddemo.MainActivity,RESUME_ACTIVITY]
07-21 07:09:17.459 22307 22307 I wm_on_top_resumed_gained_called: [55950004,com.android.car.sddemo.MainActivity,topWhenResuming]
07-21 07:09:17.462   520   578 I am_wtf  : [0,520,system_server,-1,NetworkStats,Failed to parse network stats]
07-21 07:09:17.466   520   578 I am_wtf  : [0,520,system_server,-1,NetworkStats,Failed to parse network stats]
07-21 07:09:17.475   520   578 I am_wtf  : [0,520,system_server,-1,NetworkStats,Failed to parse network stats]
07-21 07:09:17.480   520   578 I am_wtf  : [0,520,system_server,-1,NetworkStats,Failed to parse network stats]
07-21 07:09:17.484   520   578 I am_wtf  : [0,520,system_server,-1,NetworkStats,Failed to parse network stats]
07-21 07:09:17.495   520   578 I am_wtf  : [0,520,system_server,-1,NetworkStats,Failed to parse network stats]
07-21 07:09:17.499   520   578 I am_wtf  : [0,520,system_server,-1,NetworkStats,Failed to parse network stats]
07-21 07:09:17.507   520   578 I am_wtf  : [0,520,system_server,-1,NetworkStats,Failed to parse network stats]
07-21 07:09:17.520   520   578 I am_wtf  : [0,520,system_server,-1,NetworkStats,Failed to parse network stats]
07-21 07:09:17.521   520   572 I dvm_lock_sample: [system_server,1,android.anim,45,WindowSurfacePlacer.java,56,void com.android.server.wm.WindowSurfacePlacer$Traverser.run(),ActivityTaskManagerService.java,1071,android.content.res.Configuration com.android.server.wm.ActivityTaskManagerService.getGlobalConfigurationForPid(int),9]
07-21 07:09:17.532   520   578 I am_wtf  : [0,520,system_server,-1,NetworkStats,Failed to parse network stats]
07-21 07:09:17.542   520   578 I am_wtf  : [0,520,system_server,-1,NetworkStats,Failed to parse network stats]
07-21 07:09:17.553   520   578 I service_manager_slow: [10,dropbox]
07-21 07:09:17.556   520   578 I am_wtf  : [0,520,system_server,-1,NetworkStats,Failed to parse network stats]
07-21 07:09:17.594   520   568 I sysui_multi_action: [319,98,321,65,322,175,325,5126,757,761,758,9,759,4,806,com.android.car.sddemo,871,com.android.car.sddemo.MainActivity,905,0,1320,4,1321,2]
07-21 07:09:18.010   520   571 I wm_stop_activity: [0,23172002,com.android.car.dialer/.ui.TelecomActivity]
07-21 07:09:18.082 14998 14998 I wm_on_stop_called: [23172002,com.android.car.dialer.ui.TelecomActivity,STOP_ACTIVITY_ITEM]
07-21 07:09:18.476   520   578 I am_wtf  : [0,520,system_server,-1,NetworkStats,Failed to parse network stats]
07-21 07:09:18.479   520   578 I am_wtf  : [0,520,system_server,-1,NetworkStats,Failed to parse network stats]
07-21 07:09:18.482   520   578 I am_wtf  : [0,520,system_server,-1,NetworkStats,Failed to parse network stats]
07-21 07:09:18.495   520   578 I am_wtf  : [0,520,system_server,-1,NetworkStats,Failed to parse network stats]
07-21 07:09:18.498   520   578 I am_wtf  : [0,520,system_server,-1,NetworkStats,Failed to parse network stats]
07-21 07:09:18.501   520   578 I am_wtf  : [0,520,system_server,-1,NetworkStats,Failed to parse network stats]
07-21 07:09:18.514   520   578 I am_wtf  : [0,520,system_server,-1,NetworkStats,Failed to parse network stats]
07-21 07:09:18.518   520   578 I am_wtf  : [0,520,system_server,-1,NetworkStats,Failed to parse network stats]
07-21 07:09:18.521   520   578 I am_wtf  : [0,520,system_server,-1,NetworkStats,Failed to parse network stats]
07-21 07:09:18.533   520   578 I am_wtf  : [0,520,system_server,-1,NetworkStats,Failed to parse network stats]
07-21 07:09:18.537   520   578 I am_wtf  : [0,520,system_server,-1,NetworkStats,Failed to parse network stats]
07-21 07:09:18.540   520   578 I am_wtf  : [0,520,system_server,-1,NetworkStats,Failed to parse network stats]
07-21 07:09:18.545   520   578 I am_wtf  : [0,520,system_server,-1,NetworkStats,Failed to parse network stats]
07-21 07:09:18.556   520   578 I am_wtf  : [0,520,system_server,-1,NetworkStats,Failed to parse network stats]
07-21 07:09:18.559   520   578 I am_wtf  : [0,520,system_server,-1,NetworkStats,Failed to parse network stats]
07-21 07:09:19.514   520  1052 I service_manager_stats: [154,68,5155]
07-21 07:09:19.515   520   578 I am_wtf  : [0,520,system_server,-1,NetworkStats,Failed to parse network stats]
07-21 07:09:19.518   520   578 I am_wtf  : [0,520,system_server,-1,NetworkStats,Failed to parse network stats]
07-21 07:09:19.521   520   578 I am_wtf  : [0,520,system_server,-1,NetworkStats,Failed to parse network stats]
07-21 07:09:19.526   520   578 I am_wtf  : [0,520,system_server,-1,NetworkStats,Failed to parse network stats]
07-21 07:09:19.532   520   578 I am_wtf  : [0,520,system_server,-1,NetworkStats,Failed to parse network stats]
07-21 07:09:19.537   520   578 I am_wtf  : [0,520,system_server,-1,NetworkStats,Failed to parse network stats]
07-21 07:09:19.541   520   578 I am_wtf  : [0,520,system_server,-1,NetworkStats,Failed to parse network stats]
07-21 07:09:19.546   520   578 I am_wtf  : [0,520,system_server,-1,NetworkStats,Failed to parse network stats]
07-21 07:09:19.554   520   578 I am_wtf  : [0,520,system_server,-1,NetworkStats,Failed to parse network stats]
07-21 07:09:19.557   520   578 I am_wtf  : [0,520,system_server,-1,NetworkStats,Failed to parse network stats]
07-21 07:09:19.562   520   578 I am_wtf  : [0,520,system_server,-1,NetworkStats,Failed to parse network stats]
07-21 07:09:19.566   520   578 I am_wtf  : [0,520,system_server,-1,NetworkStats,Failed to parse network stats]
07-21 07:09:19.573   520   578 I am_wtf  : [0,520,system_server,-1,NetworkStats,Failed to parse network stats]
07-21 07:09:19.576   520   578 I am_wtf  : [0,520,system_server,-1,NetworkStats,Failed to parse network stats]
07-21 07:09:19.580   520   578 I am_wtf  : [0,520,system_server,-1,NetworkStats,Failed to parse network stats]
07-21 07:09:20.553   520   578 I am_wtf  : [0,520,system_server,-1,NetworkStats,Failed to parse network stats]
07-21 07:09:20.556   520   578 I am_wtf  : [0,520,system_server,-1,NetworkStats,Failed to parse network stats]
07-21 07:09:20.559   520   578 I am_wtf  : [0,520,system_server,-1,NetworkStats,Failed to parse network stats]
07-21 07:09:20.564   520   578 I am_wtf  : [0,520,system_server,-1,NetworkStats,Failed to parse network stats]
07-21 07:09:20.568   520   578 I am_wtf  : [0,520,system_server,-1,NetworkStats,Failed to parse network stats]
07-21 07:09:20.574   520   578 I am_wtf  : [0,520,system_server,-1,NetworkStats,Failed to parse network stats]
07-21 07:09:20.577   520   578 I am_wtf  : [0,520,system_server,-1,NetworkStats,Failed to parse network stats]
07-21 07:09:20.582   520   578 I am_wtf  : [0,520,system_server,-1,NetworkStats,Failed to parse network stats]
07-21 07:09:20.593   520   578 I am_wtf  : [0,520,system_server,-1,NetworkStats,Failed to parse network stats]
07-21 07:09:20.598   520   578 I am_wtf  : [0,520,system_server,-1,NetworkStats,Failed to parse network stats]
07-21 07:09:20.603   520   578 I am_wtf  : [0,520,system_server,-1,NetworkStats,Failed to parse network stats]
07-21 07:09:20.610   520   578 I am_wtf  : [0,520,system_server,-1,NetworkStats,Failed to parse network stats]
07-21 07:09:20.615   520   578 I am_wtf  : [0,520,system_server,-1,NetworkStats,Failed to parse network stats]
07-21 07:09:20.619   520   578 I am_wtf  : [0,520,system_server,-1,NetworkStats,Failed to parse network stats]
07-21 07:09:20.622   520   578 I am_wtf  : [0,520,system_server,-1,NetworkStats,Failed to parse network stats]
07-21 07:09:21.592   520   578 I am_wtf  : [0,520,system_server,-1,NetworkStats,Failed to parse network stats]
07-21 07:09:21.595   520   578 I am_wtf  : [0,520,system_server,-1,NetworkStats,Failed to parse network stats]
07-21 07:09:21.598   520   578 I am_wtf  : [0,520,system_server,-1,NetworkStats,Failed to parse network stats]
07-21 07:09:21.601   520   578 I am_wtf  : [0,520,system_server,-1,NetworkStats,Failed to parse network stats]
07-21 07:09:21.609   520   578 I am_wtf  : [0,520,system_server,-1,NetworkStats,Failed to parse network stats]
07-21 07:09:21.613   520   578 I am_wtf  : [0,520,system_server,-1,NetworkStats,Failed to parse network stats]
07-21 07:09:21.617   520   578 I am_wtf  : [0,520,system_server,-1,NetworkStats,Failed to parse network stats]
07-21 07:09:21.621   520   578 I am_wtf  : [0,520,system_server,-1,NetworkStats,Failed to parse network stats]
07-21 07:09:21.634   520   578 I am_wtf  : [0,520,system_server,-1,NetworkStats,Failed to parse network stats]
07-21 07:09:21.637   520   578 I am_wtf  : [0,520,system_server,-1,NetworkStats,Failed to parse network stats]
07-21 07:09:21.651   520   578 I am_wtf  : [0,520,system_server,-1,NetworkStats,Failed to parse network stats]
07-21 07:09:21.655   520   578 I am_wtf  : [0,520,system_server,-1,NetworkStats,Failed to parse network stats]
07-21 07:09:21.658   520   578 I am_wtf  : [0,520,system_server,-1,NetworkStats,Failed to parse network stats]
07-21 07:09:21.662   520   578 I am_wtf  : [0,520,system_server,-1,NetworkStats,Failed to parse network stats]
07-21 07:09:21.670   520   578 I am_wtf  : [0,520,system_server,-1,NetworkStats,Failed to parse network stats]
07-21 07:09:22.602   520   578 I am_wtf  : [0,520,system_server,-1,NetworkStats,Failed to parse network stats]
07-21 07:09:22.605   520   578 I am_wtf  : [0,520,system_server,-1,NetworkStats,Failed to parse network stats]
07-21 07:09:22.609   520   578 I am_wtf  : [0,520,system_server,-1,NetworkStats,Failed to parse network stats]
07-21 07:09:22.612   520   578 I am_wtf  : [0,520,system_server,-1,NetworkStats,Failed to parse network stats]
07-21 07:09:22.615   520   578 I am_wtf  : [0,520,system_server,-1,NetworkStats,Failed to parse network stats]
07-21 07:09:22.617   520   578 I am_wtf  : [0,520,system_server,-1,NetworkStats,Failed to parse network stats]
07-21 07:09:22.620   520   578 I am_wtf  : [0,520,system_server,-1,NetworkStats,Failed to parse network stats]
07-21 07:09:22.623   520   578 I am_wtf  : [0,520,system_server,-1,NetworkStats,Failed to parse network stats]
07-21 07:09:22.625   520   578 I am_wtf  : [0,520,system_server,-1,NetworkStats,Failed to parse network stats]
07-21 07:09:22.628   520   578 I am_wtf  : [0,520,system_server,-1,NetworkStats,Failed to parse network stats]
07-21 07:09:22.631   520   578 I am_wtf  : [0,520,system_server,-1,NetworkStats,Failed to parse network stats]
07-21 07:09:22.635   520   578 I am_wtf  : [0,520,system_server,-1,NetworkStats,Failed to parse network stats]
07-21 07:09:22.638   520   578 I am_wtf  : [0,520,system_server,-1,NetworkStats,Failed to parse network stats]
07-21 07:09:22.640   520   578 I am_wtf  : [0,520,system_server,-1,NetworkStats,Failed to parse network stats]
07-21 07:09:22.643   520   578 I am_wtf  : [0,520,system_server,-1,NetworkStats,Failed to parse network stats]
07-21 07:09:23.575   520  1052 I wm_task_created: [543,-1]
07-21 07:09:23.578   520  1052 I wm_task_moved: [543,1,18]
07-21 07:09:23.578   520  1052 I wm_task_to_front: [0,543]
07-21 07:09:23.579   520  1052 I wm_create_task: [0,543]
07-21 07:09:23.579   520  1052 I wm_create_activity: [0,55797332,543,com.android.car.developeroptions/com.android.settings.development.DevelopmentSettingsDisabledActivity,android.settings.APPLICATION_DEVELOPMENT_SETTINGS,NULL,NULL,276856832]
07-21 07:09:23.579   520  1052 I wm_task_moved: [543,1,18]
07-21 07:09:23.579 22307 22307 I wm_on_top_resumed_lost_called: [55950004,com.android.car.sddemo.MainActivity,topStateChangedWhenResumed]
07-21 07:09:23.580   520  1052 I wm_pause_activity: [0,55950004,com.android.car.sddemo/.MainActivity,userLeaving=true,pauseBackTasks]
07-21 07:09:23.584   520  1052 I sysui_multi_action: [757,128,758,4,793,5091705,794,62387,795,5091705,796,26,798,-1,806,android,857,DEVELOPER_IMPORTANT,858,4,947,0,1395,-1,1500,5091503,1688,1]
07-21 07:09:23.585   520  1052 I notification_clicked: [-1|android|26|null|1000,5091705,5091705,62387,-1,-1]
07-21 07:09:23.585   520   520 I sysui_multi_action: [757,804,799,note_click_longevity,801,84,802,1]
07-21 07:09:23.586 22307 22307 I wm_on_paused_called: [55950004,com.android.car.sddemo.MainActivity,performPause]
07-21 07:09:23.591   520 22643 I wm_restart_activity: [0,55797332,543,com.android.car.developeroptions/com.android.settings.development.DevelopmentSettingsDisabledActivity]
07-21 07:09:23.592   520 22643 I wm_set_resumed_activity: [0,com.android.car.developeroptions/com.android.settings.development.DevelopmentSettingsDisabledActivity,minimalResumeActivityLocked]
07-21 07:09:23.604   520   571 I sysui_multi_action: [757,803,799,window_time_0,802,7]
07-21 07:09:23.608   520  1383 I wm_finish_activity: [0,55797332,543,com.android.car.developeroptions/com.android.settings.development.DevelopmentSettingsDisabledActivity,app-request]
07-21 07:09:23.608   520  1383 I wm_task_moved: [11,1,18]
07-21 07:09:23.608   520  1383 I wm_task_to_front: [0,11]
07-21 07:09:23.609   520  1383 I wm_focused_root_task: [0,0,11,543,finish-top adjustFocusToNextFocusableTask]
07-21 07:09:23.609   520  1383 I wm_pause_activity: [0,55797332,com.android.car.developeroptions/com.android.settings.development.DevelopmentSettingsDisabledActivity,userLeaving=false,finish]
07-21 07:09:23.613  2576  2576 I wm_on_create_called: [55797332,com.android.settings.development.DevelopmentSettingsDisabledActivity,performCreate]
07-21 07:09:23.614   520   571 I sysui_multi_action: [757,1144,758,8,806,com.android.car.developeroptions,871,com.android.settings.development.DevelopmentSettingsDisabledActivity]
07-21 07:09:23.625   520  1052 I wm_set_resumed_activity: [0,com.android.car.sddemo/.MainActivity,resumeTopActivityInnerLocked]
07-21 07:09:23.627   520  1052 I wm_resume_activity: [0,55950004,11,com.android.car.sddemo/.MainActivity]
07-21 07:09:23.628 22307 22307 I wm_on_resume_called: [55950004,com.android.car.sddemo.MainActivity,RESUME_ACTIVITY]
07-21 07:09:23.628 22307 22307 I wm_on_top_resumed_gained_called: [55950004,com.android.car.sddemo.MainActivity,topWhenResuming]
07-21 07:09:23.640   520   578 I am_wtf  : [0,520,system_server,-1,NetworkStats,Failed to parse network stats]
07-21 07:09:23.643   520 22643 I wm_destroy_activity: [0,55797332,543,com.android.car.developeroptions/com.android.settings.development.DevelopmentSettingsDisabledActivity,finish-idle]
07-21 07:09:23.644  2576  2576 I wm_on_destroy_called: [55797332,com.android.settings.development.DevelopmentSettingsDisabledActivity,performDestroy]
07-21 07:09:23.645   520  1383 I wm_task_removed: [543,removeChild:removeChild last r=ActivityRecord{3536654 u0 com.android.car.developeroptions/com.android.settings.development.DevelopmentSettingsDisabledActivity t-1 f}} in t=Task{234303e #543 type=standard A=1000:com.android.car.developeroptions U=0 visible=false mode=fullscreen translucent=true sz=0}]
07-21 07:09:23.645   520  1383 I wm_task_removed: [543,removeChild]
07-21 07:09:23.645   520   578 I am_wtf  : [0,520,system_server,-1,NetworkStats,Failed to parse network stats]
07-21 07:09:23.650   520   571 I sysui_multi_action: [757,803,799,window_time_0,802,0]
07-21 07:09:23.653   520   578 I am_wtf  : [0,520,system_server,-1,NetworkStats,Failed to parse network stats]
07-21 07:09:23.665   520   578 I am_wtf  : [0,520,system_server,-1,NetworkStats,Failed to parse network stats]
07-21 07:09:23.673   520   578 I am_wtf  : [0,520,system_server,-1,NetworkStats,Failed to parse network stats]
07-21 07:09:23.684   520   578 I am_wtf  : [0,520,system_server,-1,NetworkStats,Failed to parse network stats]
07-21 07:09:23.689   520   578 I am_wtf  : [0,520,system_server,-1,NetworkStats,Failed to parse network stats]
07-21 07:09:23.692   520   578 I am_wtf  : [0,520,system_server,-1,NetworkStats,Failed to parse network stats]
07-21 07:09:23.695   520   578 I am_wtf  : [0,520,system_server,-1,NetworkStats,Failed to parse network stats]
07-21 07:09:23.698   520   578 I am_wtf  : [0,520,system_server,-1,NetworkStats,Failed to parse network stats]
07-21 07:09:23.705   520   578 I am_wtf  : [0,520,system_server,-1,NetworkStats,Failed to parse network stats]
07-21 07:09:23.708   520   578 I am_wtf  : [0,520,system_server,-1,NetworkStats,Failed to parse network stats]
07-21 07:09:23.713   520   578 I am_wtf  : [0,520,system_server,-1,NetworkStats,Failed to parse network stats]
07-21 07:09:23.716   520   578 I am_wtf  : [0,520,system_server,-1,NetworkStats,Failed to parse network stats]
07-21 07:09:23.719   520   578 I am_wtf  : [0,520,system_server,-1,NetworkStats,Failed to parse network stats]
07-21 07:09:24.188   520 14919 I wm_task_created: [544,-1]
07-21 07:09:24.192   520 14919 I wm_task_moved: [544,1,18]
07-21 07:09:24.192   520 14919 I wm_task_to_front: [0,544]
07-21 07:09:24.192   520 14919 I wm_create_task: [0,544]
07-21 07:09:24.192   520 14919 I wm_create_activity: [0,231169944,544,com.android.car.developeroptions/com.android.settings.development.DevelopmentSettingsDisabledActivity,android.settings.APPLICATION_DEVELOPMENT_SETTINGS,NULL,NULL,276856832]
07-21 07:09:24.192   520 14919 I wm_task_moved: [544,1,18]
07-21 07:09:24.192 22307 22307 I wm_on_top_resumed_lost_called: [55950004,com.android.car.sddemo.MainActivity,topStateChangedWhenResumed]
07-21 07:09:24.193   520 14919 I wm_pause_activity: [0,55950004,com.android.car.sddemo/.MainActivity,userLeaving=true,pauseBackTasks]
07-21 07:09:24.197   520 14919 I sysui_multi_action: [757,128,758,4,793,5092318,794,63000,795,5092318,796,26,798,-1,806,android,857,DEVELOPER_IMPORTANT,858,4,947,0,1395,-1,1500,5092116,1688,1]
07-21 07:09:24.197   520 14919 I notification_clicked: [-1|android|26|null|1000,5092318,5092318,63000,-1,-1]
07-21 07:09:24.197   520   520 I sysui_multi_action: [757,804,799,note_click_longevity,801,84,802,1]
07-21 07:09:24.198 22307 22307 I wm_on_paused_called: [55950004,com.android.car.sddemo.MainActivity,performPause]
07-21 07:09:24.200   520 14919 I wm_restart_activity: [0,231169944,544,com.android.car.developeroptions/com.android.settings.development.DevelopmentSettingsDisabledActivity]
07-21 07:09:24.201   520 14919 I wm_set_resumed_activity: [0,com.android.car.developeroptions/com.android.settings.development.DevelopmentSettingsDisabledActivity,minimalResumeActivityLocked]
07-21 07:09:24.215   520   571 I sysui_multi_action: [757,803,799,window_time_0,802,0]
07-21 07:09:24.219   520 14919 I wm_finish_activity: [0,231169944,544,com.android.car.developeroptions/com.android.settings.development.DevelopmentSettingsDisabledActivity,app-request]
07-21 07:09:24.219   520 14919 I wm_task_moved: [11,1,18]
07-21 07:09:24.219   520 14919 I wm_task_to_front: [0,11]
07-21 07:09:24.219   520 14919 I wm_focused_root_task: [0,0,11,544,finish-top adjustFocusToNextFocusableTask]
07-21 07:09:24.220   520 14919 I wm_pause_activity: [0,231169944,com.android.car.developeroptions/com.android.settings.development.DevelopmentSettingsDisabledActivity,userLeaving=false,finish]
07-21 07:09:24.222  2576  2576 I wm_on_create_called: [231169944,com.android.settings.development.DevelopmentSettingsDisabledActivity,performCreate]
07-21 07:09:24.224   520   571 I sysui_multi_action: [757,1144,758,8,806,com.android.car.developeroptions,871,com.android.settings.development.DevelopmentSettingsDisabledActivity]
07-21 07:09:24.229   520 14919 I wm_set_resumed_activity: [0,com.android.car.sddemo/.MainActivity,resumeTopActivityInnerLocked]
07-21 07:09:24.231   520 14919 I wm_resume_activity: [0,55950004,11,com.android.car.sddemo/.MainActivity]
07-21 07:09:24.232 22307 22307 I wm_on_resume_called: [55950004,com.android.car.sddemo.MainActivity,RESUME_ACTIVITY]
07-21 07:09:24.232 22307 22307 I wm_on_top_resumed_gained_called: [55950004,com.android.car.sddemo.MainActivity,topWhenResuming]
07-21 07:09:24.242   520 14919 I wm_destroy_activity: [0,231169944,544,com.android.car.developeroptions/com.android.settings.development.DevelopmentSettingsDisabledActivity,finish-idle]
07-21 07:09:24.243   520   571 I sysui_multi_action: [757,803,799,window_time_0,802,0]
07-21 07:09:24.243  2576  2576 I wm_on_destroy_called: [231169944,com.android.settings.development.DevelopmentSettingsDisabledActivity,performDestroy]
07-21 07:09:24.247   520 14919 I wm_task_removed: [544,removeChild:removeChild last r=ActivityRecord{dc75f98 u0 com.android.car.developeroptions/com.android.settings.development.DevelopmentSettingsDisabledActivity t-1 f}} in t=Task{927bf62 #544 type=standard A=1000:com.android.car.developeroptions U=0 visible=false mode=fullscreen translucent=true sz=0}]
07-21 07:09:24.247   520 14919 I wm_task_removed: [544,removeChild]
07-21 07:09:24.670   520 14919 I service_manager_stats: [155,62,5157]
07-21 07:09:24.672   520   578 I am_wtf  : [0,520,system_server,-1,NetworkStats,Failed to parse network stats]
07-21 07:09:24.675   520   578 I am_wtf  : [0,520,system_server,-1,NetworkStats,Failed to parse network stats]
07-21 07:09:24.678   520   578 I am_wtf  : [0,520,system_server,-1,NetworkStats,Failed to parse network stats]
07-21 07:09:24.681   520   578 I am_wtf  : [0,520,system_server,-1,NetworkStats,Failed to parse network stats]
07-21 07:09:24.684   520   578 I am_wtf  : [0,520,system_server,-1,NetworkStats,Failed to parse network stats]
07-21 07:09:24.689   520   578 I am_wtf  : [0,520,system_server,-1,NetworkStats,Failed to parse network stats]
07-21 07:09:24.692   520   578 I am_wtf  : [0,520,system_server,-1,NetworkStats,Failed to parse network stats]
07-21 07:09:24.694   520   578 I am_wtf  : [0,520,system_server,-1,NetworkStats,Failed to parse network stats]
07-21 07:09:24.697   520   578 I am_wtf  : [0,520,system_server,-1,NetworkStats,Failed to parse network stats]
07-21 07:09:24.700   520   578 I am_wtf  : [0,520,system_server,-1,NetworkStats,Failed to parse network stats]
07-21 07:09:24.704   520   578 I am_wtf  : [0,520,system_server,-1,NetworkStats,Failed to parse network stats]
07-21 07:09:24.707   520   578 I am_wtf  : [0,520,system_server,-1,NetworkStats,Failed to parse network stats]
07-21 07:09:24.710   520   578 I am_wtf  : [0,520,system_server,-1,NetworkStats,Failed to parse network stats]
07-21 07:09:24.713   520   578 I am_wtf  : [0,520,system_server,-1,NetworkStats,Failed to parse network stats]
07-21 07:09:24.716   520   578 I am_wtf  : [0,520,system_server,-1,NetworkStats,Failed to parse network stats]
07-21 07:09:25.622   520 14919 I wm_task_created: [545,-1]
07-21 07:09:25.624   520 14919 I wm_task_moved: [545,1,18]
07-21 07:09:25.625   520 14919 I wm_task_to_front: [0,545]
07-21 07:09:25.625   520 14919 I wm_create_task: [0,545]
07-21 07:09:25.625   520 14919 I wm_create_activity: [0,158397561,545,com.android.car.developeroptions/com.android.settings.development.DevelopmentSettingsDisabledActivity,android.settings.APPLICATION_DEVELOPMENT_SETTINGS,NULL,NULL,276856832]
07-21 07:09:25.625 22307 22307 I wm_on_top_resumed_lost_called: [55950004,com.android.car.sddemo.MainActivity,topStateChangedWhenResumed]
07-21 07:09:25.625   520 14919 I wm_task_moved: [545,1,18]
07-21 07:09:25.626   520 14919 I wm_pause_activity: [0,55950004,com.android.car.sddemo/.MainActivity,userLeaving=true,pauseBackTasks]
07-21 07:09:25.631   520 14919 I sysui_multi_action: [757,128,758,4,793,5093752,794,64434,795,5093752,796,26,798,-1,806,android,857,DEVELOPER_IMPORTANT,858,4,947,0,1395,-1,1500,5093550,1688,1]
07-21 07:09:25.632   520 14919 I notification_clicked: [-1|android|26|null|1000,5093752,5093752,64434,-1,-1]
07-21 07:09:25.633 22307 22307 I wm_on_paused_called: [55950004,com.android.car.sddemo.MainActivity,performPause]
07-21 07:09:25.633   520   520 I sysui_multi_action: [757,804,799,note_click_longevity,801,84,802,1]
07-21 07:09:25.635   520 14919 I wm_restart_activity: [0,158397561,545,com.android.car.developeroptions/com.android.settings.development.DevelopmentSettingsDisabledActivity]
07-21 07:09:25.636   520 14919 I wm_set_resumed_activity: [0,com.android.car.developeroptions/com.android.settings.development.DevelopmentSettingsDisabledActivity,minimalResumeActivityLocked]
07-21 07:09:25.649   520   571 I sysui_multi_action: [757,803,799,window_time_0,802,2]
07-21 07:09:25.651   520 14919 I wm_finish_activity: [0,158397561,545,com.android.car.developeroptions/com.android.settings.development.DevelopmentSettingsDisabledActivity,app-request]
07-21 07:09:25.651   520 14919 I wm_task_moved: [11,1,18]
07-21 07:09:25.651   520 14919 I wm_task_to_front: [0,11]
07-21 07:09:25.652   520 14919 I wm_focused_root_task: [0,0,11,545,finish-top adjustFocusToNextFocusableTask]
07-21 07:09:25.652   520 14919 I wm_pause_activity: [0,158397561,com.android.car.developeroptions/com.android.settings.development.DevelopmentSettingsDisabledActivity,userLeaving=false,finish]
07-21 07:09:25.655  2576  2576 I wm_on_create_called: [158397561,com.android.settings.development.DevelopmentSettingsDisabledActivity,performCreate]
07-21 07:09:25.658   520   571 I sysui_multi_action: [757,1144,758,8,806,com.android.car.developeroptions,871,com.android.settings.development.DevelopmentSettingsDisabledActivity]
07-21 07:09:25.662   520 22643 I wm_set_resumed_activity: [0,com.android.car.sddemo/.MainActivity,resumeTopActivityInnerLocked]
07-21 07:09:25.663   520 22643 I wm_resume_activity: [0,55950004,11,com.android.car.sddemo/.MainActivity]
07-21 07:09:25.664 22307 22307 I wm_on_resume_called: [55950004,com.android.car.sddemo.MainActivity,RESUME_ACTIVITY]
07-21 07:09:25.664 22307 22307 I wm_on_top_resumed_gained_called: [55950004,com.android.car.sddemo.MainActivity,topWhenResuming]
07-21 07:09:25.678   520 14932 I wm_destroy_activity: [0,158397561,545,com.android.car.developeroptions/com.android.settings.development.DevelopmentSettingsDisabledActivity,finish-idle]
07-21 07:09:25.679  2576  2576 I wm_on_destroy_called: [158397561,com.android.settings.development.DevelopmentSettingsDisabledActivity,performDestroy]
07-21 07:09:25.680   520   571 I sysui_multi_action: [757,803,799,window_time_0,802,0]
07-21 07:09:25.680   520 14919 I wm_task_removed: [545,removeChild:removeChild last r=ActivityRecord{970f479 u0 com.android.car.developeroptions/com.android.settings.development.DevelopmentSettingsDisabledActivity t-1 f}} in t=Task{70e053b #545 type=standard A=1000:com.android.car.developeroptions U=0 visible=false mode=fullscreen translucent=true sz=0}]
07-21 07:09:25.680   520 14919 I wm_task_removed: [545,removeChild]
07-21 07:09:25.711   520   578 I am_wtf  : [0,520,system_server,-1,NetworkStats,Failed to parse network stats]
07-21 07:09:25.715   520   578 I am_wtf  : [0,520,system_server,-1,NetworkStats,Failed to parse network stats]
07-21 07:09:25.719   520   578 I am_wtf  : [0,520,system_server,-1,NetworkStats,Failed to parse network stats]
07-21 07:09:25.724   520   578 I am_wtf  : [0,520,system_server,-1,NetworkStats,Failed to parse network stats]
07-21 07:09:25.727   520   578 I am_wtf  : [0,520,system_server,-1,NetworkStats,Failed to parse network stats]
07-21 07:09:25.730   520   578 I am_wtf  : [0,520,system_server,-1,NetworkStats,Failed to parse network stats]
07-21 07:09:25.734   520   578 I am_wtf  : [0,520,system_server,-1,NetworkStats,Failed to parse network stats]
07-21 07:09:25.737   520   578 I am_wtf  : [0,520,system_server,-1,NetworkStats,Failed to parse network stats]
07-21 07:09:25.740   520   578 I am_wtf  : [0,520,system_server,-1,NetworkStats,Failed to parse network stats]
07-21 07:09:25.743   520   578 I am_wtf  : [0,520,system_server,-1,NetworkStats,Failed to parse network stats]
07-21 07:09:25.746   520   578 I am_wtf  : [0,520,system_server,-1,NetworkStats,Failed to parse network stats]
07-21 07:09:25.750   520   578 I am_wtf  : [0,520,system_server,-1,NetworkStats,Failed to parse network stats]
07-21 07:09:25.753   520   578 I am_wtf  : [0,520,system_server,-1,NetworkStats,Failed to parse network stats]
07-21 07:09:25.756   520   578 I am_wtf  : [0,520,system_server,-1,NetworkStats,Failed to parse network stats]
07-21 07:09:25.759   520   578 I am_wtf  : [0,520,system_server,-1,NetworkStats,Failed to parse network stats]
07-21 07:09:26.720   520   578 I am_wtf  : [0,520,system_server,-1,NetworkStats,Failed to parse network stats]
07-21 07:09:26.723   520   578 I am_wtf  : [0,520,system_server,-1,NetworkStats,Failed to parse network stats]
07-21 07:09:26.726   520   578 I am_wtf  : [0,520,system_server,-1,NetworkStats,Failed to parse network stats]
07-21 07:09:26.729   520   578 I am_wtf  : [0,520,system_server,-1,NetworkStats,Failed to parse network stats]
07-21 07:09:26.731   520   578 I am_wtf  : [0,520,system_server,-1,NetworkStats,Failed to parse network stats]
07-21 07:09:26.735   520   578 I am_wtf  : [0,520,system_server,-1,NetworkStats,Failed to parse network stats]
07-21 07:09:26.740   520   578 I am_wtf  : [0,520,system_server,-1,NetworkStats,Failed to parse network stats]
07-21 07:09:26.743   520   578 I am_wtf  : [0,520,system_server,-1,NetworkStats,Failed to parse network stats]
07-21 07:09:26.746   520   578 I am_wtf  : [0,520,system_server,-1,NetworkStats,Failed to parse network stats]
07-21 07:09:26.748   520   578 I am_wtf  : [0,520,system_server,-1,NetworkStats,Failed to parse network stats]
07-21 07:09:26.751   520   578 I am_wtf  : [0,520,system_server,-1,NetworkStats,Failed to parse network stats]
07-21 07:09:26.754   520   578 I am_wtf  : [0,520,system_server,-1,NetworkStats,Failed to parse network stats]
07-21 07:09:26.757   520   578 I am_wtf  : [0,520,system_server,-1,NetworkStats,Failed to parse network stats]
07-21 07:09:26.760   520   578 I am_wtf  : [0,520,system_server,-1,NetworkStats,Failed to parse network stats]
07-21 07:09:26.763   520   578 I am_wtf  : [0,520,system_server,-1,NetworkStats,Failed to parse network stats]
07-21 07:09:27.761   520   578 I am_wtf  : [0,520,system_server,-1,NetworkStats,Failed to parse network stats]
07-21 07:09:27.764   520   578 I am_wtf  : [0,520,system_server,-1,NetworkStats,Failed to parse network stats]
07-21 07:09:27.768   520   578 I am_wtf  : [0,520,system_server,-1,NetworkStats,Failed to parse network stats]
07-21 07:09:27.772   520   578 I am_wtf  : [0,520,system_server,-1,NetworkStats,Failed to parse network stats]
07-21 07:09:27.777   520   578 I am_wtf  : [0,520,system_server,-1,NetworkStats,Failed to parse network stats]
07-21 07:09:27.786   520   578 I am_wtf  : [0,520,system_server,-1,NetworkStats,Failed to parse network stats]
07-21 07:09:27.791   520   578 I am_wtf  : [0,520,system_server,-1,NetworkStats,Failed to parse network stats]
07-21 07:09:27.794   520   578 I am_wtf  : [0,520,system_server,-1,NetworkStats,Failed to parse network stats]
07-21 07:09:27.797   520   578 I am_wtf  : [0,520,system_server,-1,NetworkStats,Failed to parse network stats]
07-21 07:09:27.802   520   578 I am_wtf  : [0,520,system_server,-1,NetworkStats,Failed to parse network stats]
07-21 07:09:27.805   520   578 I am_wtf  : [0,520,system_server,-1,NetworkStats,Failed to parse network stats]
07-21 07:09:27.808   520   578 I am_wtf  : [0,520,system_server,-1,NetworkStats,Failed to parse network stats]
07-21 07:09:27.811   520   578 I am_wtf  : [0,520,system_server,-1,NetworkStats,Failed to parse network stats]
07-21 07:09:27.818   520   578 I am_wtf  : [0,520,system_server,-1,NetworkStats,Failed to parse network stats]
07-21 07:09:27.823   520   578 I am_wtf  : [0,520,system_server,-1,NetworkStats,Failed to parse network stats]
07-21 07:09:28.795   520   578 I am_wtf  : [0,520,system_server,-1,NetworkStats,Failed to parse network stats]
07-21 07:09:28.802   520   578 I am_wtf  : [0,520,system_server,-1,NetworkStats,Failed to parse network stats]
07-21 07:09:28.812   520   578 I am_wtf  : [0,520,system_server,-1,NetworkStats,Failed to parse network stats]
07-21 07:09:28.816   520   578 I am_wtf  : [0,520,system_server,-1,NetworkStats,Failed to parse network stats]
07-21 07:09:28.832   520   578 I am_wtf  : [0,520,system_server,-1,NetworkStats,Failed to parse network stats]
07-21 07:09:28.836   520   578 I am_wtf  : [0,520,system_server,-1,NetworkStats,Failed to parse network stats]
07-21 07:09:28.851   520   578 I am_wtf  : [0,520,system_server,-1,NetworkStats,Failed to parse network stats]
07-21 07:09:28.855   520   578 I am_wtf  : [0,520,system_server,-1,NetworkStats,Failed to parse network stats]
07-21 07:09:28.865   520   578 I am_wtf  : [0,520,system_server,-1,NetworkStats,Failed to parse network stats]
07-21 07:09:28.869   520   578 I am_wtf  : [0,520,system_server,-1,NetworkStats,Failed to parse network stats]
07-21 07:09:28.872   520   578 I am_wtf  : [0,520,system_server,-1,NetworkStats,Failed to parse network stats]
07-21 07:09:28.875   520   578 I am_wtf  : [0,520,system_server,-1,NetworkStats,Failed to parse network stats]
07-21 07:09:28.889   520   578 I am_wtf  : [0,520,system_server,-1,NetworkStats,Failed to parse network stats]
07-21 07:09:28.892   520   578 I am_wtf  : [0,520,system_server,-1,NetworkStats,Failed to parse network stats]
07-21 07:09:28.895   520   578 I am_wtf  : [0,520,system_server,-1,NetworkStats,Failed to parse network stats]
07-21 07:09:29.797   520  1383 I service_manager_stats: [150,42,5126]
07-21 07:09:29.798   520   578 I am_wtf  : [0,520,system_server,-1,NetworkStats,Failed to parse network stats]
07-21 07:09:29.802   520   578 I am_wtf  : [0,520,system_server,-1,NetworkStats,Failed to parse network stats]
07-21 07:09:29.805   520   578 I am_wtf  : [0,520,system_server,-1,NetworkStats,Failed to parse network stats]
07-21 07:09:29.807   520   578 I am_wtf  : [0,520,system_server,-1,NetworkStats,Failed to parse network stats]
07-21 07:09:29.811   520   578 I am_wtf  : [0,520,system_server,-1,NetworkStats,Failed to parse network stats]
07-21 07:09:29.814   520   578 I am_wtf  : [0,520,system_server,-1,NetworkStats,Failed to parse network stats]
07-21 07:09:29.818   520   578 I am_wtf  : [0,520,system_server,-1,NetworkStats,Failed to parse network stats]
07-21 07:09:29.821   520   578 I am_wtf  : [0,520,system_server,-1,NetworkStats,Failed to parse network stats]
07-21 07:09:29.824   520   578 I am_wtf  : [0,520,system_server,-1,NetworkStats,Failed to parse network stats]
07-21 07:09:29.826   520   578 I am_wtf  : [0,520,system_server,-1,NetworkStats,Failed to parse network stats]
07-21 07:09:29.829   520   578 I am_wtf  : [0,520,system_server,-1,NetworkStats,Failed to parse network stats]
07-21 07:09:29.832   520   578 I am_wtf  : [0,520,system_server,-1,NetworkStats,Failed to parse network stats]
07-21 07:09:29.834   520   578 I am_wtf  : [0,520,system_server,-1,NetworkStats,Failed to parse network stats]
07-21 07:09:29.837   520   578 I am_wtf  : [0,520,system_server,-1,NetworkStats,Failed to parse network stats]
07-21 07:09:29.840   520   578 I am_wtf  : [0,520,system_server,-1,NetworkStats,Failed to parse network stats]
07-21 07:09:30.835   520   578 I am_wtf  : [0,520,system_server,-1,NetworkStats,Failed to parse network stats]
07-21 07:09:30.838   520   578 I am_wtf  : [0,520,system_server,-1,NetworkStats,Failed to parse network stats]
07-21 07:09:30.841   520   578 I am_wtf  : [0,520,system_server,-1,NetworkStats,Failed to parse network stats]
07-21 07:09:30.845   520   578 I am_wtf  : [0,520,system_server,-1,NetworkStats,Failed to parse network stats]
07-21 07:09:30.848   520   578 I am_wtf  : [0,520,system_server,-1,NetworkStats,Failed to parse network stats]
07-21 07:09:30.851   520   578 I am_wtf  : [0,520,system_server,-1,NetworkStats,Failed to parse network stats]
07-21 07:09:30.854   520   578 I am_wtf  : [0,520,system_server,-1,NetworkStats,Failed to parse network stats]
07-21 07:09:30.856   520   578 I am_wtf  : [0,520,system_server,-1,NetworkStats,Failed to parse network stats]
07-21 07:09:30.859   520   578 I am_wtf  : [0,520,system_server,-1,NetworkStats,Failed to parse network stats]
07-21 07:09:30.862   520   578 I am_wtf  : [0,520,system_server,-1,NetworkStats,Failed to parse network stats]
07-21 07:09:30.865   520   578 I am_wtf  : [0,520,system_server,-1,NetworkStats,Failed to parse network stats]
07-21 07:09:30.868   520   578 I am_wtf  : [0,520,system_server,-1,NetworkStats,Failed to parse network stats]
07-21 07:09:30.871   520   578 I am_wtf  : [0,520,system_server,-1,NetworkStats,Failed to parse network stats]
07-21 07:09:30.874   520   578 I am_wtf  : [0,520,system_server,-1,NetworkStats,Failed to parse network stats]
07-21 07:09:30.877   520   578 I am_wtf  : [0,520,system_server,-1,NetworkStats,Failed to parse network stats]
07-21 07:09:31.872   520   578 I am_wtf  : [0,520,system_server,-1,NetworkStats,Failed to parse network stats]
07-21 07:09:31.876   520   578 I am_wtf  : [0,520,system_server,-1,NetworkStats,Failed to parse network stats]
07-21 07:09:31.879   520   578 I am_wtf  : [0,520,system_server,-1,NetworkStats,Failed to parse network stats]
07-21 07:09:31.881   520   578 I am_wtf  : [0,520,system_server,-1,NetworkStats,Failed to parse network stats]
07-21 07:09:31.885   520   578 I am_wtf  : [0,520,system_server,-1,NetworkStats,Failed to parse network stats]
07-21 07:09:31.888   520   578 I am_wtf  : [0,520,system_server,-1,NetworkStats,Failed to parse network stats]
07-21 07:09:31.891   520   578 I am_wtf  : [0,520,system_server,-1,NetworkStats,Failed to parse network stats]
07-21 07:09:31.894   520   578 I am_wtf  : [0,520,system_server,-1,NetworkStats,Failed to parse network stats]
07-21 07:09:31.897   520   578 I am_wtf  : [0,520,system_server,-1,NetworkStats,Failed to parse network stats]
07-21 07:09:31.901   520   578 I am_wtf  : [0,520,system_server,-1,NetworkStats,Failed to parse network stats]
07-21 07:09:31.905   520   578 I am_wtf  : [0,520,system_server,-1,NetworkStats,Failed to parse network stats]
07-21 07:09:31.908   520   578 I am_wtf  : [0,520,system_server,-1,NetworkStats,Failed to parse network stats]
07-21 07:09:31.911   520   578 I am_wtf  : [0,520,system_server,-1,NetworkStats,Failed to parse network stats]
07-21 07:09:31.914   520   578 I am_wtf  : [0,520,system_server,-1,NetworkStats,Failed to parse network stats]
07-21 07:09:31.917   520   578 I am_wtf  : [0,520,system_server,-1,NetworkStats,Failed to parse network stats]
07-21 07:09:32.912   520   578 I am_wtf  : [0,520,system_server,-1,NetworkStats,Failed to parse network stats]
07-21 07:09:32.915   520   578 I am_wtf  : [0,520,system_server,-1,NetworkStats,Failed to parse network stats]
07-21 07:09:32.919   520   578 I am_wtf  : [0,520,system_server,-1,NetworkStats,Failed to parse network stats]
07-21 07:09:32.924   520   578 I am_wtf  : [0,520,system_server,-1,NetworkStats,Failed to parse network stats]
07-21 07:09:32.928   520   578 I am_wtf  : [0,520,system_server,-1,NetworkStats,Failed to parse network stats]
07-21 07:09:32.932   520   578 I am_wtf  : [0,520,system_server,-1,NetworkStats,Failed to parse network stats]
07-21 07:09:32.936   520   578 I am_wtf  : [0,520,system_server,-1,NetworkStats,Failed to parse network stats]
07-21 07:09:32.941   520   578 I am_wtf  : [0,520,system_server,-1,NetworkStats,Failed to parse network stats]
07-21 07:09:32.945   520   578 I am_wtf  : [0,520,system_server,-1,NetworkStats,Failed to parse network stats]
07-21 07:09:32.949   520   578 I am_wtf  : [0,520,system_server,-1,NetworkStats,Failed to parse network stats]
07-21 07:09:32.953   520   578 I am_wtf  : [0,520,system_server,-1,NetworkStats,Failed to parse network stats]
07-21 07:09:32.956   520   578 I am_wtf  : [0,520,system_server,-1,NetworkStats,Failed to parse network stats]
07-21 07:09:32.960   520   578 I am_wtf  : [0,520,system_server,-1,NetworkStats,Failed to parse network stats]
07-21 07:09:32.964   520   578 I am_wtf  : [0,520,system_server,-1,NetworkStats,Failed to parse network stats]
07-21 07:09:32.968   520   578 I am_wtf  : [0,520,system_server,-1,NetworkStats,Failed to parse network stats]
07-21 07:09:33.796   520 22643 I wm_task_moved: [11,1,17]
07-21 07:09:33.796   520 22643 I wm_set_resumed_activity: [0,com.android.car.sddemo/.MainActivity,positionChildAt]
07-21 07:09:33.950   520   578 I am_wtf  : [0,520,system_server,-1,NetworkStats,Failed to parse network stats]
07-21 07:09:33.954   520   578 I am_wtf  : [0,520,system_server,-1,NetworkStats,Failed to parse network stats]
07-21 07:09:33.958   520   578 I am_wtf  : [0,520,system_server,-1,NetworkStats,Failed to parse network stats]
07-21 07:09:33.961   520   578 I am_wtf  : [0,520,system_server,-1,NetworkStats,Failed to parse network stats]
07-21 07:09:33.964   520   578 I am_wtf  : [0,520,system_server,-1,NetworkStats,Failed to parse network stats]
07-21 07:09:33.966   520   578 I am_wtf  : [0,520,system_server,-1,NetworkStats,Failed to parse network stats]
07-21 07:09:33.970   520   578 I am_wtf  : [0,520,system_server,-1,NetworkStats,Failed to parse network stats]
07-21 07:09:33.974   520   578 I am_wtf  : [0,520,system_server,-1,NetworkStats,Failed to parse network stats]
07-21 07:09:33.977   520   578 I am_wtf  : [0,520,system_server,-1,NetworkStats,Failed to parse network stats]
07-21 07:09:33.980   520   578 I am_wtf  : [0,520,system_server,-1,NetworkStats,Failed to parse network stats]
07-21 07:09:33.982   520   578 I am_wtf  : [0,520,system_server,-1,NetworkStats,Failed to parse network stats]
07-21 07:09:33.985   520   578 I am_wtf  : [0,520,system_server,-1,NetworkStats,Failed to parse network stats]
07-21 07:09:33.988   520   578 I am_wtf  : [0,520,system_server,-1,NetworkStats,Failed to parse network stats]
07-21 07:09:33.990   520   578 I am_wtf  : [0,520,system_server,-1,NetworkStats,Failed to parse network stats]
07-21 07:09:33.993   520   578 I am_wtf  : [0,520,system_server,-1,NetworkStats,Failed to parse network stats]
07-21 07:09:34.429   520   579 I am_proc_start: [0,29295,10046,com.android.systemui:screenshot,service,{com.android.systemui/com.android.systemui.screenshot.TakeScreenshotService}]
07-21 07:09:34.455   520 22643 I am_proc_bound: [0,29295,com.android.systemui:screenshot]
07-21 07:09:34.517   520 22643 I am_crash: [29295,0,com.android.systemui:screenshot,818462221,java.lang.IllegalStateException,Remote stack trace:
07-21 07:09:34.517   520 22643 I am_crash: 	at com.android.server.wm.DisplayAreaOrganizerController.registerOrganizer(DisplayAreaOrganizerController.java:131)
07-21 07:09:34.517   520 22643 I am_crash: 	at android.window.IDisplayAreaOrganizerController$Stub.onTransact(IDisplayAreaOrganizerController.java:142)
07-21 07:09:34.517   520 22643 I am_crash: 	at android.os.Binder.execTransactInternal(Binder.java:1179)
07-21 07:09:34.517   520 22643 I am_crash: 	at android.os.Binder.execTransact(Binder.java:1143)
07-21 07:09:34.517   520 22643 I am_crash: ,Parcel.java,2433]
07-21 07:09:34.550   520 22643 I am_proc_died: [0,29295,com.android.systemui:screenshot,0,5]
07-21 07:09:34.551   520 22643 I am_schedule_service_restart: [0,com.android.systemui/.screenshot.TakeScreenshotService,0]
07-21 07:09:34.571   520   579 I am_proc_start: [0,29315,10046,com.android.systemui:screenshot,service,{com.android.systemui/com.android.systemui.screenshot.TakeScreenshotService}]
07-21 07:09:34.601   520 22643 I am_proc_bound: [0,29315,com.android.systemui:screenshot]
07-21 07:09:34.657   520 22643 I am_crash: [29315,0,com.android.systemui:screenshot,818462221,java.lang.IllegalStateException,Replacing existing organizer currently unsupported,Parcel.java,2433]
07-21 07:09:34.691   520 22643 I am_proc_died: [0,29315,com.android.systemui:screenshot,0,5]
07-21 07:09:34.692   520 22643 I am_schedule_service_restart: [0,com.android.systemui/.screenshot.TakeScreenshotService,0]
07-21 07:09:34.713   520   579 I am_proc_start: [0,29334,10046,com.android.systemui:screenshot,service,{com.android.systemui/com.android.systemui.screenshot.TakeScreenshotService}]
07-21 07:09:34.739   520 22643 I am_proc_bound: [0,29334,com.android.systemui:screenshot]
07-21 07:09:34.792   520 22643 I am_crash: [29334,0,com.android.systemui:screenshot,818462221,java.lang.IllegalStateException,Replacing existing organizer currently unsupported,Parcel.java,2433]
07-21 07:09:34.819   520 14919 I am_proc_died: [0,29334,com.android.systemui:screenshot,0,5]
07-21 07:09:34.819   520 14919 I am_schedule_service_restart: [0,com.android.systemui/.screenshot.TakeScreenshotService,0]
