07-21 07:10:22.574   520   578 I am_wtf  : [0,520,system_server,-1,NetworkStats,Failed to parse network stats]
07-21 07:10:22.579   520   578 I am_wtf  : [0,520,system_server,-1,NetworkStats,Failed to parse network stats]
07-21 07:10:22.583   520   578 I am_wtf  : [0,520,system_server,-1,NetworkStats,Failed to parse network stats]
07-21 07:10:22.586   520   578 I am_wtf  : [0,520,system_server,-1,NetworkStats,Failed to parse network stats]
07-21 07:10:22.590   520   578 I am_wtf  : [0,520,system_server,-1,NetworkStats,Failed to parse network stats]
07-21 07:10:22.593   520   578 I am_wtf  : [0,520,system_server,-1,NetworkStats,Failed to parse network stats]
07-21 07:10:22.609   520   578 I am_wtf  : [0,520,system_server,-1,NetworkStats,Failed to parse network stats]
07-21 07:10:23.573   520   578 I am_wtf  : [0,520,system_server,-1,NetworkStats,Failed to parse network stats]
07-21 07:10:23.576   520   578 I am_wtf  : [0,520,system_server,-1,NetworkStats,Failed to parse network stats]
07-21 07:10:23.588   520   578 I am_wtf  : [0,520,system_server,-1,NetworkStats,Failed to parse network stats]
07-21 07:10:23.592   520   578 I am_wtf  : [0,520,system_server,-1,NetworkStats,Failed to parse network stats]
07-21 07:10:23.595   520   578 I am_wtf  : [0,520,system_server,-1,NetworkStats,Failed to parse network stats]
07-21 07:10:23.600   520   578 I am_wtf  : [0,520,system_server,-1,NetworkStats,Failed to parse network stats]
07-21 07:10:23.611   520   578 I am_wtf  : [0,520,system_server,-1,NetworkStats,Failed to parse network stats]
07-21 07:10:23.615   520   578 I am_wtf  : [0,520,system_server,-1,NetworkStats,Failed to parse network stats]
07-21 07:10:23.619   520   578 I am_wtf  : [0,520,system_server,-1,NetworkStats,Failed to parse network stats]
07-21 07:10:23.625   520   578 I am_wtf  : [0,520,system_server,-1,NetworkStats,Failed to parse network stats]
07-21 07:10:23.632   520   578 I am_wtf  : [0,520,system_server,-1,NetworkStats,Failed to parse network stats]
07-21 07:10:23.637   520   578 I am_wtf  : [0,520,system_server,-1,NetworkStats,Failed to parse network stats]
07-21 07:10:23.640   520   578 I am_wtf  : [0,520,system_server,-1,NetworkStats,Failed to parse network stats]
07-21 07:10:23.647   520   578 I am_wtf  : [0,520,system_server,-1,NetworkStats,Failed to parse network stats]
07-21 07:10:23.652   520   578 I am_wtf  : [0,520,system_server,-1,NetworkStats,Failed to parse network stats]
07-21 07:10:24.611   520   578 I am_wtf  : [0,520,system_server,-1,NetworkStats,Failed to parse network stats]
07-21 07:10:24.615   520   578 I am_wtf  : [0,520,system_server,-1,NetworkStats,Failed to parse network stats]
07-21 07:10:24.618   520   578 I am_wtf  : [0,520,system_server,-1,NetworkStats,Failed to parse network stats]
07-21 07:10:24.621   520   578 I am_wtf  : [0,520,system_server,-1,NetworkStats,Failed to parse network stats]
07-21 07:10:24.624   520   578 I am_wtf  : [0,520,system_server,-1,NetworkStats,Failed to parse network stats]
07-21 07:10:24.627   520   578 I am_wtf  : [0,520,system_server,-1,NetworkStats,Failed to parse network stats]
07-21 07:10:24.630   520   578 I am_wtf  : [0,520,system_server,-1,NetworkStats,Failed to parse network stats]
07-21 07:10:24.634   520   578 I am_wtf  : [0,520,system_server,-1,NetworkStats,Failed to parse network stats]
07-21 07:10:24.637   520   578 I am_wtf  : [0,520,system_server,-1,NetworkStats,Failed to parse network stats]
07-21 07:10:24.641   520   578 I am_wtf  : [0,520,system_server,-1,NetworkStats,Failed to parse network stats]
07-21 07:10:24.644   520   578 I am_wtf  : [0,520,system_server,-1,NetworkStats,Failed to parse network stats]
07-21 07:10:24.647   520   578 I am_wtf  : [0,520,system_server,-1,NetworkStats,Failed to parse network stats]
07-21 07:10:24.650   520   578 I am_wtf  : [0,520,system_server,-1,NetworkStats,Failed to parse network stats]
07-21 07:10:24.653   520   578 I am_wtf  : [0,520,system_server,-1,NetworkStats,Failed to parse network stats]
07-21 07:10:24.655   520   578 I am_wtf  : [0,520,system_server,-1,NetworkStats,Failed to parse network stats]
07-21 07:10:25.649   520   578 I am_wtf  : [0,520,system_server,-1,NetworkStats,Failed to parse network stats]
07-21 07:10:25.655   520   578 I am_wtf  : [0,520,system_server,-1,NetworkStats,Failed to parse network stats]
07-21 07:10:25.657   520   578 I am_wtf  : [0,520,system_server,-1,NetworkStats,Failed to parse network stats]
07-21 07:10:25.661   520   578 I am_wtf  : [0,520,system_server,-1,NetworkStats,Failed to parse network stats]
07-21 07:10:25.665   520   578 I am_wtf  : [0,520,system_server,-1,NetworkStats,Failed to parse network stats]
07-21 07:10:25.669   520   578 I am_wtf  : [0,520,system_server,-1,NetworkStats,Failed to parse network stats]
07-21 07:10:25.672   520   578 I am_wtf  : [0,520,system_server,-1,NetworkStats,Failed to parse network stats]
07-21 07:10:25.675   520   578 I am_wtf  : [0,520,system_server,-1,NetworkStats,Failed to parse network stats]
07-21 07:10:25.680   520   578 I am_wtf  : [0,520,system_server,-1,NetworkStats,Failed to parse network stats]
07-21 07:10:25.687   520   578 I am_wtf  : [0,520,system_server,-1,NetworkStats,Failed to parse network stats]
07-21 07:10:25.691   520   578 I am_wtf  : [0,520,system_server,-1,NetworkStats,Failed to parse network stats]
07-21 07:10:25.696   520   578 I am_wtf  : [0,520,system_server,-1,NetworkStats,Failed to parse network stats]
07-21 07:10:25.700   520   578 I am_wtf  : [0,520,system_server,-1,NetworkStats,Failed to parse network stats]
07-21 07:10:25.703   520   578 I am_wtf  : [0,520,system_server,-1,NetworkStats,Failed to parse network stats]
07-21 07:10:25.706   520   578 I am_wtf  : [0,520,system_server,-1,NetworkStats,Failed to parse network stats]
07-21 07:10:26.686   520  2605 I service_manager_stats: [150,60,5190]
07-21 07:10:26.687   520   578 I am_wtf  : [0,520,system_server,-1,NetworkStats,Failed to parse network stats]
07-21 07:10:26.692   520   578 I am_wtf  : [0,520,system_server,-1,NetworkStats,Failed to parse network stats]
07-21 07:10:26.697   520   578 I am_wtf  : [0,520,system_server,-1,NetworkStats,Failed to parse network stats]
07-21 07:10:26.702   520   578 I am_wtf  : [0,520,system_server,-1,NetworkStats,Failed to parse network stats]
07-21 07:10:26.713   520   578 I am_wtf  : [0,520,system_server,-1,NetworkStats,Failed to parse network stats]
07-21 07:10:26.717   520   578 I am_wtf  : [0,520,system_server,-1,NetworkStats,Failed to parse network stats]
07-21 07:10:26.722   520   578 I am_wtf  : [0,520,system_server,-1,NetworkStats,Failed to parse network stats]
07-21 07:10:26.728   520   578 I am_wtf  : [0,520,system_server,-1,NetworkStats,Failed to parse network stats]
07-21 07:10:26.734   520   578 I am_wtf  : [0,520,system_server,-1,NetworkStats,Failed to parse network stats]
07-21 07:10:26.739   520   578 I am_wtf  : [0,520,system_server,-1,NetworkStats,Failed to parse network stats]
07-21 07:10:26.748   520   578 I am_wtf  : [0,520,system_server,-1,NetworkStats,Failed to parse network stats]
07-21 07:10:26.753   520   578 I am_wtf  : [0,520,system_server,-1,NetworkStats,Failed to parse network stats]
07-21 07:10:26.756   520   578 I am_wtf  : [0,520,system_server,-1,NetworkStats,Failed to parse network stats]
07-21 07:10:26.762   520   578 I am_wtf  : [0,520,system_server,-1,NetworkStats,Failed to parse network stats]
07-21 07:10:26.772   520   578 I am_wtf  : [0,520,system_server,-1,NetworkStats,Failed to parse network stats]
07-21 07:10:27.705   520   578 I am_wtf  : [0,520,system_server,-1,NetworkStats,Failed to parse network stats]
07-21 07:10:27.709   520   578 I am_wtf  : [0,520,system_server,-1,NetworkStats,Failed to parse network stats]
07-21 07:10:27.714   520   578 I am_wtf  : [0,520,system_server,-1,NetworkStats,Failed to parse network stats]
07-21 07:10:27.721   520   578 I am_wtf  : [0,520,system_server,-1,NetworkStats,Failed to parse network stats]
07-21 07:10:27.725   520   578 I am_wtf  : [0,520,system_server,-1,NetworkStats,Failed to parse network stats]
07-21 07:10:27.729   520   578 I am_wtf  : [0,520,system_server,-1,NetworkStats,Failed to parse network stats]
07-21 07:10:27.734   520   578 I am_wtf  : [0,520,system_server,-1,NetworkStats,Failed to parse network stats]
07-21 07:10:27.739   520   578 I am_wtf  : [0,520,system_server,-1,NetworkStats,Failed to parse network stats]
07-21 07:10:27.744   520   578 I am_wtf  : [0,520,system_server,-1,NetworkStats,Failed to parse network stats]
07-21 07:10:27.749   520   578 I am_wtf  : [0,520,system_server,-1,NetworkStats,Failed to parse network stats]
07-21 07:10:27.755   520   578 I am_wtf  : [0,520,system_server,-1,NetworkStats,Failed to parse network stats]
07-21 07:10:27.759   520   578 I am_wtf  : [0,520,system_server,-1,NetworkStats,Failed to parse network stats]
07-21 07:10:27.762   520   578 I am_wtf  : [0,520,system_server,-1,NetworkStats,Failed to parse network stats]
07-21 07:10:27.766   520   578 I am_wtf  : [0,520,system_server,-1,NetworkStats,Failed to parse network stats]
07-21 07:10:27.770   520   578 I am_wtf  : [0,520,system_server,-1,NetworkStats,Failed to parse network stats]
07-21 07:10:28.750   520   578 I am_wtf  : [0,520,system_server,-1,NetworkStats,Failed to parse network stats]
07-21 07:10:28.755   520   578 I am_wtf  : [0,520,system_server,-1,NetworkStats,Failed to parse network stats]
07-21 07:10:28.761   520   578 I am_wtf  : [0,520,system_server,-1,NetworkStats,Failed to parse network stats]
07-21 07:10:28.767   520   578 I am_wtf  : [0,520,system_server,-1,NetworkStats,Failed to parse network stats]
07-21 07:10:28.774   520   578 I am_wtf  : [0,520,system_server,-1,NetworkStats,Failed to parse network stats]
07-21 07:10:28.778   520   578 I am_wtf  : [0,520,system_server,-1,NetworkStats,Failed to parse network stats]
07-21 07:10:28.785   520   578 I am_wtf  : [0,520,system_server,-1,NetworkStats,Failed to parse network stats]
07-21 07:10:28.790   520   578 I am_wtf  : [0,520,system_server,-1,NetworkStats,Failed to parse network stats]
07-21 07:10:28.795   520   578 I am_wtf  : [0,520,system_server,-1,NetworkStats,Failed to parse network stats]
07-21 07:10:28.806   520   578 I am_wtf  : [0,520,system_server,-1,NetworkStats,Failed to parse network stats]
07-21 07:10:28.810   520   578 I am_wtf  : [0,520,system_server,-1,NetworkStats,Failed to parse network stats]
07-21 07:10:28.815   520   578 I am_wtf  : [0,520,system_server,-1,NetworkStats,Failed to parse network stats]
07-21 07:10:28.819   520   578 I am_wtf  : [0,520,system_server,-1,NetworkStats,Failed to parse network stats]
07-21 07:10:28.822   520   578 I am_wtf  : [0,520,system_server,-1,NetworkStats,Failed to parse network stats]
07-21 07:10:28.826   520   578 I am_wtf  : [0,520,system_server,-1,NetworkStats,Failed to parse network stats]
07-21 07:10:29.790   520   578 I am_wtf  : [0,520,system_server,-1,NetworkStats,Failed to parse network stats]
07-21 07:10:29.794   520   578 I am_wtf  : [0,520,system_server,-1,NetworkStats,Failed to parse network stats]
07-21 07:10:29.799   520   578 I am_wtf  : [0,520,system_server,-1,NetworkStats,Failed to parse network stats]
07-21 07:10:29.805   520   578 I am_wtf  : [0,520,system_server,-1,NetworkStats,Failed to parse network stats]
07-21 07:10:29.809   520   578 I am_wtf  : [0,520,system_server,-1,NetworkStats,Failed to parse network stats]
07-21 07:10:29.813   520   578 I am_wtf  : [0,520,system_server,-1,NetworkStats,Failed to parse network stats]
07-21 07:10:29.818   520   578 I am_wtf  : [0,520,system_server,-1,NetworkStats,Failed to parse network stats]
07-21 07:10:29.826   520   578 I am_wtf  : [0,520,system_server,-1,NetworkStats,Failed to parse network stats]
07-21 07:10:29.835   520   578 I am_wtf  : [0,520,system_server,-1,NetworkStats,Failed to parse network stats]
07-21 07:10:29.842   520   578 I am_wtf  : [0,520,system_server,-1,NetworkStats,Failed to parse network stats]
07-21 07:10:29.846   520   578 I am_wtf  : [0,520,system_server,-1,NetworkStats,Failed to parse network stats]
07-21 07:10:29.850   520   578 I am_wtf  : [0,520,system_server,-1,NetworkStats,Failed to parse network stats]
07-21 07:10:29.854   520   578 I am_wtf  : [0,520,system_server,-1,NetworkStats,Failed to parse network stats]
07-21 07:10:29.863   520   578 I am_wtf  : [0,520,system_server,-1,NetworkStats,Failed to parse network stats]
07-21 07:10:29.870   520   578 I am_wtf  : [0,520,system_server,-1,NetworkStats,Failed to parse network stats]
07-21 07:10:30.823   520   578 I am_wtf  : [0,520,system_server,-1,NetworkStats,Failed to parse network stats]
07-21 07:10:30.827   520   578 I am_wtf  : [0,520,system_server,-1,NetworkStats,Failed to parse network stats]
07-21 07:10:30.831   520   578 I am_wtf  : [0,520,system_server,-1,NetworkStats,Failed to parse network stats]
07-21 07:10:30.835   520   578 I am_wtf  : [0,520,system_server,-1,NetworkStats,Failed to parse network stats]
07-21 07:10:30.840   520   578 I am_wtf  : [0,520,system_server,-1,NetworkStats,Failed to parse network stats]
07-21 07:10:30.846   520   578 I am_wtf  : [0,520,system_server,-1,NetworkStats,Failed to parse network stats]
07-21 07:10:30.854   520   578 I am_wtf  : [0,520,system_server,-1,NetworkStats,Failed to parse network stats]
07-21 07:10:30.857   520   578 I am_wtf  : [0,520,system_server,-1,NetworkStats,Failed to parse network stats]
07-21 07:10:30.861   520   578 I am_wtf  : [0,520,system_server,-1,NetworkStats,Failed to parse network stats]
07-21 07:10:30.864   520   578 I am_wtf  : [0,520,system_server,-1,NetworkStats,Failed to parse network stats]
07-21 07:10:30.868   520   578 I am_wtf  : [0,520,system_server,-1,NetworkStats,Failed to parse network stats]
07-21 07:10:30.871   520   578 I am_wtf  : [0,520,system_server,-1,NetworkStats,Failed to parse network stats]
07-21 07:10:30.875   520   578 I am_wtf  : [0,520,system_server,-1,NetworkStats,Failed to parse network stats]
07-21 07:10:30.880   520   578 I am_wtf  : [0,520,system_server,-1,NetworkStats,Failed to parse network stats]
07-21 07:10:30.884   520   578 I am_wtf  : [0,520,system_server,-1,NetworkStats,Failed to parse network stats]
07-21 07:10:31.745   520   959 I storage_state: [41217664-9172-527a-b3d5-edabb50a7d69,0,0,13353504768,20951056384]
07-21 07:10:31.857   520 14919 I service_manager_stats: [150,55,5171]
07-21 07:10:31.859   520   578 I am_wtf  : [0,520,system_server,-1,NetworkStats,Failed to parse network stats]
07-21 07:10:31.862   520   578 I am_wtf  : [0,520,system_server,-1,NetworkStats,Failed to parse network stats]
07-21 07:10:31.866   520   578 I am_wtf  : [0,520,system_server,-1,NetworkStats,Failed to parse network stats]
07-21 07:10:31.869   520   578 I am_wtf  : [0,520,system_server,-1,NetworkStats,Failed to parse network stats]
07-21 07:10:31.873   520   578 I am_wtf  : [0,520,system_server,-1,NetworkStats,Failed to parse network stats]
07-21 07:10:31.877   520   578 I am_wtf  : [0,520,system_server,-1,NetworkStats,Failed to parse network stats]
07-21 07:10:31.880   520   578 I am_wtf  : [0,520,system_server,-1,NetworkStats,Failed to parse network stats]
07-21 07:10:31.885   520   578 I am_wtf  : [0,520,system_server,-1,NetworkStats,Failed to parse network stats]
07-21 07:10:31.888   520   578 I am_wtf  : [0,520,system_server,-1,NetworkStats,Failed to parse network stats]
07-21 07:10:31.891   520   578 I am_wtf  : [0,520,system_server,-1,NetworkStats,Failed to parse network stats]
07-21 07:10:31.894   520   578 I am_wtf  : [0,520,system_server,-1,NetworkStats,Failed to parse network stats]
07-21 07:10:31.898   520   578 I am_wtf  : [0,520,system_server,-1,NetworkStats,Failed to parse network stats]
07-21 07:10:31.902   520   578 I am_wtf  : [0,520,system_server,-1,NetworkStats,Failed to parse network stats]
07-21 07:10:31.905   520   578 I am_wtf  : [0,520,system_server,-1,NetworkStats,Failed to parse network stats]
07-21 07:10:31.908   520   578 I am_wtf  : [0,520,system_server,-1,NetworkStats,Failed to parse network stats]
07-21 07:10:32.896   520   578 I am_wtf  : [0,520,system_server,-1,NetworkStats,Failed to parse network stats]
07-21 07:10:32.899   520   578 I am_wtf  : [0,520,system_server,-1,NetworkStats,Failed to parse network stats]
07-21 07:10:32.905   520   578 I am_wtf  : [0,520,system_server,-1,NetworkStats,Failed to parse network stats]
07-21 07:10:32.908   520   578 I am_wtf  : [0,520,system_server,-1,NetworkStats,Failed to parse network stats]
07-21 07:10:32.913   520   578 I am_wtf  : [0,520,system_server,-1,NetworkStats,Failed to parse network stats]
07-21 07:10:32.917   520   578 I am_wtf  : [0,520,system_server,-1,NetworkStats,Failed to parse network stats]
07-21 07:10:32.921   520   578 I am_wtf  : [0,520,system_server,-1,NetworkStats,Failed to parse network stats]
07-21 07:10:32.927   520   578 I am_wtf  : [0,520,system_server,-1,NetworkStats,Failed to parse network stats]
07-21 07:10:32.932   520   578 I am_wtf  : [0,520,system_server,-1,NetworkStats,Failed to parse network stats]
07-21 07:10:32.936   520   578 I am_wtf  : [0,520,system_server,-1,NetworkStats,Failed to parse network stats]
07-21 07:10:32.940   520   578 I am_wtf  : [0,520,system_server,-1,NetworkStats,Failed to parse network stats]
07-21 07:10:32.944   520   578 I am_wtf  : [0,520,system_server,-1,NetworkStats,Failed to parse network stats]
07-21 07:10:32.948   520   578 I am_wtf  : [0,520,system_server,-1,NetworkStats,Failed to parse network stats]
07-21 07:10:32.953   520   578 I am_wtf  : [0,520,system_server,-1,NetworkStats,Failed to parse network stats]
07-21 07:10:32.957   520   578 I am_wtf  : [0,520,system_server,-1,NetworkStats,Failed to parse network stats]
07-21 07:10:33.936   520   578 I am_wtf  : [0,520,system_server,-1,NetworkStats,Failed to parse network stats]
07-21 07:10:33.940   520   578 I am_wtf  : [0,520,system_server,-1,NetworkStats,Failed to parse network stats]
07-21 07:10:33.943   520   578 I am_wtf  : [0,520,system_server,-1,NetworkStats,Failed to parse network stats]
07-21 07:10:33.952   520   578 I am_wtf  : [0,520,system_server,-1,NetworkStats,Failed to parse network stats]
07-21 07:10:33.960   520   578 I am_wtf  : [0,520,system_server,-1,NetworkStats,Failed to parse network stats]
07-21 07:10:33.963   520   578 I am_wtf  : [0,520,system_server,-1,NetworkStats,Failed to parse network stats]
07-21 07:10:33.966   520   578 I am_wtf  : [0,520,system_server,-1,NetworkStats,Failed to parse network stats]
07-21 07:10:33.970   520   578 I am_wtf  : [0,520,system_server,-1,NetworkStats,Failed to parse network stats]
07-21 07:10:33.974   520   578 I am_wtf  : [0,520,system_server,-1,NetworkStats,Failed to parse network stats]
07-21 07:10:33.979   520   578 I am_wtf  : [0,520,system_server,-1,NetworkStats,Failed to parse network stats]
07-21 07:10:33.982   520   578 I am_wtf  : [0,520,system_server,-1,NetworkStats,Failed to parse network stats]
07-21 07:10:33.986   520   578 I am_wtf  : [0,520,system_server,-1,NetworkStats,Failed to parse network stats]
07-21 07:10:33.989   520   578 I am_wtf  : [0,520,system_server,-1,NetworkStats,Failed to parse network stats]
07-21 07:10:33.993   520   578 I am_wtf  : [0,520,system_server,-1,NetworkStats,Failed to parse network stats]
07-21 07:10:34.001   520   578 I am_wtf  : [0,520,system_server,-1,NetworkStats,Failed to parse network stats]
07-21 07:10:34.937   520   578 I am_wtf  : [0,520,system_server,-1,NetworkStats,Failed to parse network stats]
07-21 07:10:34.941   520   578 I am_wtf  : [0,520,system_server,-1,NetworkStats,Failed to parse network stats]
07-21 07:10:34.944   520   578 I am_wtf  : [0,520,system_server,-1,NetworkStats,Failed to parse network stats]
07-21 07:10:34.947   520   578 I am_wtf  : [0,520,system_server,-1,NetworkStats,Failed to parse network stats]
07-21 07:10:34.951   520   578 I am_wtf  : [0,520,system_server,-1,NetworkStats,Failed to parse network stats]
07-21 07:10:34.955   520   578 I am_wtf  : [0,520,system_server,-1,NetworkStats,Failed to parse network stats]
07-21 07:10:34.959   520   578 I am_wtf  : [0,520,system_server,-1,NetworkStats,Failed to parse network stats]
07-21 07:10:34.962   520   578 I am_wtf  : [0,520,system_server,-1,NetworkStats,Failed to parse network stats]
07-21 07:10:34.965   520   578 I am_wtf  : [0,520,system_server,-1,NetworkStats,Failed to parse network stats]
07-21 07:10:34.969   520   578 I am_wtf  : [0,520,system_server,-1,NetworkStats,Failed to parse network stats]
07-21 07:10:34.973   520   578 I am_wtf  : [0,520,system_server,-1,NetworkStats,Failed to parse network stats]
07-21 07:10:34.976   520   578 I am_wtf  : [0,520,system_server,-1,NetworkStats,Failed to parse network stats]
07-21 07:10:34.979   520   578 I am_wtf  : [0,520,system_server,-1,NetworkStats,Failed to parse network stats]
07-21 07:10:34.982   520   578 I am_wtf  : [0,520,system_server,-1,NetworkStats,Failed to parse network stats]
07-21 07:10:34.985   520   578 I am_wtf  : [0,520,system_server,-1,NetworkStats,Failed to parse network stats]
07-21 07:10:35.902   520   645 I input_interaction: Interaction with: b15b5c9 TopCarSystemBar (server), PointerEventDispatcher0 (server), 
07-21 07:10:35.977   520   578 I am_wtf  : [0,520,system_server,-1,NetworkStats,Failed to parse network stats]
07-21 07:10:35.987   520   578 I am_wtf  : [0,520,system_server,-1,NetworkStats,Failed to parse network stats]
07-21 07:10:35.992   520   578 I am_wtf  : [0,520,system_server,-1,NetworkStats,Failed to parse network stats]
07-21 07:10:36.008   520   578 I am_wtf  : [0,520,system_server,-1,NetworkStats,Failed to parse network stats]
07-21 07:10:36.011   520   578 I am_wtf  : [0,520,system_server,-1,NetworkStats,Failed to parse network stats]
07-21 07:10:36.025   520   578 I am_wtf  : [0,520,system_server,-1,NetworkStats,Failed to parse network stats]
07-21 07:10:36.029   520   578 I am_wtf  : [0,520,system_server,-1,NetworkStats,Failed to parse network stats]
07-21 07:10:36.033   520   578 I am_wtf  : [0,520,system_server,-1,NetworkStats,Failed to parse network stats]
07-21 07:10:36.043   520   578 I am_wtf  : [0,520,system_server,-1,NetworkStats,Failed to parse network stats]
07-21 07:10:36.049   520   578 I am_wtf  : [0,520,system_server,-1,NetworkStats,Failed to parse network stats]
07-21 07:10:36.056   520   578 I am_wtf  : [0,520,system_server,-1,NetworkStats,Failed to parse network stats]
07-21 07:10:36.062   520   578 I am_wtf  : [0,520,system_server,-1,NetworkStats,Failed to parse network stats]
07-21 07:10:36.067   520   578 I am_wtf  : [0,520,system_server,-1,NetworkStats,Failed to parse network stats]
07-21 07:10:36.073   520   578 I am_wtf  : [0,520,system_server,-1,NetworkStats,Failed to parse network stats]
07-21 07:10:36.084   520   578 I am_wtf  : [0,520,system_server,-1,NetworkStats,Failed to parse network stats]
07-21 07:10:36.106   520   645 I input_interaction: Interaction with: 3e220bb com.android.gallery3d/com.android.gallery3d.app.TrimVideo (server), PointerEventDispatcher0 (server), 
07-21 07:10:36.979   520  2605 I service_manager_stats: [150,44,5122]
07-21 07:10:36.980   520   578 I am_wtf  : [0,520,system_server,-1,NetworkStats,Failed to parse network stats]
07-21 07:10:36.985   520   578 I am_wtf  : [0,520,system_server,-1,NetworkStats,Failed to parse network stats]
07-21 07:10:36.988   520   578 I am_wtf  : [0,520,system_server,-1,NetworkStats,Failed to parse network stats]
07-21 07:10:36.991   520   578 I am_wtf  : [0,520,system_server,-1,NetworkStats,Failed to parse network stats]
07-21 07:10:36.994   520   578 I am_wtf  : [0,520,system_server,-1,NetworkStats,Failed to parse network stats]
07-21 07:10:36.998   520   578 I am_wtf  : [0,520,system_server,-1,NetworkStats,Failed to parse network stats]
07-21 07:10:37.002   520   578 I am_wtf  : [0,520,system_server,-1,NetworkStats,Failed to parse network stats]
07-21 07:10:37.005   520   578 I am_wtf  : [0,520,system_server,-1,NetworkStats,Failed to parse network stats]
07-21 07:10:37.008   520   578 I am_wtf  : [0,520,system_server,-1,NetworkStats,Failed to parse network stats]
07-21 07:10:37.011   520   578 I am_wtf  : [0,520,system_server,-1,NetworkStats,Failed to parse network stats]
07-21 07:10:37.014   520   578 I am_wtf  : [0,520,system_server,-1,NetworkStats,Failed to parse network stats]
07-21 07:10:37.018   520   578 I am_wtf  : [0,520,system_server,-1,NetworkStats,Failed to parse network stats]
07-21 07:10:37.022   520   578 I am_wtf  : [0,520,system_server,-1,NetworkStats,Failed to parse network stats]
07-21 07:10:37.026   520   578 I am_wtf  : [0,520,system_server,-1,NetworkStats,Failed to parse network stats]
07-21 07:10:37.030   520   578 I am_wtf  : [0,520,system_server,-1,NetworkStats,Failed to parse network stats]
07-21 07:10:38.001   520   578 I am_wtf  : [0,520,system_server,-1,NetworkStats,Failed to parse network stats]
07-21 07:10:38.003   520   578 I am_wtf  : [0,520,system_server,-1,NetworkStats,Failed to parse network stats]
07-21 07:10:38.007   520   578 I am_wtf  : [0,520,system_server,-1,NetworkStats,Failed to parse network stats]
07-21 07:10:38.010   520   578 I am_wtf  : [0,520,system_server,-1,NetworkStats,Failed to parse network stats]
07-21 07:10:38.013   520   578 I am_wtf  : [0,520,system_server,-1,NetworkStats,Failed to parse network stats]
07-21 07:10:38.016   520   578 I am_wtf  : [0,520,system_server,-1,NetworkStats,Failed to parse network stats]
07-21 07:10:38.019   520   578 I am_wtf  : [0,520,system_server,-1,NetworkStats,Failed to parse network stats]
07-21 07:10:38.023   520   578 I am_wtf  : [0,520,system_server,-1,NetworkStats,Failed to parse network stats]
07-21 07:10:38.027   520   578 I am_wtf  : [0,520,system_server,-1,NetworkStats,Failed to parse network stats]
07-21 07:10:38.030   520   578 I am_wtf  : [0,520,system_server,-1,NetworkStats,Failed to parse network stats]
07-21 07:10:38.033   520   578 I am_wtf  : [0,520,system_server,-1,NetworkStats,Failed to parse network stats]
07-21 07:10:38.035   520   578 I am_wtf  : [0,520,system_server,-1,NetworkStats,Failed to parse network stats]
07-21 07:10:38.038   520   578 I am_wtf  : [0,520,system_server,-1,NetworkStats,Failed to parse network stats]
07-21 07:10:38.041   520   578 I am_wtf  : [0,520,system_server,-1,NetworkStats,Failed to parse network stats]
07-21 07:10:38.045   520   578 I am_wtf  : [0,520,system_server,-1,NetworkStats,Failed to parse network stats]
07-21 07:10:39.013   520   578 I am_wtf  : [0,520,system_server,-1,NetworkStats,Failed to parse network stats]
07-21 07:10:39.017   520   578 I am_wtf  : [0,520,system_server,-1,NetworkStats,Failed to parse network stats]
07-21 07:10:39.020   520   578 I am_wtf  : [0,520,system_server,-1,NetworkStats,Failed to parse network stats]
07-21 07:10:39.023   520   578 I am_wtf  : [0,520,system_server,-1,NetworkStats,Failed to parse network stats]
07-21 07:10:39.026   520   578 I am_wtf  : [0,520,system_server,-1,NetworkStats,Failed to parse network stats]
07-21 07:10:39.029   520   578 I am_wtf  : [0,520,system_server,-1,NetworkStats,Failed to parse network stats]
07-21 07:10:39.033   520   578 I am_wtf  : [0,520,system_server,-1,NetworkStats,Failed to parse network stats]
07-21 07:10:39.035   520   578 I am_wtf  : [0,520,system_server,-1,NetworkStats,Failed to parse network stats]
07-21 07:10:39.038   520   578 I am_wtf  : [0,520,system_server,-1,NetworkStats,Failed to parse network stats]
07-21 07:10:39.042   520   578 I am_wtf  : [0,520,system_server,-1,NetworkStats,Failed to parse network stats]
07-21 07:10:39.045   520   578 I am_wtf  : [0,520,system_server,-1,NetworkStats,Failed to parse network stats]
07-21 07:10:39.048   520   578 I am_wtf  : [0,520,system_server,-1,NetworkStats,Failed to parse network stats]
07-21 07:10:39.051   520   578 I am_wtf  : [0,520,system_server,-1,NetworkStats,Failed to parse network stats]
07-21 07:10:39.055   520   578 I am_wtf  : [0,520,system_server,-1,NetworkStats,Failed to parse network stats]
07-21 07:10:39.058   520   578 I am_wtf  : [0,520,system_server,-1,NetworkStats,Failed to parse network stats]
07-21 07:10:39.232   520   645 I input_interaction: Interaction with: b15b5c9 TopCarSystemBar (server), PointerEventDispatcher0 (server), 
07-21 07:10:39.436   520   645 I input_interaction: Interaction with: 3e220bb com.android.gallery3d/com.android.gallery3d.app.TrimVideo (server), PointerEventDispatcher0 (server), 
07-21 07:10:40.044   520   578 I am_wtf  : [0,520,system_server,-1,NetworkStats,Failed to parse network stats]
07-21 07:10:40.048   520   578 I am_wtf  : [0,520,system_server,-1,NetworkStats,Failed to parse network stats]
07-21 07:10:40.051   520   578 I am_wtf  : [0,520,system_server,-1,NetworkStats,Failed to parse network stats]
07-21 07:10:40.054   520   578 I am_wtf  : [0,520,system_server,-1,NetworkStats,Failed to parse network stats]
07-21 07:10:40.057   520   578 I am_wtf  : [0,520,system_server,-1,NetworkStats,Failed to parse network stats]
07-21 07:10:40.060   520   578 I am_wtf  : [0,520,system_server,-1,NetworkStats,Failed to parse network stats]
07-21 07:10:40.063   520   578 I am_wtf  : [0,520,system_server,-1,NetworkStats,Failed to parse network stats]
07-21 07:10:40.066   520   578 I am_wtf  : [0,520,system_server,-1,NetworkStats,Failed to parse network stats]
07-21 07:10:40.069   520   578 I am_wtf  : [0,520,system_server,-1,NetworkStats,Failed to parse network stats]
07-21 07:10:40.072   520   578 I am_wtf  : [0,520,system_server,-1,NetworkStats,Failed to parse network stats]
07-21 07:10:40.077   520   578 I am_wtf  : [0,520,system_server,-1,NetworkStats,Failed to parse network stats]
07-21 07:10:40.080   520   578 I am_wtf  : [0,520,system_server,-1,NetworkStats,Failed to parse network stats]
07-21 07:10:40.082   520   578 I am_wtf  : [0,520,system_server,-1,NetworkStats,Failed to parse network stats]
07-21 07:10:40.085   520   578 I am_wtf  : [0,520,system_server,-1,NetworkStats,Failed to parse network stats]
07-21 07:10:40.087   520   578 I am_wtf  : [0,520,system_server,-1,NetworkStats,Failed to parse network stats]
07-21 07:10:41.083   520   578 I am_wtf  : [0,520,system_server,-1,NetworkStats,Failed to parse network stats]
07-21 07:10:41.091   520   578 I am_wtf  : [0,520,system_server,-1,NetworkStats,Failed to parse network stats]
07-21 07:10:41.102   520   578 I am_wtf  : [0,520,system_server,-1,NetworkStats,Failed to parse network stats]
07-21 07:10:41.111   520   578 I am_wtf  : [0,520,system_server,-1,NetworkStats,Failed to parse network stats]
07-21 07:10:41.116   520   578 I am_wtf  : [0,520,system_server,-1,NetworkStats,Failed to parse network stats]
07-21 07:10:41.119   520   578 I am_wtf  : [0,520,system_server,-1,NetworkStats,Failed to parse network stats]
07-21 07:10:41.124   520   578 I am_wtf  : [0,520,system_server,-1,NetworkStats,Failed to parse network stats]
07-21 07:10:41.128   520   578 I am_wtf  : [0,520,system_server,-1,NetworkStats,Failed to parse network stats]
07-21 07:10:41.135   520   578 I am_wtf  : [0,520,system_server,-1,NetworkStats,Failed to parse network stats]
07-21 07:10:41.147   520   578 I am_wtf  : [0,520,system_server,-1,NetworkStats,Failed to parse network stats]
07-21 07:10:41.151   520   578 I am_wtf  : [0,520,system_server,-1,NetworkStats,Failed to parse network stats]
07-21 07:10:41.157   520   578 I am_wtf  : [0,520,system_server,-1,NetworkStats,Failed to parse network stats]
07-21 07:10:41.163   520   578 I am_wtf  : [0,520,system_server,-1,NetworkStats,Failed to parse network stats]
07-21 07:10:41.166   520   578 I am_wtf  : [0,520,system_server,-1,NetworkStats,Failed to parse network stats]
07-21 07:10:41.169   520   578 I am_wtf  : [0,520,system_server,-1,NetworkStats,Failed to parse network stats]
07-21 07:10:42.116   520 14919 I service_manager_stats: [151,47,5137]
07-21 07:10:42.118   520   578 I am_wtf  : [0,520,system_server,-1,NetworkStats,Failed to parse network stats]
07-21 07:10:42.121   520   578 I am_wtf  : [0,520,system_server,-1,NetworkStats,Failed to parse network stats]
07-21 07:10:42.124   520   578 I am_wtf  : [0,520,system_server,-1,NetworkStats,Failed to parse network stats]
07-21 07:10:42.127   520   578 I am_wtf  : [0,520,system_server,-1,NetworkStats,Failed to parse network stats]
07-21 07:10:42.129   520   578 I am_wtf  : [0,520,system_server,-1,NetworkStats,Failed to parse network stats]
07-21 07:10:42.132   520   578 I am_wtf  : [0,520,system_server,-1,NetworkStats,Failed to parse network stats]
07-21 07:10:42.135   520   578 I am_wtf  : [0,520,system_server,-1,NetworkStats,Failed to parse network stats]
07-21 07:10:42.138   520   578 I am_wtf  : [0,520,system_server,-1,NetworkStats,Failed to parse network stats]
07-21 07:10:42.141   520   578 I am_wtf  : [0,520,system_server,-1,NetworkStats,Failed to parse network stats]
07-21 07:10:42.143   520   578 I am_wtf  : [0,520,system_server,-1,NetworkStats,Failed to parse network stats]
07-21 07:10:42.146   520   578 I am_wtf  : [0,520,system_server,-1,NetworkStats,Failed to parse network stats]
07-21 07:10:42.150   520   578 I am_wtf  : [0,520,system_server,-1,NetworkStats,Failed to parse network stats]
07-21 07:10:42.152   520   578 I am_wtf  : [0,520,system_server,-1,NetworkStats,Failed to parse network stats]
07-21 07:10:42.155   520   578 I am_wtf  : [0,520,system_server,-1,NetworkStats,Failed to parse network stats]
07-21 07:10:42.158   520   578 I am_wtf  : [0,520,system_server,-1,NetworkStats,Failed to parse network stats]
07-21 07:10:43.157   520   578 I am_wtf  : [0,520,system_server,-1,NetworkStats,Failed to parse network stats]
07-21 07:10:43.160   520   578 I am_wtf  : [0,520,system_server,-1,NetworkStats,Failed to parse network stats]
07-21 07:10:43.163   520   578 I am_wtf  : [0,520,system_server,-1,NetworkStats,Failed to parse network stats]
07-21 07:10:43.168   520   578 I am_wtf  : [0,520,system_server,-1,NetworkStats,Failed to parse network stats]
07-21 07:10:43.173   520   578 I am_wtf  : [0,520,system_server,-1,NetworkStats,Failed to parse network stats]
07-21 07:10:43.176   520   578 I am_wtf  : [0,520,system_server,-1,NetworkStats,Failed to parse network stats]
07-21 07:10:43.179   520   578 I am_wtf  : [0,520,system_server,-1,NetworkStats,Failed to parse network stats]
07-21 07:10:43.183   520   578 I am_wtf  : [0,520,system_server,-1,NetworkStats,Failed to parse network stats]
07-21 07:10:43.187   520   578 I am_wtf  : [0,520,system_server,-1,NetworkStats,Failed to parse network stats]
07-21 07:10:43.192   520   578 I am_wtf  : [0,520,system_server,-1,NetworkStats,Failed to parse network stats]
07-21 07:10:43.195   520   578 I am_wtf  : [0,520,system_server,-1,NetworkStats,Failed to parse network stats]
07-21 07:10:43.198   520   578 I am_wtf  : [0,520,system_server,-1,NetworkStats,Failed to parse network stats]
07-21 07:10:43.202   520   578 I am_wtf  : [0,520,system_server,-1,NetworkStats,Failed to parse network stats]
07-21 07:10:43.205   520   578 I am_wtf  : [0,520,system_server,-1,NetworkStats,Failed to parse network stats]
07-21 07:10:43.210   520   578 I am_wtf  : [0,520,system_server,-1,NetworkStats,Failed to parse network stats]
07-21 07:10:43.566   520  2605 I wm_task_moved: [519,1,18]
07-21 07:10:43.566   520  2605 I wm_task_to_front: [0,519]
07-21 07:10:43.567   520  2605 I wm_focused_root_task: [0,0,519,418,bringingFoundTaskToFront]
07-21 07:10:43.567 22829 22829 I wm_on_top_resumed_lost_called: [141651011,com.android.gallery3d.app.TrimVideo,topStateChangedWhenResumed]
07-21 07:10:43.568   520  2605 I wm_set_resumed_activity: [0,com.semidrive.multidisplay/.DialogActivity,bringingFoundTaskToFront]
07-21 07:10:43.568   520  2605 I wm_new_intent: [0,103423342,519,com.semidrive.multidisplay/.DialogActivity,android.intent.action.MAIN,NULL,NULL,270532608]
07-21 07:10:43.570   520  2605 I wm_pause_activity: [0,141651011,com.android.gallery3d/.app.TrimVideo,userLeaving=true,pauseBackTasks]
07-21 07:10:43.602 22829 22829 I wm_on_paused_called: [141651011,com.android.gallery3d.app.TrimVideo,performPause]
07-21 07:10:43.605   520 14932 I wm_set_resumed_activity: [0,com.semidrive.multidisplay/.DialogActivity,resumeTopActivityInnerLocked]
07-21 07:10:43.613   520 14932 I wm_resume_activity: [0,103423342,519,com.semidrive.multidisplay/.DialogActivity]
07-21 07:10:43.623   520   571 I sysui_multi_action: [757,803,799,window_time_0,802,34]
07-21 07:10:43.624   520   572 I input_focus: [Focus request f1dbea5 com.semidrive.multidisplay/com.semidrive.multidisplay.DialogActivity,reason=UpdateInputWindows]
07-21 07:10:43.640  1553  1553 I wm_on_restart_called: [103423342,com.semidrive.multidisplay.DialogActivity,performRestartActivity]
07-21 07:10:43.640  1553  1553 I wm_on_start_called: [103423342,com.semidrive.multidisplay.DialogActivity,handleStartActivity]
07-21 07:10:43.641  1553  1553 I wm_on_resume_called: [103423342,com.semidrive.multidisplay.DialogActivity,RESUME_ACTIVITY]
07-21 07:10:43.641  1553  1553 I wm_on_top_resumed_gained_called: [103423342,com.semidrive.multidisplay.DialogActivity,topWhenResuming]
07-21 07:10:43.650   520   645 I input_focus: [Focus leaving 3e220bb com.android.gallery3d/com.android.gallery3d.app.TrimVideo (server),reason=Waiting for window because NOT_VISIBLE]
07-21 07:10:43.663   520   568 I sysui_multi_action: [319,98,322,97,325,5213,757,761,758,9,759,2,806,com.semidrive.multidisplay,871,com.semidrive.multidisplay.DialogActivity,905,0,1320,4,1321,1]
07-21 07:10:43.664   520   645 I input_focus: [Focus entering f1dbea5 com.semidrive.multidisplay/com.semidrive.multidisplay.DialogActivity (server),reason=Window became focusable. Previous reason: NOT_VISIBLE]
07-21 07:10:43.699   520   577 I am_pss  : [2576,1000,com.android.car.developeroptions,23617536,21204992,0,98304000,0,19,8]
07-21 07:10:43.776   520   645 I input_interaction: Interaction with: f1dbea5 com.semidrive.multidisplay/com.semidrive.multidisplay.DialogActivity (server), PointerEventDispatcher0 (server), 
07-21 07:10:44.177   520   578 I am_wtf  : [0,520,system_server,-1,NetworkStats,Failed to parse network stats]
07-21 07:10:44.181   520   578 I am_wtf  : [0,520,system_server,-1,NetworkStats,Failed to parse network stats]
07-21 07:10:44.184   520   578 I am_wtf  : [0,520,system_server,-1,NetworkStats,Failed to parse network stats]
07-21 07:10:44.187   520   578 I am_wtf  : [0,520,system_server,-1,NetworkStats,Failed to parse network stats]
07-21 07:10:44.189   520   578 I am_wtf  : [0,520,system_server,-1,NetworkStats,Failed to parse network stats]
07-21 07:10:44.192   520   578 I am_wtf  : [0,520,system_server,-1,NetworkStats,Failed to parse network stats]
07-21 07:10:44.195   520   578 I am_wtf  : [0,520,system_server,-1,NetworkStats,Failed to parse network stats]
07-21 07:10:44.198   520   578 I am_wtf  : [0,520,system_server,-1,NetworkStats,Failed to parse network stats]
07-21 07:10:44.201   520   578 I am_wtf  : [0,520,system_server,-1,NetworkStats,Failed to parse network stats]
07-21 07:10:44.203   520   578 I am_wtf  : [0,520,system_server,-1,NetworkStats,Failed to parse network stats]
07-21 07:10:44.206   520   578 I am_wtf  : [0,520,system_server,-1,NetworkStats,Failed to parse network stats]
07-21 07:10:44.208   520   578 I am_wtf  : [0,520,system_server,-1,NetworkStats,Failed to parse network stats]
07-21 07:10:44.211   520   578 I am_wtf  : [0,520,system_server,-1,NetworkStats,Failed to parse network stats]
07-21 07:10:44.213   520   578 I am_wtf  : [0,520,system_server,-1,NetworkStats,Failed to parse network stats]
07-21 07:10:44.216   520   578 I am_wtf  : [0,520,system_server,-1,NetworkStats,Failed to parse network stats]
07-21 07:10:45.212   520   578 I am_wtf  : [0,520,system_server,-1,NetworkStats,Failed to parse network stats]
07-21 07:10:45.216   520   578 I am_wtf  : [0,520,system_server,-1,NetworkStats,Failed to parse network stats]
07-21 07:10:45.219   520   578 I am_wtf  : [0,520,system_server,-1,NetworkStats,Failed to parse network stats]
07-21 07:10:45.223   520   578 I am_wtf  : [0,520,system_server,-1,NetworkStats,Failed to parse network stats]
07-21 07:10:45.225   520   578 I am_wtf  : [0,520,system_server,-1,NetworkStats,Failed to parse network stats]
07-21 07:10:45.228   520   578 I am_wtf  : [0,520,system_server,-1,NetworkStats,Failed to parse network stats]
07-21 07:10:45.231   520   578 I am_wtf  : [0,520,system_server,-1,NetworkStats,Failed to parse network stats]
07-21 07:10:45.234   520   578 I am_wtf  : [0,520,system_server,-1,NetworkStats,Failed to parse network stats]
07-21 07:10:45.237   520   578 I am_wtf  : [0,520,system_server,-1,NetworkStats,Failed to parse network stats]
07-21 07:10:45.241   520   578 I am_wtf  : [0,520,system_server,-1,NetworkStats,Failed to parse network stats]
07-21 07:10:45.244   520   578 I am_wtf  : [0,520,system_server,-1,NetworkStats,Failed to parse network stats]
07-21 07:10:45.247   520   578 I am_wtf  : [0,520,system_server,-1,NetworkStats,Failed to parse network stats]
07-21 07:10:45.250   520   578 I am_wtf  : [0,520,system_server,-1,NetworkStats,Failed to parse network stats]
07-21 07:10:45.254   520   578 I am_wtf  : [0,520,system_server,-1,NetworkStats,Failed to parse network stats]
07-21 07:10:45.257   520   578 I am_wtf  : [0,520,system_server,-1,NetworkStats,Failed to parse network stats]
07-21 07:10:46.057   520   645 I input_interaction: Interaction with: b2eb7f3 com.semidrive.multidisplay (server), PointerEventDispatcher0 (server), 
07-21 07:10:46.229   520   578 I am_wtf  : [0,520,system_server,-1,NetworkStats,Failed to parse network stats]
07-21 07:10:46.232   520   578 I am_wtf  : [0,520,system_server,-1,NetworkStats,Failed to parse network stats]
07-21 07:10:46.235   520   578 I am_wtf  : [0,520,system_server,-1,NetworkStats,Failed to parse network stats]
07-21 07:10:46.239   520   578 I am_wtf  : [0,520,system_server,-1,NetworkStats,Failed to parse network stats]
07-21 07:10:46.242   520   578 I am_wtf  : [0,520,system_server,-1,NetworkStats,Failed to parse network stats]
07-21 07:10:46.245   520   578 I am_wtf  : [0,520,system_server,-1,NetworkStats,Failed to parse network stats]
07-21 07:10:46.248   520   578 I am_wtf  : [0,520,system_server,-1,NetworkStats,Failed to parse network stats]
07-21 07:10:46.251   520   578 I am_wtf  : [0,520,system_server,-1,NetworkStats,Failed to parse network stats]
07-21 07:10:46.253   520   578 I am_wtf  : [0,520,system_server,-1,NetworkStats,Failed to parse network stats]
07-21 07:10:46.256   520   578 I am_wtf  : [0,520,system_server,-1,NetworkStats,Failed to parse network stats]
07-21 07:10:46.259   520   578 I am_wtf  : [0,520,system_server,-1,NetworkStats,Failed to parse network stats]
07-21 07:10:46.262   520   645 I input_interaction: Interaction with: f1dbea5 com.semidrive.multidisplay/com.semidrive.multidisplay.DialogActivity (server), PointerEventDispatcher0 (server), 
07-21 07:10:46.262   520   578 I am_wtf  : [0,520,system_server,-1,NetworkStats,Failed to parse network stats]
07-21 07:10:46.265   520   578 I am_wtf  : [0,520,system_server,-1,NetworkStats,Failed to parse network stats]
07-21 07:10:46.268   520   578 I am_wtf  : [0,520,system_server,-1,NetworkStats,Failed to parse network stats]
07-21 07:10:46.272   520   578 I am_wtf  : [0,520,system_server,-1,NetworkStats,Failed to parse network stats]
07-21 07:10:47.267   520   565 I service_manager_stats: [154,39,5151]
07-21 07:10:47.268   520   578 I am_wtf  : [0,520,system_server,-1,NetworkStats,Failed to parse network stats]
07-21 07:10:47.272   520   578 I am_wtf  : [0,520,system_server,-1,NetworkStats,Failed to parse network stats]
07-21 07:10:47.275   520   578 I am_wtf  : [0,520,system_server,-1,NetworkStats,Failed to parse network stats]
07-21 07:10:47.278   520   578 I am_wtf  : [0,520,system_server,-1,NetworkStats,Failed to parse network stats]
07-21 07:10:47.282   520   578 I am_wtf  : [0,520,system_server,-1,NetworkStats,Failed to parse network stats]
07-21 07:10:47.285   520   578 I am_wtf  : [0,520,system_server,-1,NetworkStats,Failed to parse network stats]
07-21 07:10:47.288   520   578 I am_wtf  : [0,520,system_server,-1,NetworkStats,Failed to parse network stats]
07-21 07:10:47.291   520   578 I am_wtf  : [0,520,system_server,-1,NetworkStats,Failed to parse network stats]
07-21 07:10:47.293   520   578 I am_wtf  : [0,520,system_server,-1,NetworkStats,Failed to parse network stats]
07-21 07:10:47.296   520   578 I am_wtf  : [0,520,system_server,-1,NetworkStats,Failed to parse network stats]
07-21 07:10:47.299   520   578 I am_wtf  : [0,520,system_server,-1,NetworkStats,Failed to parse network stats]
07-21 07:10:47.301   520   578 I am_wtf  : [0,520,system_server,-1,NetworkStats,Failed to parse network stats]
07-21 07:10:47.304   520   578 I am_wtf  : [0,520,system_server,-1,NetworkStats,Failed to parse network stats]
07-21 07:10:47.307   520   578 I am_wtf  : [0,520,system_server,-1,NetworkStats,Failed to parse network stats]
07-21 07:10:47.310   520   578 I am_wtf  : [0,520,system_server,-1,NetworkStats,Failed to parse network stats]
07-21 07:10:47.697   520   572 I input_focus: [Focus request 59e1e88 com.semidrive.multidisplay/com.semidrive.multidisplay.DialogActivity,reason=UpdateInputWindows]
07-21 07:10:47.697   520 14932 I wm_finish_activity: [0,103423342,519,com.semidrive.multidisplay/.DialogActivity,app-request]
07-21 07:10:47.697   520 14932 I wm_task_moved: [418,1,18]
07-21 07:10:47.697   520 14932 I wm_task_to_front: [0,418]
07-21 07:10:47.700   520 14932 I wm_focused_root_task: [0,0,418,519,finish-top adjustFocusToNextFocusableTask]
07-21 07:10:47.716   520 14932 I wm_pause_activity: [0,103423342,com.semidrive.multidisplay/.DialogActivity,userLeaving=false,finish]
07-21 07:10:47.721  1553  1553 I wm_on_top_resumed_lost_called: [103423342,com.semidrive.multidisplay.DialogActivity,topStateChangedWhenResumed]
07-21 07:10:47.722   520   572 I input_focus: [Focus request 3e220bb com.android.gallery3d/com.android.gallery3d.app.TrimVideo,reason=UpdateInputWindows]
07-21 07:10:47.724  1553  1553 I wm_on_paused_called: [103423342,com.semidrive.multidisplay.DialogActivity,performPause]
07-21 07:10:47.730   520 14932 I wm_set_resumed_activity: [0,com.android.gallery3d/.app.TrimVideo,resumeTopActivityInnerLocked]
07-21 07:10:47.732   520 14932 I wm_resume_activity: [0,141651011,418,com.android.gallery3d/.app.TrimVideo]
07-21 07:10:47.738   520   645 I input_focus: [Focus entering 3e220bb com.android.gallery3d/com.android.gallery3d.app.TrimVideo (server),reason=setFocusedWindow]
07-21 07:10:47.754   520   571 I dvm_lock_sample: [system_server,1,android.display,24,TaskChangeNotificationController.java,320,void com.android.server.wm.TaskChangeNotificationController.forAllRemoteListeners(com.android.server.wm.TaskChangeNotificationController$TaskStackConsumer, android.os.Message),ActivityClientController.java,168,void com.android.server.wm.ActivityClientController.activityPaused(android.os.IBinder),4]
07-21 07:10:47.757   520   571 I sysui_multi_action: [757,803,799,window_time_0,802,4]
07-21 07:10:47.782 22829 22829 I wm_on_resume_called: [141651011,com.android.gallery3d.app.TrimVideo,RESUME_ACTIVITY]
07-21 07:10:47.783 22829 22829 I wm_on_top_resumed_gained_called: [141651011,com.android.gallery3d.app.TrimVideo,topWhenResuming]
07-21 07:10:47.814   520   565 I wm_destroy_activity: [0,103423342,519,com.semidrive.multidisplay/.DialogActivity,finish-idle]
07-21 07:10:47.818  1553  1553 I wm_on_stop_called: [103423342,com.semidrive.multidisplay.DialogActivity,LIFECYCLER_STOP_ACTIVITY]
07-21 07:10:47.820  1553  1553 I wm_on_destroy_called: [103423342,com.semidrive.multidisplay.DialogActivity,performDestroy]
07-21 07:10:47.887   520   645 I input_interaction: Interaction with: 3e220bb com.android.gallery3d/com.android.gallery3d.app.TrimVideo (server), PointerEventDispatcher0 (server), 
07-21 07:10:47.912   318   318 I auditd  : type=1400 audit(0.0:1124): avc: denied { write } for comm="writer" path="socket:[32309]" dev="sockfs" ino=32309 scontext=u:r:hal_audio_default:s0 tcontext=u:r:hal_audio_default:s0 tclass=rpmsg_socket permissive=1
07-21 07:10:47.912   318   318 I auditd  : type=1400 audit(0.0:1125): avc: denied { read } for comm="writer" path="socket:[32309]" dev="sockfs" ino=32309 scontext=u:r:hal_audio_default:s0 tcontext=u:r:hal_audio_default:s0 tclass=rpmsg_socket permissive=1
07-21 07:10:48.089   520   572 I wm_task_removed: [519,removeChild:removeChild last r=ActivityRecord{62a1d6e u0 com.semidrive.multidisplay/.DialogActivity t-1 f}} in t=Task{2246c46 #519 type=standard A=1000:com.semidrive.multidisplay U=0 visible=false mode=fullscreen translucent=true sz=0}]
07-21 07:10:48.089   520   572 I wm_task_removed: [519,removeChild]
07-21 07:10:48.285   520   578 I am_wtf  : [0,520,system_server,-1,NetworkStats,Failed to parse network stats]
07-21 07:10:48.289   520   578 I am_wtf  : [0,520,system_server,-1,NetworkStats,Failed to parse network stats]
07-21 07:10:48.292   520   578 I am_wtf  : [0,520,system_server,-1,NetworkStats,Failed to parse network stats]
07-21 07:10:48.299   520   578 I am_wtf  : [0,520,system_server,-1,NetworkStats,Failed to parse network stats]
07-21 07:10:48.302   520   578 I am_wtf  : [0,520,system_server,-1,NetworkStats,Failed to parse network stats]
07-21 07:10:48.306   520   578 I am_wtf  : [0,520,system_server,-1,NetworkStats,Failed to parse network stats]
07-21 07:10:48.310   520   578 I am_wtf  : [0,520,system_server,-1,NetworkStats,Failed to parse network stats]
07-21 07:10:48.314   520   578 I am_wtf  : [0,520,system_server,-1,NetworkStats,Failed to parse network stats]
07-21 07:10:48.317   520   578 I am_wtf  : [0,520,system_server,-1,NetworkStats,Failed to parse network stats]
07-21 07:10:48.320   520   578 I am_wtf  : [0,520,system_server,-1,NetworkStats,Failed to parse network stats]
07-21 07:10:48.323   520   578 I am_wtf  : [0,520,system_server,-1,NetworkStats,Failed to parse network stats]
07-21 07:10:48.326   520   578 I am_wtf  : [0,520,system_server,-1,NetworkStats,Failed to parse network stats]
