07-21 06:02:13.958   520   578 I am_wtf  : [0,520,system_server,-1,NetworkStats,Failed to parse network stats]
07-21 06:02:13.962   520   578 I am_wtf  : [0,520,system_server,-1,NetworkStats,Failed to parse network stats]
07-21 06:02:13.969   520   578 I am_wtf  : [0,520,system_server,-1,NetworkStats,Failed to parse network stats]
07-21 06:02:13.974   520   578 I am_wtf  : [0,520,system_server,-1,NetworkStats,Failed to parse network stats]
07-21 06:02:14.916   520   578 I am_wtf  : [0,520,system_server,-1,NetworkStats,Failed to parse network stats]
07-21 06:02:14.920   520   578 I am_wtf  : [0,520,system_server,-1,NetworkStats,Failed to parse network stats]
07-21 06:02:14.923   520   578 I am_wtf  : [0,520,system_server,-1,NetworkStats,Failed to parse network stats]
07-21 06:02:14.927   520   578 I am_wtf  : [0,520,system_server,-1,NetworkStats,Failed to parse network stats]
07-21 06:02:14.930   520   578 I am_wtf  : [0,520,system_server,-1,NetworkStats,Failed to parse network stats]
07-21 06:02:14.933   520   578 I am_wtf  : [0,520,system_server,-1,NetworkStats,Failed to parse network stats]
07-21 06:02:14.937   520   578 I am_wtf  : [0,520,system_server,-1,NetworkStats,Failed to parse network stats]
07-21 06:02:14.940   520   578 I am_wtf  : [0,520,system_server,-1,NetworkStats,Failed to parse network stats]
07-21 06:02:14.943   520   578 I am_wtf  : [0,520,system_server,-1,NetworkStats,Failed to parse network stats]
07-21 06:02:14.946   520   578 I am_wtf  : [0,520,system_server,-1,NetworkStats,Failed to parse network stats]
07-21 06:02:14.949   520   578 I am_wtf  : [0,520,system_server,-1,NetworkStats,Failed to parse network stats]
07-21 06:02:14.952   520   578 I am_wtf  : [0,520,system_server,-1,NetworkStats,Failed to parse network stats]
07-21 06:02:14.954   520   578 I am_wtf  : [0,520,system_server,-1,NetworkStats,Failed to parse network stats]
07-21 06:02:14.957   520   578 I am_wtf  : [0,520,system_server,-1,NetworkStats,Failed to parse network stats]
07-21 06:02:14.961   520   578 I am_wtf  : [0,520,system_server,-1,NetworkStats,Failed to parse network stats]
07-21 06:02:15.923   520   578 I am_wtf  : [0,520,system_server,-1,NetworkStats,Failed to parse network stats]
07-21 06:02:15.928   520   578 I am_wtf  : [0,520,system_server,-1,NetworkStats,Failed to parse network stats]
07-21 06:02:15.932   520   578 I am_wtf  : [0,520,system_server,-1,NetworkStats,Failed to parse network stats]
07-21 06:02:15.937   520   578 I am_wtf  : [0,520,system_server,-1,NetworkStats,Failed to parse network stats]
07-21 06:02:15.944   520   578 I am_wtf  : [0,520,system_server,-1,NetworkStats,Failed to parse network stats]
07-21 06:02:15.947   520   578 I am_wtf  : [0,520,system_server,-1,NetworkStats,Failed to parse network stats]
07-21 06:02:15.950   520   578 I am_wtf  : [0,520,system_server,-1,NetworkStats,Failed to parse network stats]
07-21 06:02:15.953   520   578 I am_wtf  : [0,520,system_server,-1,NetworkStats,Failed to parse network stats]
07-21 06:02:15.956   520   578 I am_wtf  : [0,520,system_server,-1,NetworkStats,Failed to parse network stats]
07-21 06:02:15.963   520   578 I am_wtf  : [0,520,system_server,-1,NetworkStats,Failed to parse network stats]
07-21 06:02:15.966   520   578 I am_wtf  : [0,520,system_server,-1,NetworkStats,Failed to parse network stats]
07-21 06:02:15.969   520   578 I am_wtf  : [0,520,system_server,-1,NetworkStats,Failed to parse network stats]
07-21 06:02:15.972   520   578 I am_wtf  : [0,520,system_server,-1,NetworkStats,Failed to parse network stats]
07-21 06:02:15.977   520   578 I am_wtf  : [0,520,system_server,-1,NetworkStats,Failed to parse network stats]
07-21 06:02:15.984   520   578 I am_wtf  : [0,520,system_server,-1,NetworkStats,Failed to parse network stats]
07-21 06:02:16.963   520  4372 I service_manager_stats: [150,53,5116]
07-21 06:02:16.964   520   578 I am_wtf  : [0,520,system_server,-1,NetworkStats,Failed to parse network stats]
07-21 06:02:16.967   520   578 I am_wtf  : [0,520,system_server,-1,NetworkStats,Failed to parse network stats]
07-21 06:02:16.970   520   578 I am_wtf  : [0,520,system_server,-1,NetworkStats,Failed to parse network stats]
07-21 06:02:16.974   520   578 I am_wtf  : [0,520,system_server,-1,NetworkStats,Failed to parse network stats]
07-21 06:02:16.977   520   578 I am_wtf  : [0,520,system_server,-1,NetworkStats,Failed to parse network stats]
07-21 06:02:16.980   520   578 I am_wtf  : [0,520,system_server,-1,NetworkStats,Failed to parse network stats]
07-21 06:02:16.983   520   578 I am_wtf  : [0,520,system_server,-1,NetworkStats,Failed to parse network stats]
07-21 06:02:16.986   520   578 I am_wtf  : [0,520,system_server,-1,NetworkStats,Failed to parse network stats]
07-21 06:02:16.989   520   578 I am_wtf  : [0,520,system_server,-1,NetworkStats,Failed to parse network stats]
07-21 06:02:16.992   520   578 I am_wtf  : [0,520,system_server,-1,NetworkStats,Failed to parse network stats]
07-21 06:02:16.995   520   578 I am_wtf  : [0,520,system_server,-1,NetworkStats,Failed to parse network stats]
07-21 06:02:16.998   520   578 I am_wtf  : [0,520,system_server,-1,NetworkStats,Failed to parse network stats]
07-21 06:02:17.000   520   578 I am_wtf  : [0,520,system_server,-1,NetworkStats,Failed to parse network stats]
07-21 06:02:17.003   520   578 I am_wtf  : [0,520,system_server,-1,NetworkStats,Failed to parse network stats]
07-21 06:02:17.008   520   578 I am_wtf  : [0,520,system_server,-1,NetworkStats,Failed to parse network stats]
07-21 06:02:17.985   520   578 I am_wtf  : [0,520,system_server,-1,NetworkStats,Failed to parse network stats]
07-21 06:02:17.989   520   578 I am_wtf  : [0,520,system_server,-1,NetworkStats,Failed to parse network stats]
07-21 06:02:17.992   520   578 I am_wtf  : [0,520,system_server,-1,NetworkStats,Failed to parse network stats]
07-21 06:02:17.995   520   578 I am_wtf  : [0,520,system_server,-1,NetworkStats,Failed to parse network stats]
07-21 06:02:17.998   520   578 I am_wtf  : [0,520,system_server,-1,NetworkStats,Failed to parse network stats]
07-21 06:02:18.001   520   578 I am_wtf  : [0,520,system_server,-1,NetworkStats,Failed to parse network stats]
07-21 06:02:18.004   520   578 I am_wtf  : [0,520,system_server,-1,NetworkStats,Failed to parse network stats]
07-21 06:02:18.006   520   578 I am_wtf  : [0,520,system_server,-1,NetworkStats,Failed to parse network stats]
07-21 06:02:18.009   520   578 I am_wtf  : [0,520,system_server,-1,NetworkStats,Failed to parse network stats]
07-21 06:02:18.012   520   578 I am_wtf  : [0,520,system_server,-1,NetworkStats,Failed to parse network stats]
07-21 06:02:18.015   520   578 I am_wtf  : [0,520,system_server,-1,NetworkStats,Failed to parse network stats]
07-21 06:02:18.018   520   578 I am_wtf  : [0,520,system_server,-1,NetworkStats,Failed to parse network stats]
07-21 06:02:18.021   520   578 I am_wtf  : [0,520,system_server,-1,NetworkStats,Failed to parse network stats]
07-21 06:02:18.023   520   578 I am_wtf  : [0,520,system_server,-1,NetworkStats,Failed to parse network stats]
07-21 06:02:18.026   520   578 I am_wtf  : [0,520,system_server,-1,NetworkStats,Failed to parse network stats]
07-21 06:02:19.008   520   578 I am_wtf  : [0,520,system_server,-1,NetworkStats,Failed to parse network stats]
07-21 06:02:19.011   520   578 I am_wtf  : [0,520,system_server,-1,NetworkStats,Failed to parse network stats]
07-21 06:02:19.014   520   578 I am_wtf  : [0,520,system_server,-1,NetworkStats,Failed to parse network stats]
07-21 06:02:19.017   520   578 I am_wtf  : [0,520,system_server,-1,NetworkStats,Failed to parse network stats]
07-21 06:02:19.020   520   578 I am_wtf  : [0,520,system_server,-1,NetworkStats,Failed to parse network stats]
07-21 06:02:19.023   520   578 I am_wtf  : [0,520,system_server,-1,NetworkStats,Failed to parse network stats]
07-21 06:02:19.026   520   578 I am_wtf  : [0,520,system_server,-1,NetworkStats,Failed to parse network stats]
07-21 06:02:19.029   520   578 I am_wtf  : [0,520,system_server,-1,NetworkStats,Failed to parse network stats]
07-21 06:02:19.031   520   578 I am_wtf  : [0,520,system_server,-1,NetworkStats,Failed to parse network stats]
07-21 06:02:19.034   520   578 I am_wtf  : [0,520,system_server,-1,NetworkStats,Failed to parse network stats]
07-21 06:02:19.036   520   578 I am_wtf  : [0,520,system_server,-1,NetworkStats,Failed to parse network stats]
07-21 06:02:19.039   520   578 I am_wtf  : [0,520,system_server,-1,NetworkStats,Failed to parse network stats]
07-21 06:02:19.043   520   578 I am_wtf  : [0,520,system_server,-1,NetworkStats,Failed to parse network stats]
07-21 06:02:19.046   520   578 I am_wtf  : [0,520,system_server,-1,NetworkStats,Failed to parse network stats]
07-21 06:02:19.049   520   578 I am_wtf  : [0,520,system_server,-1,NetworkStats,Failed to parse network stats]
07-21 06:02:20.044   520   578 I am_wtf  : [0,520,system_server,-1,NetworkStats,Failed to parse network stats]
07-21 06:02:20.047   520   578 I am_wtf  : [0,520,system_server,-1,NetworkStats,Failed to parse network stats]
07-21 06:02:20.049   520   578 I am_wtf  : [0,520,system_server,-1,NetworkStats,Failed to parse network stats]
07-21 06:02:20.054   520   578 I am_wtf  : [0,520,system_server,-1,NetworkStats,Failed to parse network stats]
07-21 06:02:20.059   520   578 I am_wtf  : [0,520,system_server,-1,NetworkStats,Failed to parse network stats]
07-21 06:02:20.062   520   578 I am_wtf  : [0,520,system_server,-1,NetworkStats,Failed to parse network stats]
07-21 06:02:20.065   520   578 I am_wtf  : [0,520,system_server,-1,NetworkStats,Failed to parse network stats]
07-21 06:02:20.067   520   578 I am_wtf  : [0,520,system_server,-1,NetworkStats,Failed to parse network stats]
07-21 06:02:20.071   520   578 I am_wtf  : [0,520,system_server,-1,NetworkStats,Failed to parse network stats]
07-21 06:02:20.074   520   578 I am_wtf  : [0,520,system_server,-1,NetworkStats,Failed to parse network stats]
07-21 06:02:20.079   520   578 I am_wtf  : [0,520,system_server,-1,NetworkStats,Failed to parse network stats]
07-21 06:02:20.081   520   578 I am_wtf  : [0,520,system_server,-1,NetworkStats,Failed to parse network stats]
07-21 06:02:20.084   520   578 I am_wtf  : [0,520,system_server,-1,NetworkStats,Failed to parse network stats]
07-21 06:02:20.087   520   578 I am_wtf  : [0,520,system_server,-1,NetworkStats,Failed to parse network stats]
07-21 06:02:20.090   520   578 I am_wtf  : [0,520,system_server,-1,NetworkStats,Failed to parse network stats]
07-21 06:02:21.070   520   578 I am_wtf  : [0,520,system_server,-1,NetworkStats,Failed to parse network stats]
07-21 06:02:21.074   520   578 I am_wtf  : [0,520,system_server,-1,NetworkStats,Failed to parse network stats]
07-21 06:02:21.082   520   578 I am_wtf  : [0,520,system_server,-1,NetworkStats,Failed to parse network stats]
07-21 06:02:21.085   520   578 I am_wtf  : [0,520,system_server,-1,NetworkStats,Failed to parse network stats]
07-21 06:02:21.090   520   578 I am_wtf  : [0,520,system_server,-1,NetworkStats,Failed to parse network stats]
07-21 06:02:21.093   520   578 I am_wtf  : [0,520,system_server,-1,NetworkStats,Failed to parse network stats]
07-21 06:02:21.098   520   578 I am_wtf  : [0,520,system_server,-1,NetworkStats,Failed to parse network stats]
07-21 06:02:21.104   520   578 I am_wtf  : [0,520,system_server,-1,NetworkStats,Failed to parse network stats]
07-21 06:02:21.107   520   578 I am_wtf  : [0,520,system_server,-1,NetworkStats,Failed to parse network stats]
07-21 06:02:21.110   520   578 I am_wtf  : [0,520,system_server,-1,NetworkStats,Failed to parse network stats]
07-21 06:02:21.115   520   578 I am_wtf  : [0,520,system_server,-1,NetworkStats,Failed to parse network stats]
07-21 06:02:21.123   520   578 I am_wtf  : [0,520,system_server,-1,NetworkStats,Failed to parse network stats]
07-21 06:02:21.127   520   578 I am_wtf  : [0,520,system_server,-1,NetworkStats,Failed to parse network stats]
07-21 06:02:21.130   520   578 I am_wtf  : [0,520,system_server,-1,NetworkStats,Failed to parse network stats]
07-21 06:02:21.137   520   578 I am_wtf  : [0,520,system_server,-1,NetworkStats,Failed to parse network stats]
07-21 06:02:21.287   520   572 I input_focus: [Focus request e394547 PopupWindow:7f3c8a1,reason=UpdateInputWindows]
07-21 06:02:21.309   520   645 I input_focus: [Focus leaving 829c79e com.android.camera2/com.android.camera.CameraLauncher (server),reason=setFocusedWindow]
07-21 06:02:21.310   520   645 I input_focus: [Focus entering e394547 PopupWindow:7f3c8a1 (server),reason=setFocusedWindow]
07-21 06:02:21.406   520   645 I input_interaction: Interaction with: e394547 PopupWindow:7f3c8a1 (server), PointerEventDispatcher0 (server), 
07-21 06:02:21.423   520   572 I input_focus: [Focus request 829c79e com.android.camera2/com.android.camera.CameraLauncher,reason=UpdateInputWindows]
07-21 06:02:21.448   520   645 I input_focus: [Focus leaving e394547 PopupWindow:7f3c8a1 (server),reason=NOT_FOCUSABLE]
07-21 06:02:21.448   520   645 I input_focus: [Focus entering 829c79e com.android.camera2/com.android.camera.CameraLauncher (server),reason=setFocusedWindow]
07-21 06:02:21.615   520   645 I input_interaction: Interaction with: 829c79e com.android.camera2/com.android.camera.CameraLauncher (server), PointerEventDispatcher0 (server), 
07-21 06:02:22.077   520  1052 I service_manager_stats: [150,41,5114]
07-21 06:02:22.078   520   578 I am_wtf  : [0,520,system_server,-1,NetworkStats,Failed to parse network stats]
07-21 06:02:22.083   520   578 I am_wtf  : [0,520,system_server,-1,NetworkStats,Failed to parse network stats]
07-21 06:02:22.086   520   578 I am_wtf  : [0,520,system_server,-1,NetworkStats,Failed to parse network stats]
07-21 06:02:22.089   520   578 I am_wtf  : [0,520,system_server,-1,NetworkStats,Failed to parse network stats]
07-21 06:02:22.092   520   578 I am_wtf  : [0,520,system_server,-1,NetworkStats,Failed to parse network stats]
07-21 06:02:22.096   520   578 I am_wtf  : [0,520,system_server,-1,NetworkStats,Failed to parse network stats]
07-21 06:02:22.100   520   578 I am_wtf  : [0,520,system_server,-1,NetworkStats,Failed to parse network stats]
07-21 06:02:22.103   520   578 I am_wtf  : [0,520,system_server,-1,NetworkStats,Failed to parse network stats]
07-21 06:02:22.105   520   578 I am_wtf  : [0,520,system_server,-1,NetworkStats,Failed to parse network stats]
07-21 06:02:22.108   520   578 I am_wtf  : [0,520,system_server,-1,NetworkStats,Failed to parse network stats]
07-21 06:02:22.111   520   578 I am_wtf  : [0,520,system_server,-1,NetworkStats,Failed to parse network stats]
07-21 06:02:22.115   520   578 I am_wtf  : [0,520,system_server,-1,NetworkStats,Failed to parse network stats]
07-21 06:02:22.118   520   578 I am_wtf  : [0,520,system_server,-1,NetworkStats,Failed to parse network stats]
07-21 06:02:22.121   520   578 I am_wtf  : [0,520,system_server,-1,NetworkStats,Failed to parse network stats]
07-21 06:02:22.124   520   578 I am_wtf  : [0,520,system_server,-1,NetworkStats,Failed to parse network stats]
07-21 06:02:22.478   520   572 I input_focus: [Focus request c609c6e PopupWindow:972d377,reason=UpdateInputWindows]
07-21 06:02:22.519   520   645 I input_focus: [Focus leaving 829c79e com.android.camera2/com.android.camera.CameraLauncher (server),reason=setFocusedWindow]
07-21 06:02:22.520   520   645 I input_focus: [Focus entering c609c6e PopupWindow:972d377 (server),reason=setFocusedWindow]
07-21 06:02:22.642   520   645 I input_interaction: Interaction with: c609c6e PopupWindow:972d377 (server), PointerEventDispatcher0 (server), 
07-21 06:02:22.667  3153  3153 I menu_item_selected: [0,Details]
07-21 06:02:22.677   520   572 I input_focus: [Focus request 829c79e com.android.camera2/com.android.camera.CameraLauncher,reason=UpdateInputWindows]
07-21 06:02:22.703   520   645 I input_focus: [Focus leaving c609c6e PopupWindow:972d377 (server),reason=NOT_FOCUSABLE]
07-21 06:02:22.704   520   645 I input_focus: [Focus entering 829c79e com.android.camera2/com.android.camera.CameraLauncher (server),reason=setFocusedWindow]
07-21 06:02:22.849   520   645 I input_interaction: Interaction with: 829c79e com.android.camera2/com.android.camera.CameraLauncher (server), PointerEventDispatcher0 (server), 
07-21 06:02:23.116   520   578 I am_wtf  : [0,520,system_server,-1,NetworkStats,Failed to parse network stats]
07-21 06:02:23.119   520   578 I am_wtf  : [0,520,system_server,-1,NetworkStats,Failed to parse network stats]
07-21 06:02:23.122   520   578 I am_wtf  : [0,520,system_server,-1,NetworkStats,Failed to parse network stats]
07-21 06:02:23.125   520   578 I am_wtf  : [0,520,system_server,-1,NetworkStats,Failed to parse network stats]
07-21 06:02:23.128   520   578 I am_wtf  : [0,520,system_server,-1,NetworkStats,Failed to parse network stats]
07-21 06:02:23.132   520   578 I am_wtf  : [0,520,system_server,-1,NetworkStats,Failed to parse network stats]
07-21 06:02:23.134   520   578 I am_wtf  : [0,520,system_server,-1,NetworkStats,Failed to parse network stats]
07-21 06:02:23.137   520   578 I am_wtf  : [0,520,system_server,-1,NetworkStats,Failed to parse network stats]
07-21 06:02:23.140   520   578 I am_wtf  : [0,520,system_server,-1,NetworkStats,Failed to parse network stats]
07-21 06:02:23.144   520   578 I am_wtf  : [0,520,system_server,-1,NetworkStats,Failed to parse network stats]
07-21 06:02:23.147   520   578 I am_wtf  : [0,520,system_server,-1,NetworkStats,Failed to parse network stats]
07-21 06:02:23.150   520   578 I am_wtf  : [0,520,system_server,-1,NetworkStats,Failed to parse network stats]
07-21 06:02:23.153   520   578 I am_wtf  : [0,520,system_server,-1,NetworkStats,Failed to parse network stats]
07-21 06:02:23.157   520   578 I am_wtf  : [0,520,system_server,-1,NetworkStats,Failed to parse network stats]
07-21 06:02:23.161   520   578 I am_wtf  : [0,520,system_server,-1,NetworkStats,Failed to parse network stats]
07-21 06:02:23.908   520   572 I input_focus: [Focus request f534356 PopupWindow:718307b,reason=UpdateInputWindows]
07-21 06:02:23.937   520   645 I input_focus: [Focus leaving 829c79e com.android.camera2/com.android.camera.CameraLauncher (server),reason=setFocusedWindow]
07-21 06:02:23.938   520   645 I input_focus: [Focus entering f534356 PopupWindow:718307b (server),reason=setFocusedWindow]
07-21 06:02:24.082   520   645 I input_interaction: Interaction with: f534356 PopupWindow:718307b (server), PointerEventDispatcher0 (server), 
07-21 06:02:24.158   520   578 I am_wtf  : [0,520,system_server,-1,NetworkStats,Failed to parse network stats]
07-21 06:02:24.163   520   578 I am_wtf  : [0,520,system_server,-1,NetworkStats,Failed to parse network stats]
07-21 06:02:24.167   520   578 I am_wtf  : [0,520,system_server,-1,NetworkStats,Failed to parse network stats]
07-21 06:02:24.172   520   578 I am_wtf  : [0,520,system_server,-1,NetworkStats,Failed to parse network stats]
07-21 06:02:24.178   520   578 I am_wtf  : [0,520,system_server,-1,NetworkStats,Failed to parse network stats]
07-21 06:02:24.185   520   578 I am_wtf  : [0,520,system_server,-1,NetworkStats,Failed to parse network stats]
07-21 06:02:24.195   520   578 I am_wtf  : [0,520,system_server,-1,NetworkStats,Failed to parse network stats]
07-21 06:02:24.200   520   578 I am_wtf  : [0,520,system_server,-1,NetworkStats,Failed to parse network stats]
07-21 06:02:24.208   520   578 I am_wtf  : [0,520,system_server,-1,NetworkStats,Failed to parse network stats]
07-21 06:02:24.214   520   578 I am_wtf  : [0,520,system_server,-1,NetworkStats,Failed to parse network stats]
07-21 06:02:24.220   520   578 I am_wtf  : [0,520,system_server,-1,NetworkStats,Failed to parse network stats]
07-21 06:02:24.225   520   578 I am_wtf  : [0,520,system_server,-1,NetworkStats,Failed to parse network stats]
07-21 06:02:24.228   520   578 I am_wtf  : [0,520,system_server,-1,NetworkStats,Failed to parse network stats]
07-21 06:02:24.234   520   578 I am_wtf  : [0,520,system_server,-1,NetworkStats,Failed to parse network stats]
07-21 06:02:24.244   520   578 I am_wtf  : [0,520,system_server,-1,NetworkStats,Failed to parse network stats]
07-21 06:02:24.322   520   572 I input_focus: [Focus request 829c79e com.android.camera2/com.android.camera.CameraLauncher,reason=UpdateInputWindows]
07-21 06:02:24.353   520   645 I input_focus: [Focus leaving f534356 PopupWindow:718307b (server),reason=NOT_FOCUSABLE]
07-21 06:02:24.353   520   645 I input_focus: [Focus entering 829c79e com.android.camera2/com.android.camera.CameraLauncher (server),reason=setFocusedWindow]
07-21 06:02:24.503   520   645 I input_interaction: Interaction with: 829c79e com.android.camera2/com.android.camera.CameraLauncher (server), PointerEventDispatcher0 (server), 
07-21 06:02:25.193   520   578 I am_wtf  : [0,520,system_server,-1,NetworkStats,Failed to parse network stats]
07-21 06:02:25.197   520   578 I am_wtf  : [0,520,system_server,-1,NetworkStats,Failed to parse network stats]
07-21 06:02:25.200   520   578 I am_wtf  : [0,520,system_server,-1,NetworkStats,Failed to parse network stats]
07-21 06:02:25.205   520   578 I am_wtf  : [0,520,system_server,-1,NetworkStats,Failed to parse network stats]
07-21 06:02:25.209   520   578 I am_wtf  : [0,520,system_server,-1,NetworkStats,Failed to parse network stats]
07-21 06:02:25.212   520   578 I am_wtf  : [0,520,system_server,-1,NetworkStats,Failed to parse network stats]
07-21 06:02:25.215   520   578 I am_wtf  : [0,520,system_server,-1,NetworkStats,Failed to parse network stats]
07-21 06:02:25.218   520   578 I am_wtf  : [0,520,system_server,-1,NetworkStats,Failed to parse network stats]
07-21 06:02:25.221   520   578 I am_wtf  : [0,520,system_server,-1,NetworkStats,Failed to parse network stats]
07-21 06:02:25.224   520   578 I am_wtf  : [0,520,system_server,-1,NetworkStats,Failed to parse network stats]
07-21 06:02:25.227   520   578 I am_wtf  : [0,520,system_server,-1,NetworkStats,Failed to parse network stats]
07-21 06:02:25.230   520   578 I am_wtf  : [0,520,system_server,-1,NetworkStats,Failed to parse network stats]
07-21 06:02:25.234   520   578 I am_wtf  : [0,520,system_server,-1,NetworkStats,Failed to parse network stats]
07-21 06:02:25.238   520   578 I am_wtf  : [0,520,system_server,-1,NetworkStats,Failed to parse network stats]
07-21 06:02:25.241   520   578 I am_wtf  : [0,520,system_server,-1,NetworkStats,Failed to parse network stats]
07-21 06:02:25.564   520   645 I wm_task_moved: [96,1,15]
07-21 06:02:25.564   520   645 I wm_task_to_front: [0,96]
07-21 06:02:25.565   520   645 I wm_focused_root_task: [0,0,96,46,bringingFoundTaskToFront]
07-21 06:02:25.565  3153  3153 I wm_on_top_resumed_lost_called: [134031266,com.android.camera.CameraLauncher,topStateChangedWhenResumed]
07-21 06:02:25.565   520   645 I wm_set_resumed_activity: [0,com.android.car.media/.MediaActivity,bringingFoundTaskToFront]
07-21 06:02:25.569   520   645 I wm_task_moved: [96,1,15]
07-21 06:02:25.569   520   645 I wm_create_activity: [0,159885697,96,com.android.car.media/.MediaDispatcherActivity,android.intent.action.MAIN,NULL,NULL,272629760]
07-21 06:02:25.570   520   645 I wm_pause_activity: [0,134031266,com.android.camera2/com.android.camera.CameraLauncher,userLeaving=true,pauseBackTasks]
07-21 06:02:26.073   520   571 I wm_add_to_stopping: [0,134031266,com.android.camera2/com.android.camera.CameraLauncher,makeInvisible]
07-21 06:02:26.074   520   571 I wm_restart_activity: [0,159885697,96,com.android.car.media/.MediaDispatcherActivity]
07-21 06:02:26.075   520   571 I wm_set_resumed_activity: [0,com.android.car.media/.MediaDispatcherActivity,minimalResumeActivityLocked]
07-21 06:02:26.082   520   571 I sysui_multi_action: [757,803,799,window_time_0,802,19]
07-21 06:02:26.096   520  1334 I wm_finish_activity: [0,159885697,96,com.android.car.media/.MediaDispatcherActivity,clear-task-stack]
07-21 06:02:26.097   520  1334 I wm_pause_activity: [0,159885697,com.android.car.media/.MediaDispatcherActivity,userLeaving=false,finish]
07-21 06:02:26.097   520  1334 I wm_new_intent: [0,9560111,96,com.android.car.media/.MediaActivity,NULL,NULL,NULL,67108864]
07-21 06:02:26.097   520  1334 I wm_task_moved: [96,1,15]
07-21 06:02:26.103   520   645 I input_focus: [Focus leaving 829c79e com.android.camera2/com.android.camera.CameraLauncher (server),reason=NO_WINDOW]
07-21 06:02:26.110  4637  4637 I wm_on_create_called: [159885697,com.android.car.media.MediaDispatcherActivity,performCreate]
07-21 06:02:26.114  4637  4637 I wm_on_restart_called: [9560111,com.android.car.media.MediaActivity,performRestartActivity]
07-21 06:02:26.116  4637  4637 I wm_on_start_called: [9560111,com.android.car.media.MediaActivity,handleStartActivity]
07-21 06:02:26.154   520  1052 I wm_add_to_stopping: [0,159885697,com.android.car.media/.MediaDispatcherActivity,completeFinishing]
07-21 06:02:26.158   520  1052 I wm_set_resumed_activity: [0,com.android.car.media/.MediaActivity,resumeTopActivityInnerLocked]
07-21 06:02:26.160   520  1052 I wm_resume_activity: [0,9560111,96,com.android.car.media/.MediaActivity]
07-21 06:02:26.173  3153  3153 I wm_on_paused_called: [134031266,com.android.camera.CameraLauncher,performPause]
07-21 06:02:26.183   520   568 I sysui_multi_action: [319,619,322,590,325,1115,757,761,758,9,759,2,806,com.android.car.media,871,com.android.car.media.MediaActivity,904,com.android.car.media,905,0,1320,4,1321,2]
07-21 06:02:26.188  4637  4637 I wm_on_resume_called: [9560111,com.android.car.media.MediaActivity,RESUME_ACTIVITY]
07-21 06:02:26.190  4637  4637 I wm_on_top_resumed_gained_called: [9560111,com.android.car.media.MediaActivity,topWhenResuming]
07-21 06:02:26.192   520   572 I input_focus: [Focus request dc92583 com.android.car.media/com.android.car.media.MediaActivity,reason=UpdateInputWindows]
07-21 06:02:26.192   520  1383 I wm_failed_to_pause: [0,134031266,com.android.camera2/com.android.camera.CameraLauncher,(none)]
07-21 06:02:26.193   520   571 I sysui_multi_action: [757,803,799,window_time_0,802,0]
07-21 06:02:26.221   520   645 I input_focus: [Focus entering dc92583 com.android.car.media/com.android.car.media.MediaActivity (server),reason=setFocusedWindow]
07-21 06:02:26.237   520   578 I am_wtf  : [0,520,system_server,-1,NetworkStats,Failed to parse network stats]
07-21 06:02:26.241   520   645 I input_interaction: Interaction with: dc92583 com.android.car.media/com.android.car.media.MediaActivity (server), PointerEventDispatcher0 (server), 
07-21 06:02:26.265   520   578 I am_wtf  : [0,520,system_server,-1,NetworkStats,Failed to parse network stats]
07-21 06:02:26.278   520   578 I am_wtf  : [0,520,system_server,-1,NetworkStats,Failed to parse network stats]
07-21 06:02:26.296   520   578 I am_wtf  : [0,520,system_server,-1,NetworkStats,Failed to parse network stats]
07-21 06:02:26.306   520   578 I am_wtf  : [0,520,system_server,-1,NetworkStats,Failed to parse network stats]
07-21 06:02:26.315   520   578 I am_wtf  : [0,520,system_server,-1,NetworkStats,Failed to parse network stats]
07-21 06:02:26.320   520   578 I am_wtf  : [0,520,system_server,-1,NetworkStats,Failed to parse network stats]
07-21 06:02:26.326   520   578 I am_wtf  : [0,520,system_server,-1,NetworkStats,Failed to parse network stats]
07-21 06:02:26.333   520   578 I am_wtf  : [0,520,system_server,-1,NetworkStats,Failed to parse network stats]
07-21 06:02:26.338   520   578 I am_wtf  : [0,520,system_server,-1,NetworkStats,Failed to parse network stats]
07-21 06:02:26.342   520   578 I am_wtf  : [0,520,system_server,-1,NetworkStats,Failed to parse network stats]
07-21 06:02:26.346   520   578 I am_wtf  : [0,520,system_server,-1,NetworkStats,Failed to parse network stats]
07-21 06:02:26.350   520   578 I am_wtf  : [0,520,system_server,-1,NetworkStats,Failed to parse network stats]
07-21 06:02:26.360   520   578 I am_wtf  : [0,520,system_server,-1,NetworkStats,Failed to parse network stats]
07-21 06:02:26.367   520   578 I am_wtf  : [0,520,system_server,-1,NetworkStats,Failed to parse network stats]
07-21 06:02:26.398   520   959 I storage_state: [41217664-9172-527a-b3d5-edabb50a7d69,0,0,16713162752,20951056384]
07-21 06:02:26.678   520   571 I wm_destroy_activity: [0,159885697,96,com.android.car.media/.MediaDispatcherActivity,finish-imm:idle]
07-21 06:02:26.679   520   571 I wm_stop_activity: [0,134031266,com.android.camera2/com.android.camera.CameraLauncher]
07-21 06:02:26.690  4637  4637 I wm_on_destroy_called: [159885697,com.android.car.media.MediaDispatcherActivity,performDestroy]
07-21 06:02:26.716  3153  3153 I wm_on_stop_called: [134031266,com.android.camera.CameraLauncher,STOP_ACTIVITY_ITEM]
07-21 06:02:26.888  4637  4637 I menu_opened: 0
07-21 06:02:26.910   520   572 I input_focus: [Focus request 15b1035 AtchDlg:com.android.car.media/com.android.car.media.MediaActivity,reason=UpdateInputWindows]
07-21 06:02:26.921   520   645 I input_focus: [Focus leaving dc92583 com.android.car.media/com.android.car.media.MediaActivity (server),reason=Waiting for window because NOT_VISIBLE]
07-21 06:02:26.937   520   645 I input_focus: [Focus entering 15b1035 AtchDlg:com.android.car.media/com.android.car.media.MediaActivity (server),reason=Window became focusable. Previous reason: NOT_VISIBLE]
07-21 06:02:27.089   520   645 I input_interaction: Interaction with: 15b1035 AtchDlg:com.android.car.media/com.android.car.media.MediaActivity (server), PointerEventDispatcher0 (server), 
07-21 06:02:27.247   520   564 I service_manager_stats: [157,52,5170]
07-21 06:02:27.249   520   578 I am_wtf  : [0,520,system_server,-1,NetworkStats,Failed to parse network stats]
07-21 06:02:27.252   520   578 I am_wtf  : [0,520,system_server,-1,NetworkStats,Failed to parse network stats]
07-21 06:02:27.255   520   578 I am_wtf  : [0,520,system_server,-1,NetworkStats,Failed to parse network stats]
07-21 06:02:27.258   520   578 I am_wtf  : [0,520,system_server,-1,NetworkStats,Failed to parse network stats]
07-21 06:02:27.261   520   578 I am_wtf  : [0,520,system_server,-1,NetworkStats,Failed to parse network stats]
07-21 06:02:27.264   520   578 I am_wtf  : [0,520,system_server,-1,NetworkStats,Failed to parse network stats]
07-21 06:02:27.267   520   578 I am_wtf  : [0,520,system_server,-1,NetworkStats,Failed to parse network stats]
07-21 06:02:27.270   520   578 I am_wtf  : [0,520,system_server,-1,NetworkStats,Failed to parse network stats]
07-21 06:02:27.274   520   578 I am_wtf  : [0,520,system_server,-1,NetworkStats,Failed to parse network stats]
07-21 06:02:27.276   520   578 I am_wtf  : [0,520,system_server,-1,NetworkStats,Failed to parse network stats]
07-21 06:02:27.279   520   578 I am_wtf  : [0,520,system_server,-1,NetworkStats,Failed to parse network stats]
07-21 06:02:27.283   520   578 I am_wtf  : [0,520,system_server,-1,NetworkStats,Failed to parse network stats]
07-21 06:02:27.286   520   578 I am_wtf  : [0,520,system_server,-1,NetworkStats,Failed to parse network stats]
07-21 06:02:27.289   520   578 I am_wtf  : [0,520,system_server,-1,NetworkStats,Failed to parse network stats]
07-21 06:02:27.292   520   578 I am_wtf  : [0,520,system_server,-1,NetworkStats,Failed to parse network stats]
07-21 06:02:27.496   520   645 I input_interaction: Interaction with: dc92583 com.android.car.media/com.android.car.media.MediaActivity (server), PointerEventDispatcher0 (server), 
07-21 06:02:27.497   520   645 I input_interaction: Interaction with: dc92583 com.android.car.media/com.android.car.media.MediaActivity (server), b15b5c9 TopCarSystemBar (server), PointerEventDispatcher0 (server), 
07-21 06:02:27.502   520  1334 I sysui_multi_action: [757,127,758,1]
07-21 06:02:27.503   520  1334 I sysui_multi_action: [757,804,799,note_load,801,1,802,1]
07-21 06:02:27.503   520  1334 I notification_panel_revealed: 1
07-21 06:02:27.503   520  1383 I sysui_multi_action: [757,127,758,1]
07-21 06:02:27.504   520  1383 I sysui_multi_action: [757,804,799,note_load,801,1,802,1]
07-21 06:02:27.504   520  1383 I notification_panel_revealed: 1
07-21 06:02:27.514   520   572 I input_focus: [Focus request 8871c7c SystemUIOverlayWindow,reason=UpdateInputWindows]
07-21 06:02:27.553   520   645 I input_focus: [Focus leaving 15b1035 AtchDlg:com.android.car.media/com.android.car.media.MediaActivity (server),reason=setFocusedWindow]
07-21 06:02:27.553   520   645 I input_focus: [Focus entering 8871c7c SystemUIOverlayWindow (server),reason=setFocusedWindow]
07-21 06:02:27.686   520  1383 I sysui_multi_action: [757,128,758,1,793,1075806,794,0,795,1075806,796,26,798,-1,806,android,857,DEVELOPER_IMPORTANT,858,4,947,0,1395,1,1500,1075604,1688,1]
07-21 06:02:27.686   520  1383 I sysui_multi_action: [757,804,799,note_freshness,801,1075806,802,1]
07-21 06:02:27.686   520  1383 I notification_visibility: [-1|android|26|null|1000,1,1075806,1075806,0,-1]
07-21 06:02:27.703   520   645 I input_interaction: Interaction with: 8871c7c SystemUIOverlayWindow (server), PointerEventDispatcher0 (server), 
07-21 06:02:28.250   520   578 I am_wtf  : [0,520,system_server,-1,NetworkStats,Failed to parse network stats]
07-21 06:02:28.253   520   578 I am_wtf  : [0,520,system_server,-1,NetworkStats,Failed to parse network stats]
07-21 06:02:28.257   520   578 I am_wtf  : [0,520,system_server,-1,NetworkStats,Failed to parse network stats]
07-21 06:02:28.260   520   578 I am_wtf  : [0,520,system_server,-1,NetworkStats,Failed to parse network stats]
07-21 06:02:28.263   520   578 I am_wtf  : [0,520,system_server,-1,NetworkStats,Failed to parse network stats]
07-21 06:02:28.266   520   578 I am_wtf  : [0,520,system_server,-1,NetworkStats,Failed to parse network stats]
07-21 06:02:28.269   520   578 I am_wtf  : [0,520,system_server,-1,NetworkStats,Failed to parse network stats]
07-21 06:02:28.272   520   578 I am_wtf  : [0,520,system_server,-1,NetworkStats,Failed to parse network stats]
07-21 06:02:28.275   520   578 I am_wtf  : [0,520,system_server,-1,NetworkStats,Failed to parse network stats]
07-21 06:02:28.278   520   578 I am_wtf  : [0,520,system_server,-1,NetworkStats,Failed to parse network stats]
07-21 06:02:28.282   520   578 I am_wtf  : [0,520,system_server,-1,NetworkStats,Failed to parse network stats]
07-21 06:02:28.285   520   578 I am_wtf  : [0,520,system_server,-1,NetworkStats,Failed to parse network stats]
07-21 06:02:28.288   520   578 I am_wtf  : [0,520,system_server,-1,NetworkStats,Failed to parse network stats]
07-21 06:02:28.291   520   578 I am_wtf  : [0,520,system_server,-1,NetworkStats,Failed to parse network stats]
07-21 06:02:28.294   520   578 I am_wtf  : [0,520,system_server,-1,NetworkStats,Failed to parse network stats]
07-21 06:02:29.058   520  1334 I sysui_multi_action: [757,127,758,2]
07-21 06:02:29.059   520  1334 I notification_panel_hidden: 
07-21 06:02:29.065   520  1334 I sysui_multi_action: [757,128,758,2,793,1077186,794,1380,795,1077186,796,26,798,-1,806,android,857,DEVELOPER_IMPORTANT,858,4,947,0,1395,1,1500,1076984,1688,1]
07-21 06:02:29.065   520  1334 I notification_visibility: [-1|android|26|null|1000,0,1077186,1077186,0,-1]
07-21 06:02:29.085   520   572 I input_focus: [Focus request 15b1035 AtchDlg:com.android.car.media/com.android.car.media.MediaActivity,reason=UpdateInputWindows]
07-21 06:02:29.095   520   645 I input_focus: [Focus leaving 8871c7c SystemUIOverlayWindow (server),reason=NO_WINDOW]
07-21 06:02:29.115   520   645 I input_focus: [Focus entering 15b1035 AtchDlg:com.android.car.media/com.android.car.media.MediaActivity (server),reason=setFocusedWindow]
07-21 06:02:29.200   520   645 I input_interaction: Interaction with: 15b1035 AtchDlg:com.android.car.media/com.android.car.media.MediaActivity (server), PointerEventDispatcher0 (server), 
07-21 06:02:29.278   520   578 I am_wtf  : [0,520,system_server,-1,NetworkStats,Failed to parse network stats]
07-21 06:02:29.282   520   578 I am_wtf  : [0,520,system_server,-1,NetworkStats,Failed to parse network stats]
07-21 06:02:29.286   520   578 I am_wtf  : [0,520,system_server,-1,NetworkStats,Failed to parse network stats]
07-21 06:02:29.289   520   578 I am_wtf  : [0,520,system_server,-1,NetworkStats,Failed to parse network stats]
07-21 06:02:29.291   520   578 I am_wtf  : [0,520,system_server,-1,NetworkStats,Failed to parse network stats]
07-21 06:02:29.294   520   578 I am_wtf  : [0,520,system_server,-1,NetworkStats,Failed to parse network stats]
07-21 06:02:29.297   520   578 I am_wtf  : [0,520,system_server,-1,NetworkStats,Failed to parse network stats]
07-21 06:02:29.300   520   578 I am_wtf  : [0,520,system_server,-1,NetworkStats,Failed to parse network stats]
07-21 06:02:29.304   520   578 I am_wtf  : [0,520,system_server,-1,NetworkStats,Failed to parse network stats]
07-21 06:02:29.307   520   578 I am_wtf  : [0,520,system_server,-1,NetworkStats,Failed to parse network stats]
07-21 06:02:29.310   520   578 I am_wtf  : [0,520,system_server,-1,NetworkStats,Failed to parse network stats]
07-21 06:02:29.313   520   578 I am_wtf  : [0,520,system_server,-1,NetworkStats,Failed to parse network stats]
07-21 06:02:29.317   520   578 I am_wtf  : [0,520,system_server,-1,NetworkStats,Failed to parse network stats]
07-21 06:02:29.320   520   578 I am_wtf  : [0,520,system_server,-1,NetworkStats,Failed to parse network stats]
07-21 06:02:29.323   520   578 I am_wtf  : [0,520,system_server,-1,NetworkStats,Failed to parse network stats]
07-21 06:02:30.036   520   645 I input_interaction: Interaction with: b15b5c9 TopCarSystemBar (server), PointerEventDispatcher0 (server), 
07-21 06:02:30.239   520   645 I input_interaction: Interaction with: dc92583 com.android.car.media/com.android.car.media.MediaActivity (server), PointerEventDispatcher0 (server), 
07-21 06:02:30.279   520   578 I am_wtf  : [0,520,system_server,-1,NetworkStats,Failed to parse network stats]
07-21 06:02:30.284   520   578 I am_wtf  : [0,520,system_server,-1,NetworkStats,Failed to parse network stats]
07-21 06:02:30.288   520   578 I am_wtf  : [0,520,system_server,-1,NetworkStats,Failed to parse network stats]
07-21 06:02:30.292   520   578 I am_wtf  : [0,520,system_server,-1,NetworkStats,Failed to parse network stats]
07-21 06:02:30.295   520   578 I am_wtf  : [0,520,system_server,-1,NetworkStats,Failed to parse network stats]
07-21 06:02:30.298   520   578 I am_wtf  : [0,520,system_server,-1,NetworkStats,Failed to parse network stats]
07-21 06:02:30.301   520   578 I am_wtf  : [0,520,system_server,-1,NetworkStats,Failed to parse network stats]
07-21 06:02:30.304   520   578 I am_wtf  : [0,520,system_server,-1,NetworkStats,Failed to parse network stats]
07-21 06:02:30.307   520   578 I am_wtf  : [0,520,system_server,-1,NetworkStats,Failed to parse network stats]
07-21 06:02:30.309   520   578 I am_wtf  : [0,520,system_server,-1,NetworkStats,Failed to parse network stats]
07-21 06:02:30.312   520   578 I am_wtf  : [0,520,system_server,-1,NetworkStats,Failed to parse network stats]
07-21 06:02:30.315   520   578 I am_wtf  : [0,520,system_server,-1,NetworkStats,Failed to parse network stats]
07-21 06:02:30.318   520   578 I am_wtf  : [0,520,system_server,-1,NetworkStats,Failed to parse network stats]
07-21 06:02:30.321   520   578 I am_wtf  : [0,520,system_server,-1,NetworkStats,Failed to parse network stats]
07-21 06:02:30.324   520   578 I am_wtf  : [0,520,system_server,-1,NetworkStats,Failed to parse network stats]
07-21 06:02:30.442   520   645 I input_interaction: Interaction with: 15b1035 AtchDlg:com.android.car.media/com.android.car.media.MediaActivity (server), PointerEventDispatcher0 (server), 
07-21 06:02:31.056   520   572 I input_focus: [Focus request dc92583 com.android.car.media/com.android.car.media.MediaActivity,reason=UpdateInputWindows]
07-21 06:02:31.106   520   645 I input_focus: [Focus entering dc92583 com.android.car.media/com.android.car.media.MediaActivity (server),reason=setFocusedWindow]
07-21 06:02:31.250   520   645 I input_interaction: Interaction with: dc92583 com.android.car.media/com.android.car.media.MediaActivity (server), PointerEventDispatcher0 (server), 
07-21 06:02:31.308   520   578 I am_wtf  : [0,520,system_server,-1,NetworkStats,Failed to parse network stats]
07-21 06:02:31.313   520   578 I am_wtf  : [0,520,system_server,-1,NetworkStats,Failed to parse network stats]
07-21 06:02:31.317   520   578 I am_wtf  : [0,520,system_server,-1,NetworkStats,Failed to parse network stats]
07-21 06:02:31.320   520   578 I am_wtf  : [0,520,system_server,-1,NetworkStats,Failed to parse network stats]
07-21 06:02:31.322   520   578 I am_wtf  : [0,520,system_server,-1,NetworkStats,Failed to parse network stats]
07-21 06:02:31.325   520   578 I am_wtf  : [0,520,system_server,-1,NetworkStats,Failed to parse network stats]
07-21 06:02:31.328   520   578 I am_wtf  : [0,520,system_server,-1,NetworkStats,Failed to parse network stats]
07-21 06:02:31.332   520   578 I am_wtf  : [0,520,system_server,-1,NetworkStats,Failed to parse network stats]
07-21 06:02:31.336   520   578 I am_wtf  : [0,520,system_server,-1,NetworkStats,Failed to parse network stats]
07-21 06:02:31.339   520   578 I am_wtf  : [0,520,system_server,-1,NetworkStats,Failed to parse network stats]
07-21 06:02:31.342   520   578 I am_wtf  : [0,520,system_server,-1,NetworkStats,Failed to parse network stats]
07-21 06:02:31.345   520   578 I am_wtf  : [0,520,system_server,-1,NetworkStats,Failed to parse network stats]
07-21 06:02:31.348   520   578 I am_wtf  : [0,520,system_server,-1,NetworkStats,Failed to parse network stats]
07-21 06:02:31.350   520   578 I am_wtf  : [0,520,system_server,-1,NetworkStats,Failed to parse network stats]
07-21 06:02:31.353   520   578 I am_wtf  : [0,520,system_server,-1,NetworkStats,Failed to parse network stats]
07-21 06:02:32.307   520  1334 I service_manager_stats: [150,35,5060]
07-21 06:02:32.308   520   578 I am_wtf  : [0,520,system_server,-1,NetworkStats,Failed to parse network stats]
07-21 06:02:32.311   520   578 I am_wtf  : [0,520,system_server,-1,NetworkStats,Failed to parse network stats]
07-21 06:02:32.314   520   578 I am_wtf  : [0,520,system_server,-1,NetworkStats,Failed to parse network stats]
07-21 06:02:32.317   520   578 I am_wtf  : [0,520,system_server,-1,NetworkStats,Failed to parse network stats]
07-21 06:02:32.321   520   578 I am_wtf  : [0,520,system_server,-1,NetworkStats,Failed to parse network stats]
07-21 06:02:32.324   520   578 I am_wtf  : [0,520,system_server,-1,NetworkStats,Failed to parse network stats]
07-21 06:02:32.329   520   578 I am_wtf  : [0,520,system_server,-1,NetworkStats,Failed to parse network stats]
07-21 06:02:32.331   520   578 I am_wtf  : [0,520,system_server,-1,NetworkStats,Failed to parse network stats]
07-21 06:02:32.334   520   578 I am_wtf  : [0,520,system_server,-1,NetworkStats,Failed to parse network stats]
07-21 06:02:32.337   520   578 I am_wtf  : [0,520,system_server,-1,NetworkStats,Failed to parse network stats]
07-21 06:02:32.340   520   578 I am_wtf  : [0,520,system_server,-1,NetworkStats,Failed to parse network stats]
07-21 06:02:32.343   520   578 I am_wtf  : [0,520,system_server,-1,NetworkStats,Failed to parse network stats]
07-21 06:02:32.345   520   578 I am_wtf  : [0,520,system_server,-1,NetworkStats,Failed to parse network stats]
07-21 06:02:32.349   520   578 I am_wtf  : [0,520,system_server,-1,NetworkStats,Failed to parse network stats]
07-21 06:02:32.352   520   578 I am_wtf  : [0,520,system_server,-1,NetworkStats,Failed to parse network stats]
07-21 06:02:33.084   520   645 I input_interaction: Interaction with: b15b5c9 TopCarSystemBar (server), PointerEventDispatcher0 (server), 
07-21 06:02:33.289   520   645 I input_interaction: Interaction with: dc92583 com.android.car.media/com.android.car.media.MediaActivity (server), PointerEventDispatcher0 (server), 
07-21 06:02:33.317   520   578 I am_wtf  : [0,520,system_server,-1,NetworkStats,Failed to parse network stats]
07-21 06:02:33.320   520   578 I am_wtf  : [0,520,system_server,-1,NetworkStats,Failed to parse network stats]
07-21 06:02:33.323   520   578 I am_wtf  : [0,520,system_server,-1,NetworkStats,Failed to parse network stats]
07-21 06:02:33.326   520   578 I am_wtf  : [0,520,system_server,-1,NetworkStats,Failed to parse network stats]
07-21 06:02:33.332   520   578 I am_wtf  : [0,520,system_server,-1,NetworkStats,Failed to parse network stats]
07-21 06:02:33.335   520   578 I am_wtf  : [0,520,system_server,-1,NetworkStats,Failed to parse network stats]
07-21 06:02:33.338   520   578 I am_wtf  : [0,520,system_server,-1,NetworkStats,Failed to parse network stats]
07-21 06:02:33.341   520   578 I am_wtf  : [0,520,system_server,-1,NetworkStats,Failed to parse network stats]
07-21 06:02:33.345   520   578 I am_wtf  : [0,520,system_server,-1,NetworkStats,Failed to parse network stats]
07-21 06:02:33.349   520   578 I am_wtf  : [0,520,system_server,-1,NetworkStats,Failed to parse network stats]
07-21 06:02:33.353   520   578 I am_wtf  : [0,520,system_server,-1,NetworkStats,Failed to parse network stats]
07-21 06:02:33.356   520   578 I am_wtf  : [0,520,system_server,-1,NetworkStats,Failed to parse network stats]
07-21 06:02:33.359   520   578 I am_wtf  : [0,520,system_server,-1,NetworkStats,Failed to parse network stats]
07-21 06:02:33.362   520   578 I am_wtf  : [0,520,system_server,-1,NetworkStats,Failed to parse network stats]
07-21 06:02:33.364   520   578 I am_wtf  : [0,520,system_server,-1,NetworkStats,Failed to parse network stats]
07-21 06:02:33.715   520  1383 I wm_task_moved: [95,1,15]
07-21 06:02:33.715   520  1383 I wm_task_to_front: [0,95]
07-21 06:02:33.717   520  1383 I wm_focused_root_task: [0,0,95,96,bringingFoundTaskToFront]
07-21 06:02:33.717   520  1383 I wm_set_resumed_activity: [0,com.android.car.carlauncher/.AppGridActivity,bringingFoundTaskToFront]
07-21 06:02:33.717   520  1383 I wm_new_intent: [0,81710932,95,com.android.car.carlauncher/.AppGridActivity,com.android.car.carlauncher.ACTION_APP_GRID,NULL,NULL,872415232]
07-21 06:02:33.719   520  1383 I wm_pause_activity: [0,9560111,com.android.car.media/.MediaActivity,userLeaving=true,pauseBackTasks]
07-21 06:02:33.734  4637  4637 I wm_on_top_resumed_lost_called: [9560111,com.android.car.media.MediaActivity,topStateChangedWhenResumed]
07-21 06:02:33.735  4637  4637 I wm_on_paused_called: [9560111,com.android.car.media.MediaActivity,performPause]
07-21 06:02:33.737   520  1383 I wm_set_resumed_activity: [0,com.android.car.carlauncher/.AppGridActivity,resumeTopActivityInnerLocked]
07-21 06:02:33.737   520   571 I am_uid_active: 10012
07-21 06:02:33.737   520  1383 I wm_add_to_stopping: [0,9560111,com.android.car.media/.MediaActivity,makeInvisible]
07-21 06:02:33.746   520  1383 I wm_resume_activity: [0,81710932,95,com.android.car.carlauncher/.AppGridActivity]
07-21 06:02:33.754   520   571 I sysui_multi_action: [757,803,799,window_time_0,802,8]
07-21 06:02:33.755  1691  1691 I wm_on_restart_called: [81710932,com.android.car.carlauncher.AppGridActivity,performRestartActivity]
07-21 06:02:33.763  1691  1691 I wm_on_start_called: [81710932,com.android.car.carlauncher.AppGridActivity,handleStartActivity]
07-21 06:02:33.779   520   645 I input_focus: [Focus leaving dc92583 com.android.car.media/com.android.car.media.MediaActivity (server),reason=NO_WINDOW]
07-21 06:02:33.796  1691  1691 I wm_on_resume_called: [81710932,com.android.car.carlauncher.AppGridActivity,RESUME_ACTIVITY]
07-21 06:02:33.796  1691  1691 I wm_on_top_resumed_gained_called: [81710932,com.android.car.carlauncher.AppGridActivity,topWhenResuming]
07-21 06:02:33.806   520   572 I input_focus: [Focus request 6790a75 com.android.car.carlauncher/com.android.car.carlauncher.AppGridActivity,reason=UpdateInputWindows]
07-21 06:02:33.890   520   568 I sysui_multi_action: [319,174,322,144,325,1123,757,761,758,9,759,2,806,com.android.car.carlauncher,871,com.android.car.carlauncher.AppGridActivity,904,com.android.car.radio,905,0,1320,4,1321,2]
07-21 06:02:33.899   520   645 I input_focus: [Focus entering 6790a75 com.android.car.carlauncher/com.android.car.carlauncher.AppGridActivity (server),reason=Window became focusable. Previous reason: NOT_VISIBLE]
07-21 06:02:33.907   520   645 I input_interaction: Interaction with: 6790a75 com.android.car.carlauncher/com.android.car.carlauncher.AppGridActivity (server), PointerEventDispatcher0 (server), 
07-21 06:02:33.972   520  1334 I wm_task_moved: [96,1,15]
07-21 06:02:33.972   520  1334 I wm_task_to_front: [0,96]
07-21 06:02:33.973   520  1334 I wm_focused_root_task: [0,0,96,95,bringingFoundTaskToFront]
07-21 06:02:33.973   520  1334 I wm_set_resumed_activity: [0,com.android.car.media/.MediaActivity,bringingFoundTaskToFront]
07-21 06:02:33.980   520  1334 I wm_task_moved: [96,1,15]
07-21 06:02:33.981   520  1334 I wm_create_activity: [0,75715727,96,com.android.car.media/.MediaDispatcherActivity,android.car.intent.action.MEDIA_TEMPLATE,NULL,NULL,272629760]
07-21 06:02:33.983   520  1334 I wm_pause_activity: [0,81710932,com.android.car.carlauncher/.AppGridActivity,userLeaving=true,pauseBackTasks]
07-21 06:02:33.994  1691  1691 I wm_on_top_resumed_lost_called: [81710932,com.android.car.carlauncher.AppGridActivity,topStateChangedWhenResumed]
07-21 06:02:33.997  1691  1691 I wm_on_paused_called: [81710932,com.android.car.carlauncher.AppGridActivity,performPause]
07-21 06:02:34.002   520  4372 I wm_add_to_stopping: [0,81710932,com.android.car.carlauncher/.AppGridActivity,makeInvisible]
07-21 06:02:34.005   520  4372 I wm_restart_activity: [0,75715727,96,com.android.car.media/.MediaDispatcherActivity]
07-21 06:02:34.006   520  4372 I wm_set_resumed_activity: [0,com.android.car.media/.MediaDispatcherActivity,minimalResumeActivityLocked]
07-21 06:02:34.016   520   571 I sysui_multi_action: [757,803,799,window_time_0,802,0]
07-21 06:02:34.026   520   645 I input_focus: [Focus leaving 6790a75 com.android.car.carlauncher/com.android.car.carlauncher.AppGridActivity (server),reason=NO_WINDOW]
