07-21 06:03:54.896   520   568 I sysui_multi_action: [319,97,322,95,325,1204,757,761,758,9,759,2,806,com.semidrive.multidisplay,871,com.semidrive.multidisplay.DialogActivity,905,0,1320,4,1321,1]
07-21 06:03:54.900   520   578 I am_wtf  : [0,520,system_server,-1,NetworkStats,Failed to parse network stats]
07-21 06:03:54.901   520   578 I am_wtf  : [0,520,system_server,-1,NetworkStats,Failed to parse network stats]
07-21 06:03:54.907   520   578 I am_wtf  : [0,520,system_server,-1,NetworkStats,Failed to parse network stats]
07-21 06:03:54.913   520   578 I am_wtf  : [0,520,system_server,-1,NetworkStats,Failed to parse network stats]
07-21 06:03:54.924   520   578 I am_wtf  : [0,520,system_server,-1,NetworkStats,Failed to parse network stats]
07-21 06:03:54.929   520   579 I am_proc_start: [0,6705,10046,com.android.systemui:screenshot,service,{com.android.systemui/com.android.systemui.screenshot.TakeScreenshotService}]
07-21 06:03:54.933   520   578 I am_wtf  : [0,520,system_server,-1,NetworkStats,Failed to parse network stats]
07-21 06:03:54.943   520   578 I am_wtf  : [0,520,system_server,-1,NetworkStats,Failed to parse network stats]
07-21 06:03:54.948   520   578 I am_wtf  : [0,520,system_server,-1,NetworkStats,Failed to parse network stats]
07-21 06:03:54.955   520  1334 I am_proc_bound: [0,6705,com.android.systemui:screenshot]
07-21 06:03:54.997   520  1334 I am_crash: [6705,0,com.android.systemui:screenshot,818462221,java.lang.IllegalStateException,Replacing existing organizer currently unsupported,Parcel.java,2433]
07-21 06:03:55.022   520   997 I am_proc_died: [0,6705,com.android.systemui:screenshot,0,5]
07-21 06:03:55.023   520   997 I am_schedule_service_restart: [0,com.android.systemui/.screenshot.TakeScreenshotService,0]
07-21 06:03:55.041   520   579 I am_proc_start: [0,6725,10046,com.android.systemui:screenshot,service,{com.android.systemui/com.android.systemui.screenshot.TakeScreenshotService}]
07-21 06:03:55.067   520   997 I am_proc_bound: [0,6725,com.android.systemui:screenshot]
07-21 06:03:55.109   520   997 I am_crash: [6725,0,com.android.systemui:screenshot,818462221,java.lang.IllegalStateException,Remote stack trace:
07-21 06:03:55.109   520   997 I am_crash: 	at com.android.server.wm.DisplayAreaOrganizerController.registerOrganizer(DisplayAreaOrganizerController.java:131)
07-21 06:03:55.109   520   997 I am_crash: 	at android.window.IDisplayAreaOrganizerController$Stub.onTransact(IDisplayAreaOrganizerController.java:142)
07-21 06:03:55.109   520   997 I am_crash: 	at android.os.Binder.execTransactInternal(Binder.java:1179)
07-21 06:03:55.109   520   997 I am_crash: 	at android.os.Binder.execTransact(Binder.java:1143)
07-21 06:03:55.109   520   997 I am_crash: ,Parcel.java,2433]
07-21 06:03:55.133   520   997 I am_proc_died: [0,6725,com.android.systemui:screenshot,0,5]
07-21 06:03:55.134   520   997 I am_schedule_service_restart: [0,com.android.systemui/.screenshot.TakeScreenshotService,0]
07-21 06:03:55.151   520   579 I am_proc_start: [0,6743,10046,com.android.systemui:screenshot,service,{com.android.systemui/com.android.systemui.screenshot.TakeScreenshotService}]
07-21 06:03:55.173   520   997 I am_proc_bound: [0,6743,com.android.systemui:screenshot]
07-21 06:03:55.220   520   997 I am_crash: [6743,0,com.android.systemui:screenshot,818462221,java.lang.IllegalStateException,Replacing existing organizer currently unsupported,Parcel.java,2433]
07-21 06:03:55.244   520   997 I am_proc_died: [0,6743,com.android.systemui:screenshot,0,5]
07-21 06:03:55.244   520   997 I am_schedule_service_restart: [0,com.android.systemui/.screenshot.TakeScreenshotService,0]
07-21 06:03:55.260   520   579 I am_proc_start: [0,6760,10046,com.android.systemui:screenshot,service,{com.android.systemui/com.android.systemui.screenshot.TakeScreenshotService}]
07-21 06:03:55.283   520   997 I am_proc_bound: [0,6760,com.android.systemui:screenshot]
07-21 06:03:55.329   520   997 I am_crash: [6760,0,com.android.systemui:screenshot,818462221,java.lang.IllegalStateException,Replacing existing organizer currently unsupported,Parcel.java,2433]
07-21 06:03:55.855   520   578 I am_wtf  : [0,520,system_server,-1,NetworkStats,Failed to parse network stats]
07-21 06:03:55.858   520   578 I am_wtf  : [0,520,system_server,-1,NetworkStats,Failed to parse network stats]
07-21 06:03:55.862   520   578 I am_wtf  : [0,520,system_server,-1,NetworkStats,Failed to parse network stats]
07-21 06:03:55.866   520   578 I am_wtf  : [0,520,system_server,-1,NetworkStats,Failed to parse network stats]
07-21 06:03:55.871   520   578 I am_wtf  : [0,520,system_server,-1,NetworkStats,Failed to parse network stats]
07-21 06:03:55.876   520   578 I am_wtf  : [0,520,system_server,-1,NetworkStats,Failed to parse network stats]
07-21 06:03:55.879   520   578 I am_wtf  : [0,520,system_server,-1,NetworkStats,Failed to parse network stats]
07-21 06:03:55.883   520   578 I am_wtf  : [0,520,system_server,-1,NetworkStats,Failed to parse network stats]
07-21 06:03:55.888   520   578 I am_wtf  : [0,520,system_server,-1,NetworkStats,Failed to parse network stats]
07-21 06:03:55.892   520   578 I am_wtf  : [0,520,system_server,-1,NetworkStats,Failed to parse network stats]
07-21 06:03:55.896   520   578 I am_wtf  : [0,520,system_server,-1,NetworkStats,Failed to parse network stats]
07-21 06:03:55.899   520   578 I am_wtf  : [0,520,system_server,-1,NetworkStats,Failed to parse network stats]
07-21 06:03:55.905   520   578 I am_wtf  : [0,520,system_server,-1,NetworkStats,Failed to parse network stats]
07-21 06:03:55.909   520   578 I am_wtf  : [0,520,system_server,-1,NetworkStats,Failed to parse network stats]
07-21 06:03:55.914   520   578 I am_wtf  : [0,520,system_server,-1,NetworkStats,Failed to parse network stats]
07-21 06:03:55.921   520   564 I am_proc_died: [0,6760,com.android.systemui:screenshot,0,5]
07-21 06:03:55.922   520   564 I am_schedule_service_restart: [0,com.android.systemui/.screenshot.TakeScreenshotService,0]
07-21 06:03:55.938   520   579 I am_proc_start: [0,6785,10046,com.android.systemui:screenshot,service,{com.android.systemui/com.android.systemui.screenshot.TakeScreenshotService}]
07-21 06:03:55.960   520   564 I am_proc_bound: [0,6785,com.android.systemui:screenshot]
07-21 06:03:56.004   520   564 I am_crash: [6785,0,com.android.systemui:screenshot,818462221,java.lang.IllegalStateException,Replacing existing organizer currently unsupported,Parcel.java,2433]
07-21 06:03:56.027   520   564 I am_proc_died: [0,6785,com.android.systemui:screenshot,0,5]
07-21 06:03:56.027   520   564 I am_schedule_service_restart: [0,com.android.systemui/.screenshot.TakeScreenshotService,0]
07-21 06:03:56.043   520   579 I am_proc_start: [0,6805,10046,com.android.systemui:screenshot,service,{com.android.systemui/com.android.systemui.screenshot.TakeScreenshotService}]
07-21 06:03:56.066   520   997 I am_proc_bound: [0,6805,com.android.systemui:screenshot]
07-21 06:03:56.110   520   997 I am_crash: [6805,0,com.android.systemui:screenshot,818462221,java.lang.IllegalStateException,Remote stack trace:
07-21 06:03:56.110   520   997 I am_crash: 	at com.android.server.wm.DisplayAreaOrganizerController.registerOrganizer(DisplayAreaOrganizerController.java:131)
07-21 06:03:56.110   520   997 I am_crash: 	at android.window.IDisplayAreaOrganizerController$Stub.onTransact(IDisplayAreaOrganizerController.java:142)
07-21 06:03:56.110   520   997 I am_crash: 	at android.os.Binder.execTransactInternal(Binder.java:1179)
07-21 06:03:56.110   520   997 I am_crash: 	at android.os.Binder.execTransact(Binder.java:1143)
07-21 06:03:56.110   520   997 I am_crash: ,Parcel.java,2433]
07-21 06:03:56.133   520   997 I am_proc_died: [0,6805,com.android.systemui:screenshot,0,5]
07-21 06:03:56.134   520   997 I am_schedule_service_restart: [0,com.android.systemui/.screenshot.TakeScreenshotService,0]
07-21 06:03:56.150   520   579 I am_proc_start: [0,6822,10046,com.android.systemui:screenshot,service,{com.android.systemui/com.android.systemui.screenshot.TakeScreenshotService}]
07-21 06:03:56.171   520   997 I am_proc_bound: [0,6822,com.android.systemui:screenshot]
07-21 06:03:56.215   520   997 I am_crash: [6822,0,com.android.systemui:screenshot,818462221,java.lang.IllegalStateException,Replacing existing organizer currently unsupported,Parcel.java,2433]
07-21 06:03:56.239   520   997 I am_proc_died: [0,6822,com.android.systemui:screenshot,0,5]
07-21 06:03:56.240   520   997 I am_schedule_service_restart: [0,com.android.systemui/.screenshot.TakeScreenshotService,0]
07-21 06:03:56.259   520   579 I am_proc_start: [0,6838,10046,com.android.systemui:screenshot,service,{com.android.systemui/com.android.systemui.screenshot.TakeScreenshotService}]
07-21 06:03:56.282   520  1334 I am_proc_bound: [0,6838,com.android.systemui:screenshot]
07-21 06:03:56.330   520  1334 I am_crash: [6838,0,com.android.systemui:screenshot,818462221,java.lang.IllegalStateException,Replacing existing organizer currently unsupported,Parcel.java,2433]
07-21 06:03:56.354   520  1334 I am_proc_died: [0,6838,com.android.systemui:screenshot,0,5]
07-21 06:03:56.355   520  1334 I am_schedule_service_restart: [0,com.android.systemui/.screenshot.TakeScreenshotService,0]
07-21 06:03:56.373   520   579 I am_proc_start: [0,6861,10046,com.android.systemui:screenshot,service,{com.android.systemui/com.android.systemui.screenshot.TakeScreenshotService}]
07-21 06:03:56.397   520  1334 I am_proc_bound: [0,6861,com.android.systemui:screenshot]
07-21 06:03:56.443   520  1334 I am_crash: [6861,0,com.android.systemui:screenshot,818462221,java.lang.IllegalStateException,Replacing existing organizer currently unsupported,Parcel.java,2433]
07-21 06:03:56.469   520  1334 I am_proc_died: [0,6861,com.android.systemui:screenshot,0,5]
07-21 06:03:56.470   520  1334 I am_schedule_service_restart: [0,com.android.systemui/.screenshot.TakeScreenshotService,0]
07-21 06:03:56.510   520   579 I am_proc_start: [0,6877,10046,com.android.systemui:screenshot,service,{com.android.systemui/com.android.systemui.screenshot.TakeScreenshotService}]
07-21 06:03:56.519   520  1334 I wm_task_created: [164,-1]
07-21 06:03:56.523   520  1334 I wm_task_moved: [164,1,16]
07-21 06:03:56.523   520  1334 I wm_task_to_front: [0,164]
07-21 06:03:56.526   520  1334 I wm_create_task: [0,164]
07-21 06:03:56.526   520  1334 I wm_create_activity: [0,221635642,164,com.android.car.developeroptions/com.android.settings.development.DevelopmentSettingsDisabledActivity,android.settings.APPLICATION_DEVELOPMENT_SETTINGS,NULL,NULL,276856832]
07-21 06:03:56.528   520  1334 I wm_task_moved: [164,1,16]
07-21 06:03:56.529   520  1334 I wm_pause_activity: [0,231517029,com.semidrive.multidisplay/.DialogActivity,userLeaving=true,pauseBackTasks]
07-21 06:03:56.537  1553  1553 I wm_on_top_resumed_lost_called: [231517029,com.semidrive.multidisplay.DialogActivity,topStateChangedWhenResumed]
07-21 06:03:56.539  1553  1553 I wm_on_paused_called: [231517029,com.semidrive.multidisplay.DialogActivity,performPause]
07-21 06:03:56.540   520  1334 I sysui_multi_action: [757,128,758,4,793,1164661,794,56866,795,1164661,796,26,798,-1,806,android,857,DEVELOPER_IMPORTANT,858,4,947,0,1395,-1,1500,1164459,1688,1]
07-21 06:03:56.541   520  1334 I notification_clicked: [-1|android|26|null|1000,1164661,1164661,56866,-1,-1]
07-21 06:03:56.541   520   520 I sysui_multi_action: [757,804,799,note_click_longevity,801,19,802,1]
07-21 06:03:56.547   520   997 I am_proc_bound: [0,6877,com.android.systemui:screenshot]
07-21 06:03:56.549   520  4372 I wm_restart_activity: [0,221635642,164,com.android.car.developeroptions/com.android.settings.development.DevelopmentSettingsDisabledActivity]
07-21 06:03:56.550   520  4372 I wm_set_resumed_activity: [0,com.android.car.developeroptions/com.android.settings.development.DevelopmentSettingsDisabledActivity,minimalResumeActivityLocked]
07-21 06:03:56.589   520   571 I sysui_multi_action: [757,803,799,window_time_0,802,2]
07-21 06:03:56.592   520  1334 I wm_finish_activity: [0,221635642,164,com.android.car.developeroptions/com.android.settings.development.DevelopmentSettingsDisabledActivity,app-request]
07-21 06:03:56.592   520  1334 I wm_task_moved: [142,1,16]
07-21 06:03:56.592   520  1334 I wm_task_to_front: [0,142]
07-21 06:03:56.594   520  1334 I wm_focused_root_task: [0,0,142,164,finish-top adjustFocusToNextFocusableTask]
07-21 06:03:56.595   520  1334 I wm_pause_activity: [0,221635642,com.android.car.developeroptions/com.android.settings.development.DevelopmentSettingsDisabledActivity,userLeaving=false,finish]
07-21 06:03:56.600  2576  2576 I wm_on_create_called: [221635642,com.android.settings.development.DevelopmentSettingsDisabledActivity,performCreate]
07-21 06:03:56.602   520   571 I sysui_multi_action: [757,1144,758,8,806,com.android.car.developeroptions,871,com.android.settings.development.DevelopmentSettingsDisabledActivity]
07-21 06:03:56.620   520  4372 I wm_set_resumed_activity: [0,com.semidrive.multidisplay/.DialogActivity,resumeTopActivityInnerLocked]
07-21 06:03:56.632   520  4372 I wm_resume_activity: [0,231517029,142,com.semidrive.multidisplay/.DialogActivity]
07-21 06:03:56.645   520   564 I dvm_lock_sample: [system_server,1,Binder:520_1,21,ActivityTaskManagerService.java,1847,android.app.ActivityTaskManager$RootTaskInfo com.android.server.wm.ActivityTaskManagerService.getFocusedRootTaskInfo(),TaskChangeNotificationController.java,342,void com.android.server.wm.TaskChangeNotificationController.forAllLocalListeners(com.android.server.wm.TaskChangeNotificationController$TaskStackConsumer, android.os.Message),4]
07-21 06:03:56.648   520   571 I sysui_multi_action: [757,803,799,window_time_0,802,0]
07-21 06:03:56.655  1553  1553 I wm_on_resume_called: [231517029,com.semidrive.multidisplay.DialogActivity,RESUME_ACTIVITY]
07-21 06:03:56.655  1553  1553 I wm_on_top_resumed_gained_called: [231517029,com.semidrive.multidisplay.DialogActivity,topWhenResuming]
07-21 06:03:56.669   520   564 I am_crash: [6877,0,com.android.systemui:screenshot,818462221,java.lang.IllegalStateException,Replacing existing organizer currently unsupported,Parcel.java,2433]
07-21 06:03:56.694   520   564 I am_proc_died: [0,6877,com.android.systemui:screenshot,0,5]
07-21 06:03:56.694   520   564 I am_schedule_service_restart: [0,com.android.systemui/.screenshot.TakeScreenshotService,0]
07-21 06:03:56.720   520   579 I am_proc_start: [0,6895,10046,com.android.systemui:screenshot,service,{com.android.systemui/com.android.systemui.screenshot.TakeScreenshotService}]
07-21 06:03:56.755   520  4372 I wm_destroy_activity: [0,221635642,164,com.android.car.developeroptions/com.android.settings.development.DevelopmentSettingsDisabledActivity,finish-idle]
07-21 06:03:56.756  2576  2576 I wm_on_destroy_called: [221635642,com.android.settings.development.DevelopmentSettingsDisabledActivity,performDestroy]
07-21 06:03:56.767   520  1334 I wm_task_removed: [164,removeChild:removeChild last r=ActivityRecord{d35e43a u0 com.android.car.developeroptions/com.android.settings.development.DevelopmentSettingsDisabledActivity t-1 f}} in t=Task{bf1cef4 #164 type=standard A=1000:com.android.car.developeroptions U=0 visible=false mode=fullscreen translucent=true sz=0}]
07-21 06:03:56.767   520  1334 I wm_task_removed: [164,removeChild]
07-21 06:03:56.768   520   997 I am_proc_bound: [0,6895,com.android.systemui:screenshot]
07-21 06:03:56.838   520   997 I am_crash: [6895,0,com.android.systemui:screenshot,818462221,java.lang.IllegalStateException,Replacing existing organizer currently unsupported,Parcel.java,2433]
07-21 06:03:56.869   520  1334 I am_proc_died: [0,6895,com.android.systemui:screenshot,0,5]
07-21 06:03:56.872   520  1334 I am_schedule_service_restart: [0,com.android.systemui/.screenshot.TakeScreenshotService,0]
07-21 06:03:56.893   520   578 I am_wtf  : [0,520,system_server,-1,NetworkStats,Failed to parse network stats]
07-21 06:03:56.897   520   579 I am_proc_start: [0,6914,10046,com.android.systemui:screenshot,service,{com.android.systemui/com.android.systemui.screenshot.TakeScreenshotService}]
07-21 06:03:56.905   520   578 I am_wtf  : [0,520,system_server,-1,NetworkStats,Failed to parse network stats]
07-21 06:03:56.915   520   578 I am_wtf  : [0,520,system_server,-1,NetworkStats,Failed to parse network stats]
07-21 06:03:56.928   520   578 I am_wtf  : [0,520,system_server,-1,NetworkStats,Failed to parse network stats]
07-21 06:03:56.929   520   564 I am_proc_bound: [0,6914,com.android.systemui:screenshot]
07-21 06:03:56.935   520   578 I am_wtf  : [0,520,system_server,-1,NetworkStats,Failed to parse network stats]
07-21 06:03:56.943   520   578 I am_wtf  : [0,520,system_server,-1,NetworkStats,Failed to parse network stats]
07-21 06:03:56.952   520   578 I am_wtf  : [0,520,system_server,-1,NetworkStats,Failed to parse network stats]
07-21 06:03:56.958   520   578 I am_wtf  : [0,520,system_server,-1,NetworkStats,Failed to parse network stats]
07-21 06:03:56.967   520   578 I am_wtf  : [0,520,system_server,-1,NetworkStats,Failed to parse network stats]
07-21 06:03:56.973   520   578 I am_wtf  : [0,520,system_server,-1,NetworkStats,Failed to parse network stats]
07-21 06:03:56.982   520   578 I am_wtf  : [0,520,system_server,-1,NetworkStats,Failed to parse network stats]
07-21 06:03:56.987   520   578 I am_wtf  : [0,520,system_server,-1,NetworkStats,Failed to parse network stats]
07-21 06:03:57.000   520   578 I am_wtf  : [0,520,system_server,-1,NetworkStats,Failed to parse network stats]
07-21 06:03:57.006   520   578 I am_wtf  : [0,520,system_server,-1,NetworkStats,Failed to parse network stats]
07-21 06:03:57.009   520   564 I am_crash: [6914,0,com.android.systemui:screenshot,818462221,java.lang.IllegalStateException,Replacing existing organizer currently unsupported,Parcel.java,2433]
07-21 06:03:57.012   520   578 I am_wtf  : [0,520,system_server,-1,NetworkStats,Failed to parse network stats]
07-21 06:03:57.048   520   564 I am_proc_died: [0,6914,com.android.systemui:screenshot,0,5]
07-21 06:03:57.049   520   564 I am_schedule_service_restart: [0,com.android.systemui/.screenshot.TakeScreenshotService,0]
07-21 06:03:57.067   520   579 I am_proc_start: [0,6936,10046,com.android.systemui:screenshot,service,{com.android.systemui/com.android.systemui.screenshot.TakeScreenshotService}]
07-21 06:03:57.099   520   564 I am_proc_bound: [0,6936,com.android.systemui:screenshot]
07-21 06:03:57.164   520   564 I am_crash: [6936,0,com.android.systemui:screenshot,818462221,java.lang.IllegalStateException,Remote stack trace:
07-21 06:03:57.164   520   564 I am_crash: 	at com.android.server.wm.DisplayAreaOrganizerController.registerOrganizer(DisplayAreaOrganizerController.java:131)
07-21 06:03:57.164   520   564 I am_crash: 	at android.window.IDisplayAreaOrganizerController$Stub.onTransact(IDisplayAreaOrganizerController.java:142)
07-21 06:03:57.164   520   564 I am_crash: 	at android.os.Binder.execTransactInternal(Binder.java:1179)
07-21 06:03:57.164   520   564 I am_crash: 	at android.os.Binder.execTransact(Binder.java:1143)
07-21 06:03:57.164   520   564 I am_crash: ,Parcel.java,2433]
07-21 06:03:57.195   520   564 I am_proc_died: [0,6936,com.android.systemui:screenshot,0,5]
07-21 06:03:57.196   520   564 I am_schedule_service_restart: [0,com.android.systemui/.screenshot.TakeScreenshotService,0]
07-21 06:03:57.220   520   579 I am_proc_start: [0,6953,10046,com.android.systemui:screenshot,service,{com.android.systemui/com.android.systemui.screenshot.TakeScreenshotService}]
07-21 06:03:57.247   520   564 I am_proc_bound: [0,6953,com.android.systemui:screenshot]
07-21 06:03:57.305   520   564 I am_crash: [6953,0,com.android.systemui:screenshot,818462221,java.lang.IllegalStateException,Replacing existing organizer currently unsupported,Parcel.java,2433]
07-21 06:03:57.337   520   564 I am_proc_died: [0,6953,com.android.systemui:screenshot,0,5]
07-21 06:03:57.338   520   564 I am_schedule_service_restart: [0,com.android.systemui/.screenshot.TakeScreenshotService,0]
07-21 06:03:57.354   520   579 I am_proc_start: [0,6973,10046,com.android.systemui:screenshot,service,{com.android.systemui/com.android.systemui.screenshot.TakeScreenshotService}]
07-21 06:03:57.383   520   564 I am_proc_bound: [0,6973,com.android.systemui:screenshot]
07-21 06:03:57.393   520   564 I wm_task_created: [165,-1]
07-21 06:03:57.397   520   564 I wm_task_moved: [165,1,16]
07-21 06:03:57.397   520   564 I wm_task_to_front: [0,165]
07-21 06:03:57.397   520   564 I wm_create_task: [0,165]
07-21 06:03:57.397   520   564 I wm_create_activity: [0,126704462,165,com.android.car.developeroptions/com.android.settings.development.DevelopmentSettingsDisabledActivity,android.settings.APPLICATION_DEVELOPMENT_SETTINGS,NULL,NULL,276856832]
07-21 06:03:57.398   520   564 I wm_task_moved: [165,1,16]
07-21 06:03:57.398  1553  1553 I wm_on_top_resumed_lost_called: [231517029,com.semidrive.multidisplay.DialogActivity,topStateChangedWhenResumed]
07-21 06:03:57.399   520   564 I wm_pause_activity: [0,231517029,com.semidrive.multidisplay/.DialogActivity,userLeaving=true,pauseBackTasks]
07-21 06:03:57.406  1553  1553 I wm_on_paused_called: [231517029,com.semidrive.multidisplay.DialogActivity,performPause]
07-21 06:03:57.408   520   997 I sysui_multi_action: [757,128,758,4,793,1165529,794,57734,795,1165529,796,26,798,-1,806,android,857,DEVELOPER_IMPORTANT,858,4,947,0,1395,-1,1500,1165327,1688,1]
07-21 06:03:57.409   520   997 I notification_clicked: [-1|android|26|null|1000,1165529,1165529,57734,-1,-1]
07-21 06:03:57.410   520   520 I sysui_multi_action: [757,804,799,note_click_longevity,801,19,802,1]
07-21 06:03:57.416   520  4372 I wm_restart_activity: [0,126704462,165,com.android.car.developeroptions/com.android.settings.development.DevelopmentSettingsDisabledActivity]
07-21 06:03:57.418   520  4372 I wm_set_resumed_activity: [0,com.android.car.developeroptions/com.android.settings.development.DevelopmentSettingsDisabledActivity,minimalResumeActivityLocked]
07-21 06:03:57.428   520   571 I sysui_multi_action: [757,803,799,window_time_0,802,0]
07-21 06:03:57.440   520   564 I wm_finish_activity: [0,126704462,165,com.android.car.developeroptions/com.android.settings.development.DevelopmentSettingsDisabledActivity,app-request]
07-21 06:03:57.440   520   564 I wm_task_moved: [142,1,16]
07-21 06:03:57.441   520   564 I wm_task_to_front: [0,142]
07-21 06:03:57.441   520   564 I wm_focused_root_task: [0,0,142,165,finish-top adjustFocusToNextFocusableTask]
07-21 06:03:57.442   520   564 I wm_pause_activity: [0,126704462,com.android.car.developeroptions/com.android.settings.development.DevelopmentSettingsDisabledActivity,userLeaving=false,finish]
07-21 06:03:57.445   520  4372 I am_crash: [6973,0,com.android.systemui:screenshot,818462221,java.lang.IllegalStateException,Replacing existing organizer currently unsupported,Parcel.java,2433]
07-21 06:03:57.445  2576  2576 I wm_on_create_called: [126704462,com.android.settings.development.DevelopmentSettingsDisabledActivity,performCreate]
07-21 06:03:57.447   520   571 I sysui_multi_action: [757,1144,758,8,806,com.android.car.developeroptions,871,com.android.settings.development.DevelopmentSettingsDisabledActivity]
07-21 06:03:57.452   520  1334 I wm_set_resumed_activity: [0,com.semidrive.multidisplay/.DialogActivity,resumeTopActivityInnerLocked]
07-21 06:03:57.454   520  1334 I wm_resume_activity: [0,231517029,142,com.semidrive.multidisplay/.DialogActivity]
07-21 06:03:57.455  1553  1553 I wm_on_resume_called: [231517029,com.semidrive.multidisplay.DialogActivity,RESUME_ACTIVITY]
07-21 06:03:57.455  1553  1553 I wm_on_top_resumed_gained_called: [231517029,com.semidrive.multidisplay.DialogActivity,topWhenResuming]
07-21 06:03:57.467   520  1334 I wm_destroy_activity: [0,126704462,165,com.android.car.developeroptions/com.android.settings.development.DevelopmentSettingsDisabledActivity,finish-idle]
07-21 06:03:57.468   520   571 I sysui_multi_action: [757,803,799,window_time_0,802,0]
07-21 06:03:57.468  2576  2576 I wm_on_destroy_called: [126704462,com.android.settings.development.DevelopmentSettingsDisabledActivity,performDestroy]
07-21 06:03:57.473   520  1334 I wm_task_removed: [165,removeChild:removeChild last r=ActivityRecord{78d5b4e u0 com.android.car.developeroptions/com.android.settings.development.DevelopmentSettingsDisabledActivity t-1 f}} in t=Task{a307581 #165 type=standard A=1000:com.android.car.developeroptions U=0 visible=false mode=fullscreen translucent=true sz=0}]
07-21 06:03:57.473   520  1334 I wm_task_removed: [165,removeChild]
07-21 06:03:57.896   520   578 I am_wtf  : [0,520,system_server,-1,NetworkStats,Failed to parse network stats]
07-21 06:03:57.901   520   578 I am_wtf  : [0,520,system_server,-1,NetworkStats,Failed to parse network stats]
07-21 06:03:57.905   520   578 I am_wtf  : [0,520,system_server,-1,NetworkStats,Failed to parse network stats]
07-21 06:03:57.909   520   578 I am_wtf  : [0,520,system_server,-1,NetworkStats,Failed to parse network stats]
07-21 06:03:57.912   520   578 I am_wtf  : [0,520,system_server,-1,NetworkStats,Failed to parse network stats]
07-21 06:03:57.917   520   578 I am_wtf  : [0,520,system_server,-1,NetworkStats,Failed to parse network stats]
07-21 06:03:57.927   520   578 I am_wtf  : [0,520,system_server,-1,NetworkStats,Failed to parse network stats]
07-21 06:03:57.932   520   578 I am_wtf  : [0,520,system_server,-1,NetworkStats,Failed to parse network stats]
07-21 06:03:57.937   520   578 I am_wtf  : [0,520,system_server,-1,NetworkStats,Failed to parse network stats]
07-21 06:03:57.944   520   578 I am_wtf  : [0,520,system_server,-1,NetworkStats,Failed to parse network stats]
07-21 06:03:57.950   520   578 I am_wtf  : [0,520,system_server,-1,NetworkStats,Failed to parse network stats]
07-21 06:03:57.955   520   578 I am_wtf  : [0,520,system_server,-1,NetworkStats,Failed to parse network stats]
07-21 06:03:57.960   520   578 I am_wtf  : [0,520,system_server,-1,NetworkStats,Failed to parse network stats]
07-21 06:03:57.965   520   578 I am_wtf  : [0,520,system_server,-1,NetworkStats,Failed to parse network stats]
07-21 06:03:57.969   520   997 I am_proc_died: [0,6973,com.android.systemui:screenshot,0,5]
07-21 06:03:57.971   520   997 I am_schedule_service_restart: [0,com.android.systemui/.screenshot.TakeScreenshotService,0]
07-21 06:03:57.974   520   578 I am_wtf  : [0,520,system_server,-1,NetworkStats,Failed to parse network stats]
07-21 06:03:57.990   520   579 I am_proc_start: [0,6997,10046,com.android.systemui:screenshot,service,{com.android.systemui/com.android.systemui.screenshot.TakeScreenshotService}]
07-21 06:03:58.013   520  1334 I am_proc_bound: [0,6997,com.android.systemui:screenshot]
07-21 06:03:58.058   520  1334 I am_crash: [6997,0,com.android.systemui:screenshot,818462221,java.lang.IllegalStateException,Replacing existing organizer currently unsupported,Parcel.java,2433]
07-21 06:03:58.082   520  1334 I am_proc_died: [0,6997,com.android.systemui:screenshot,0,5]
07-21 06:03:58.083   520  1334 I am_schedule_service_restart: [0,com.android.systemui/.screenshot.TakeScreenshotService,0]
07-21 06:03:58.102   520   579 I am_proc_start: [0,7016,10046,com.android.systemui:screenshot,service,{com.android.systemui/com.android.systemui.screenshot.TakeScreenshotService}]
07-21 06:03:58.124   520  1334 I am_proc_bound: [0,7016,com.android.systemui:screenshot]
07-21 06:03:58.170   520  1334 I am_crash: [7016,0,com.android.systemui:screenshot,818462221,java.lang.IllegalStateException,Remote stack trace:
07-21 06:03:58.170   520  1334 I am_crash: 	at com.android.server.wm.DisplayAreaOrganizerController.registerOrganizer(DisplayAreaOrganizerController.java:131)
07-21 06:03:58.170   520  1334 I am_crash: 	at android.window.IDisplayAreaOrganizerController$Stub.onTransact(IDisplayAreaOrganizerController.java:142)
07-21 06:03:58.170   520  1334 I am_crash: 	at android.os.Binder.execTransactInternal(Binder.java:1179)
07-21 06:03:58.170   520  1334 I am_crash: 	at android.os.Binder.execTransact(Binder.java:1143)
07-21 06:03:58.170   520  1334 I am_crash: ,Parcel.java,2433]
07-21 06:03:58.195   520  4372 I am_proc_died: [0,7016,com.android.systemui:screenshot,0,5]
07-21 06:03:58.196   520  4372 I am_schedule_service_restart: [0,com.android.systemui/.screenshot.TakeScreenshotService,0]
07-21 06:03:58.215   520   579 I am_proc_start: [0,7033,10046,com.android.systemui:screenshot,service,{com.android.systemui/com.android.systemui.screenshot.TakeScreenshotService}]
07-21 06:03:58.240   520  4372 I am_proc_bound: [0,7033,com.android.systemui:screenshot]
07-21 06:03:58.286   520  4372 I am_crash: [7033,0,com.android.systemui:screenshot,818462221,java.lang.IllegalStateException,Replacing existing organizer currently unsupported,Parcel.java,2433]
07-21 06:03:58.308   520  4372 I am_proc_died: [0,7033,com.android.systemui:screenshot,0,5]
07-21 06:03:58.309   520  4372 I am_schedule_service_restart: [0,com.android.systemui/.screenshot.TakeScreenshotService,0]
07-21 06:03:58.328   520   579 I am_proc_start: [0,7050,10046,com.android.systemui:screenshot,service,{com.android.systemui/com.android.systemui.screenshot.TakeScreenshotService}]
07-21 06:03:58.349   520  4372 I am_proc_bound: [0,7050,com.android.systemui:screenshot]
07-21 06:03:58.398   520   997 I am_crash: [7050,0,com.android.systemui:screenshot,818462221,java.lang.IllegalStateException,Replacing existing organizer currently unsupported,Parcel.java,2433]
07-21 06:03:58.420   520   997 I am_proc_died: [0,7050,com.android.systemui:screenshot,0,5]
07-21 06:03:58.421   520   997 I am_schedule_service_restart: [0,com.android.systemui/.screenshot.TakeScreenshotService,0]
07-21 06:03:58.438   520   579 I am_proc_start: [0,7072,10046,com.android.systemui:screenshot,service,{com.android.systemui/com.android.systemui.screenshot.TakeScreenshotService}]
07-21 06:03:58.461   520   997 I am_proc_bound: [0,7072,com.android.systemui:screenshot]
07-21 06:03:58.503   520   997 I am_crash: [7072,0,com.android.systemui:screenshot,818462221,java.lang.IllegalStateException,Replacing existing organizer currently unsupported,Parcel.java,2433]
07-21 06:03:58.525   520   997 I am_proc_died: [0,7072,com.android.systemui:screenshot,0,5]
07-21 06:03:58.525   520   997 I am_schedule_service_restart: [0,com.android.systemui/.screenshot.TakeScreenshotService,0]
07-21 06:03:58.544   520   579 I am_proc_start: [0,7089,10046,com.android.systemui:screenshot,service,{com.android.systemui/com.android.systemui.screenshot.TakeScreenshotService}]
07-21 06:03:58.564   520   997 I am_proc_bound: [0,7089,com.android.systemui:screenshot]
07-21 06:03:58.615   520  4372 I am_crash: [7089,0,com.android.systemui:screenshot,818462221,java.lang.IllegalStateException,Replacing existing organizer currently unsupported,Parcel.java,2433]
07-21 06:03:58.636   520  4372 I am_proc_died: [0,7089,com.android.systemui:screenshot,0,5]
07-21 06:03:58.637   520  4372 I am_schedule_service_restart: [0,com.android.systemui/.screenshot.TakeScreenshotService,0]
07-21 06:03:58.655   520   579 I am_proc_start: [0,7106,10046,com.android.systemui:screenshot,service,{com.android.systemui/com.android.systemui.screenshot.TakeScreenshotService}]
07-21 06:03:58.675   520  4372 I am_proc_bound: [0,7106,com.android.systemui:screenshot]
07-21 06:03:58.720   520  4372 I am_crash: [7106,0,com.android.systemui:screenshot,818462221,java.lang.IllegalStateException,Replacing existing organizer currently unsupported,Parcel.java,2433]
07-21 06:03:58.739   520  4372 I am_proc_died: [0,7106,com.android.systemui:screenshot,0,5]
07-21 06:03:58.739   520  4372 I am_schedule_service_restart: [0,com.android.systemui/.screenshot.TakeScreenshotService,0]
07-21 06:03:58.752   520   579 I am_proc_start: [0,7122,10046,com.android.systemui:screenshot,service,{com.android.systemui/com.android.systemui.screenshot.TakeScreenshotService}]
07-21 06:03:58.768   520  4372 I am_proc_bound: [0,7122,com.android.systemui:screenshot]
07-21 06:03:58.811   520  4372 I am_crash: [7122,0,com.android.systemui:screenshot,818462221,java.lang.IllegalStateException,Replacing existing organizer currently unsupported,Parcel.java,2433]
07-21 06:03:58.812   520  4372 I service_manager_stats: [183,107,5035]
07-21 06:03:58.836   520  4372 I am_proc_died: [0,7122,com.android.systemui:screenshot,0,5]
07-21 06:03:58.837   520  4372 I am_schedule_service_restart: [0,com.android.systemui/.screenshot.TakeScreenshotService,0]
07-21 06:03:58.856   520   579 I am_proc_start: [0,7139,10046,com.android.systemui:screenshot,service,{com.android.systemui/com.android.systemui.screenshot.TakeScreenshotService}]
07-21 06:03:58.876   520  4372 I am_proc_bound: [0,7139,com.android.systemui:screenshot]
07-21 06:03:58.912   520   578 I am_wtf  : [0,520,system_server,-1,NetworkStats,Failed to parse network stats]
07-21 06:03:58.918   520   578 I am_wtf  : [0,520,system_server,-1,NetworkStats,Failed to parse network stats]
07-21 06:03:58.924   520  4372 I am_crash: [7139,0,com.android.systemui:screenshot,818462221,java.lang.IllegalStateException,Replacing existing organizer currently unsupported,Parcel.java,2433]
07-21 06:03:58.925   520   578 I am_wtf  : [0,520,system_server,-1,NetworkStats,Failed to parse network stats]
07-21 06:03:58.930   520   578 I am_wtf  : [0,520,system_server,-1,NetworkStats,Failed to parse network stats]
07-21 06:03:58.937   520   578 I am_wtf  : [0,520,system_server,-1,NetworkStats,Failed to parse network stats]
07-21 06:03:58.942   520   578 I am_wtf  : [0,520,system_server,-1,NetworkStats,Failed to parse network stats]
07-21 06:03:58.946   520   578 I am_wtf  : [0,520,system_server,-1,NetworkStats,Failed to parse network stats]
07-21 06:03:58.950   520   578 I am_wtf  : [0,520,system_server,-1,NetworkStats,Failed to parse network stats]
07-21 06:03:58.951   520   564 I am_proc_died: [0,7139,com.android.systemui:screenshot,0,5]
07-21 06:03:58.951   520   564 I am_schedule_service_restart: [0,com.android.systemui/.screenshot.TakeScreenshotService,0]
07-21 06:03:58.956   520   578 I am_wtf  : [0,520,system_server,-1,NetworkStats,Failed to parse network stats]
07-21 06:03:58.968   520   578 I am_wtf  : [0,520,system_server,-1,NetworkStats,Failed to parse network stats]
07-21 06:03:58.974   520   579 I am_proc_start: [0,7158,10046,com.android.systemui:screenshot,service,{com.android.systemui/com.android.systemui.screenshot.TakeScreenshotService}]
07-21 06:03:58.979   520   578 I am_wtf  : [0,520,system_server,-1,NetworkStats,Failed to parse network stats]
07-21 06:03:58.987   520   578 I am_wtf  : [0,520,system_server,-1,NetworkStats,Failed to parse network stats]
07-21 06:03:58.998   520   578 I am_wtf  : [0,520,system_server,-1,NetworkStats,Failed to parse network stats]
07-21 06:03:59.002   520   578 I am_wtf  : [0,520,system_server,-1,NetworkStats,Failed to parse network stats]
07-21 06:03:59.008   520   578 I am_wtf  : [0,520,system_server,-1,NetworkStats,Failed to parse network stats]
07-21 06:03:59.021   520   997 I am_proc_bound: [0,7158,com.android.systemui:screenshot]
07-21 06:03:59.083   520   997 I am_crash: [7158,0,com.android.systemui:screenshot,818462221,java.lang.IllegalStateException,Replacing existing organizer currently unsupported,Parcel.java,2433]
07-21 06:03:59.108   520   997 I am_proc_died: [0,7158,com.android.systemui:screenshot,0,5]
07-21 06:03:59.109   520   997 I am_schedule_service_restart: [0,com.android.systemui/.screenshot.TakeScreenshotService,0]
07-21 06:03:59.130   520   579 I am_proc_start: [0,7178,10046,com.android.systemui:screenshot,service,{com.android.systemui/com.android.systemui.screenshot.TakeScreenshotService}]
07-21 06:03:59.160   520   997 I am_proc_bound: [0,7178,com.android.systemui:screenshot]
07-21 06:03:59.210   520   997 I am_crash: [7178,0,com.android.systemui:screenshot,818462221,java.lang.IllegalStateException,Remote stack trace:
07-21 06:03:59.210   520   997 I am_crash: 	at com.android.server.wm.DisplayAreaOrganizerController.registerOrganizer(DisplayAreaOrganizerController.java:131)
07-21 06:03:59.210   520   997 I am_crash: 	at android.window.IDisplayAreaOrganizerController$Stub.onTransact(IDisplayAreaOrganizerController.java:142)
07-21 06:03:59.210   520   997 I am_crash: 	at android.os.Binder.execTransactInternal(Binder.java:1179)
07-21 06:03:59.210   520   997 I am_crash: 	at android.os.Binder.execTransact(Binder.java:1143)
07-21 06:03:59.210   520   997 I am_crash: ,Parcel.java,2433]
07-21 06:03:59.249   520  4898 I am_proc_died: [0,7178,com.android.systemui:screenshot,0,5]
07-21 06:03:59.251   520  4898 I am_schedule_service_restart: [0,com.android.systemui/.screenshot.TakeScreenshotService,0]
07-21 06:03:59.277   520   579 I am_proc_start: [0,7196,10046,com.android.systemui:screenshot,service,{com.android.systemui/com.android.systemui.screenshot.TakeScreenshotService}]
07-21 06:03:59.305   520  4372 I am_proc_bound: [0,7196,com.android.systemui:screenshot]
07-21 06:03:59.362   520  4372 I am_crash: [7196,0,com.android.systemui:screenshot,818462221,java.lang.IllegalStateException,Replacing existing organizer currently unsupported,Parcel.java,2433]
07-21 06:03:59.392   520  4372 I am_proc_died: [0,7196,com.android.systemui:screenshot,0,5]
07-21 06:03:59.393   520  4372 I am_schedule_service_restart: [0,com.android.systemui/.screenshot.TakeScreenshotService,0]
07-21 06:03:59.417   520   579 I am_proc_start: [0,7214,10046,com.android.systemui:screenshot,service,{com.android.systemui/com.android.systemui.screenshot.TakeScreenshotService}]
07-21 06:03:59.443   520  4372 I am_proc_bound: [0,7214,com.android.systemui:screenshot]
07-21 06:03:59.502   520  4372 I am_crash: [7214,0,com.android.systemui:screenshot,818462221,java.lang.IllegalStateException,Replacing existing organizer currently unsupported,Parcel.java,2433]
07-21 06:03:59.538   520  4372 I am_proc_died: [0,7214,com.android.systemui:screenshot,0,5]
07-21 06:03:59.538   520  4372 I am_schedule_service_restart: [0,com.android.systemui/.screenshot.TakeScreenshotService,0]
07-21 06:03:59.560   520   579 I am_proc_start: [0,7236,10046,com.android.systemui:screenshot,service,{com.android.systemui/com.android.systemui.screenshot.TakeScreenshotService}]
07-21 06:03:59.589   520  4372 I am_proc_bound: [0,7236,com.android.systemui:screenshot]
07-21 06:03:59.651   520  4372 I am_crash: [7236,0,com.android.systemui:screenshot,818462221,java.lang.IllegalStateException,Replacing existing organizer currently unsupported,Parcel.java,2433]
07-21 06:03:59.678   520  4898 I am_proc_died: [0,7236,com.android.systemui:screenshot,0,5]
07-21 06:03:59.679   520  4898 I am_schedule_service_restart: [0,com.android.systemui/.screenshot.TakeScreenshotService,0]
07-21 06:03:59.698   520   579 I am_proc_start: [0,7252,10046,com.android.systemui:screenshot,service,{com.android.systemui/com.android.systemui.screenshot.TakeScreenshotService}]
07-21 06:03:59.718   520  4898 I am_proc_bound: [0,7252,com.android.systemui:screenshot]
07-21 06:03:59.760   520  4898 I am_crash: [7252,0,com.android.systemui:screenshot,818462221,java.lang.IllegalStateException,Replacing existing organizer currently unsupported,Parcel.java,2433]
07-21 06:03:59.778   520  4898 I am_proc_died: [0,7252,com.android.systemui:screenshot,0,5]
07-21 06:03:59.778   520  4898 I am_schedule_service_restart: [0,com.android.systemui/.screenshot.TakeScreenshotService,0]
07-21 06:03:59.790   520   579 I am_proc_start: [0,7269,10046,com.android.systemui:screenshot,service,{com.android.systemui/com.android.systemui.screenshot.TakeScreenshotService}]
07-21 06:03:59.810   520  4898 I am_proc_bound: [0,7269,com.android.systemui:screenshot]
07-21 06:03:59.853   520  4898 I am_crash: [7269,0,com.android.systemui:screenshot,818462221,java.lang.IllegalStateException,Replacing existing organizer currently unsupported,Parcel.java,2433]
07-21 06:03:59.874   520  4898 I am_proc_died: [0,7269,com.android.systemui:screenshot,0,5]
07-21 06:03:59.875   520  4898 I am_schedule_service_restart: [0,com.android.systemui/.screenshot.TakeScreenshotService,0]
07-21 06:03:59.896   520   579 I am_proc_start: [0,7286,10046,com.android.systemui:screenshot,service,{com.android.systemui/com.android.systemui.screenshot.TakeScreenshotService}]
07-21 06:03:59.932   520   997 I am_proc_bound: [0,7286,com.android.systemui:screenshot]
07-21 06:03:59.949   520   578 I am_wtf  : [0,520,system_server,-1,NetworkStats,Failed to parse network stats]
07-21 06:03:59.954   520   578 I am_wtf  : [0,520,system_server,-1,NetworkStats,Failed to parse network stats]
07-21 06:03:59.963   520   578 I am_wtf  : [0,520,system_server,-1,NetworkStats,Failed to parse network stats]
07-21 06:03:59.967   520   578 I am_wtf  : [0,520,system_server,-1,NetworkStats,Failed to parse network stats]
07-21 06:03:59.971   520   578 I am_wtf  : [0,520,system_server,-1,NetworkStats,Failed to parse network stats]
07-21 06:03:59.978   520   578 I am_wtf  : [0,520,system_server,-1,NetworkStats,Failed to parse network stats]
07-21 06:03:59.984   520   578 I am_wtf  : [0,520,system_server,-1,NetworkStats,Failed to parse network stats]
07-21 06:03:59.989   520   578 I am_wtf  : [0,520,system_server,-1,NetworkStats,Failed to parse network stats]
07-21 06:03:59.994   520   578 I am_wtf  : [0,520,system_server,-1,NetworkStats,Failed to parse network stats]
07-21 06:03:59.999   520   578 I am_wtf  : [0,520,system_server,-1,NetworkStats,Failed to parse network stats]
07-21 06:04:00.002   520  4372 I am_crash: [7286,0,com.android.systemui:screenshot,818462221,java.lang.IllegalStateException,Replacing existing organizer currently unsupported,Parcel.java,2433]
07-21 06:04:00.007   520   578 I am_wtf  : [0,520,system_server,-1,NetworkStats,Failed to parse network stats]
07-21 06:04:00.014   520   578 I am_wtf  : [0,520,system_server,-1,NetworkStats,Failed to parse network stats]
07-21 06:04:00.026   520   578 I am_wtf  : [0,520,system_server,-1,NetworkStats,Failed to parse network stats]
07-21 06:04:00.030   520   578 I am_wtf  : [0,520,system_server,-1,NetworkStats,Failed to parse network stats]
07-21 06:04:00.032   520   997 I am_proc_died: [0,7286,com.android.systemui:screenshot,0,5]
07-21 06:04:00.033   520   997 I am_schedule_service_restart: [0,com.android.systemui/.screenshot.TakeScreenshotService,0]
07-21 06:04:00.044   520   578 I am_wtf  : [0,520,system_server,-1,NetworkStats,Failed to parse network stats]
07-21 06:04:00.057   520   579 I am_proc_start: [0,7305,10046,com.android.systemui:screenshot,service,{com.android.systemui/com.android.systemui.screenshot.TakeScreenshotService}]
07-21 06:04:00.086   520  4372 I am_proc_bound: [0,7305,com.android.systemui:screenshot]
07-21 06:04:00.144   520  4898 I am_crash: [7305,0,com.android.systemui:screenshot,818462221,java.lang.IllegalStateException,Replacing existing organizer currently unsupported,Parcel.java,2433]
07-21 06:04:00.168   520  4898 I am_proc_died: [0,7305,com.android.systemui:screenshot,0,5]
07-21 06:04:00.169   520  4898 I am_schedule_service_restart: [0,com.android.systemui/.screenshot.TakeScreenshotService,0]
07-21 06:04:00.185   520   579 I am_proc_start: [0,7326,10046,com.android.systemui:screenshot,service,{com.android.systemui/com.android.systemui.screenshot.TakeScreenshotService}]
07-21 06:04:00.208   520  4898 I am_proc_bound: [0,7326,com.android.systemui:screenshot]
07-21 06:04:00.253   520  4898 I am_crash: [7326,0,com.android.systemui:screenshot,818462221,java.lang.IllegalStateException,Remote stack trace:
07-21 06:04:00.253   520  4898 I am_crash: 	at com.android.server.wm.DisplayAreaOrganizerController.registerOrganizer(DisplayAreaOrganizerController.java:131)
07-21 06:04:00.253   520  4898 I am_crash: 	at android.window.IDisplayAreaOrganizerController$Stub.onTransact(IDisplayAreaOrganizerController.java:142)
07-21 06:04:00.253   520  4898 I am_crash: 	at android.os.Binder.execTransactInternal(Binder.java:1179)
07-21 06:04:00.253   520  4898 I am_crash: 	at android.os.Binder.execTransact(Binder.java:1143)
07-21 06:04:00.253   520  4898 I am_crash: ,Parcel.java,2433]
07-21 06:04:00.276   520  4898 I am_proc_died: [0,7326,com.android.systemui:screenshot,0,5]
07-21 06:04:00.277   520  4898 I am_schedule_service_restart: [0,com.android.systemui/.screenshot.TakeScreenshotService,0]
07-21 06:04:00.293   520   579 I am_proc_start: [0,7343,10046,com.android.systemui:screenshot,service,{com.android.systemui/com.android.systemui.screenshot.TakeScreenshotService}]
07-21 06:04:00.314   520  4898 I am_proc_bound: [0,7343,com.android.systemui:screenshot]
07-21 06:04:00.357   520  4898 I am_crash: [7343,0,com.android.systemui:screenshot,818462221,java.lang.IllegalStateException,Replacing existing organizer currently unsupported,Parcel.java,2433]
07-21 06:04:00.379   520  4898 I am_proc_died: [0,7343,com.android.systemui:screenshot,0,5]
07-21 06:04:00.380   520  4898 I am_schedule_service_restart: [0,com.android.systemui/.screenshot.TakeScreenshotService,0]
07-21 06:04:00.397   520   579 I am_proc_start: [0,7362,10046,com.android.systemui:screenshot,service,{com.android.systemui/com.android.systemui.screenshot.TakeScreenshotService}]
07-21 06:04:00.419   520  4898 I am_proc_bound: [0,7362,com.android.systemui:screenshot]
07-21 06:04:00.463   520  4898 I am_crash: [7362,0,com.android.systemui:screenshot,818462221,java.lang.IllegalStateException,Replacing existing organizer currently unsupported,Parcel.java,2433]
07-21 06:04:00.486   520  4898 I am_proc_died: [0,7362,com.android.systemui:screenshot,0,5]
07-21 06:04:00.486   520  4898 I am_schedule_service_restart: [0,com.android.systemui/.screenshot.TakeScreenshotService,0]
07-21 06:04:00.504   520   579 I am_proc_start: [0,7383,10046,com.android.systemui:screenshot,service,{com.android.systemui/com.android.systemui.screenshot.TakeScreenshotService}]
07-21 06:04:00.527   520  4898 I wm_task_created: [166,-1]
07-21 06:04:00.530   520   997 I am_proc_bound: [0,7383,com.android.systemui:screenshot]
07-21 06:04:00.530   520  4898 I wm_task_moved: [166,1,16]
07-21 06:04:00.530   520  4898 I wm_task_to_front: [0,166]
07-21 06:04:00.531   520  4898 I wm_create_task: [0,166]
07-21 06:04:00.531   520  4898 I wm_create_activity: [0,247977899,166,com.android.car.developeroptions/com.android.settings.development.DevelopmentSettingsDisabledActivity,android.settings.APPLICATION_DEVELOPMENT_SETTINGS,NULL,NULL,276856832]
07-21 06:04:00.531   520  4898 I wm_task_moved: [166,1,16]
07-21 06:04:00.531  1553  1553 I wm_on_top_resumed_lost_called: [231517029,com.semidrive.multidisplay.DialogActivity,topStateChangedWhenResumed]
07-21 06:04:00.532   520  4898 I wm_pause_activity: [0,231517029,com.semidrive.multidisplay/.DialogActivity,userLeaving=true,pauseBackTasks]
07-21 06:04:00.537  1553  1553 I wm_on_paused_called: [231517029,com.semidrive.multidisplay.DialogActivity,performPause]
07-21 06:04:00.537   520  4372 I sysui_multi_action: [757,128,758,4,793,1168658,794,60863,795,1168658,796,26,798,-1,806,android,857,DEVELOPER_IMPORTANT,858,4,947,0,1395,-1,1500,1168456,1688,1]
07-21 06:04:00.537   520  4372 I notification_clicked: [-1|android|26|null|1000,1168658,1168658,60863,-1,-1]
07-21 06:04:00.538   520   520 I sysui_multi_action: [757,804,799,note_click_longevity,801,19,802,1]
07-21 06:04:00.540   520  4898 I wm_restart_activity: [0,247977899,166,com.android.car.developeroptions/com.android.settings.development.DevelopmentSettingsDisabledActivity]
07-21 06:04:00.542   520  4898 I wm_set_resumed_activity: [0,com.android.car.developeroptions/com.android.settings.development.DevelopmentSettingsDisabledActivity,minimalResumeActivityLocked]
07-21 06:04:00.559   520  1334 I wm_finish_activity: [0,247977899,166,com.android.car.developeroptions/com.android.settings.development.DevelopmentSettingsDisabledActivity,app-request]
07-21 06:04:00.560   520  1334 I wm_task_moved: [142,1,16]
07-21 06:04:00.561   520  1334 I wm_task_to_front: [0,142]
07-21 06:04:00.563   520  1334 I wm_focused_root_task: [0,0,142,166,finish-top adjustFocusToNextFocusableTask]
07-21 06:04:00.564   520  1334 I wm_pause_activity: [0,247977899,com.android.car.developeroptions/com.android.settings.development.DevelopmentSettingsDisabledActivity,userLeaving=false,finish]
07-21 06:04:00.568   520   571 I sysui_multi_action: [757,803,799,window_time_0,802,4]
07-21 06:04:00.568  2576  2576 I wm_on_create_called: [247977899,com.android.settings.development.DevelopmentSettingsDisabledActivity,performCreate]
07-21 06:04:00.580   520   997 I wm_set_resumed_activity: [0,com.semidrive.multidisplay/.DialogActivity,resumeTopActivityInnerLocked]
07-21 06:04:00.582   520   997 I wm_resume_activity: [0,231517029,142,com.semidrive.multidisplay/.DialogActivity]
07-21 06:04:00.583  1553  1553 I wm_on_resume_called: [231517029,com.semidrive.multidisplay.DialogActivity,RESUME_ACTIVITY]
07-21 06:04:00.583  1553  1553 I wm_on_top_resumed_gained_called: [231517029,com.semidrive.multidisplay.DialogActivity,topWhenResuming]
07-21 06:04:00.594   520   572 I dvm_lock_sample: [system_server,1,android.anim,16,InputMonitor.java,143,void com.android.server.wm.InputMonitor$UpdateInputWindows.run(),ActivityClientController.java,168,void com.android.server.wm.ActivityClientController.activityPaused(android.os.IBinder),3]
07-21 06:04:00.597   520   997 I wm_destroy_activity: [0,247977899,166,com.android.car.developeroptions/com.android.settings.development.DevelopmentSettingsDisabledActivity,finish-idle]
07-21 06:04:00.597   520   571 I sysui_multi_action: [757,1144,758,8,806,com.android.car.developeroptions,871,com.android.settings.development.DevelopmentSettingsDisabledActivity]
07-21 06:04:00.598  2576  2576 I wm_on_destroy_called: [247977899,com.android.settings.development.DevelopmentSettingsDisabledActivity,performDestroy]
