07-21 06:03:02.000   520   578 I am_wtf  : [0,520,system_server,-1,NetworkStats,Failed to parse network stats]
07-21 06:03:02.004   520   578 I am_wtf  : [0,520,system_server,-1,NetworkStats,Failed to parse network stats]
07-21 06:03:02.008   520   578 I am_wtf  : [0,520,system_server,-1,NetworkStats,Failed to parse network stats]
07-21 06:03:02.011   520   578 I am_wtf  : [0,520,system_server,-1,NetworkStats,Failed to parse network stats]
07-21 06:03:02.015   520   578 I am_wtf  : [0,520,system_server,-1,NetworkStats,Failed to parse network stats]
07-21 06:03:02.020   520   578 I am_wtf  : [0,520,system_server,-1,NetworkStats,Failed to parse network stats]
07-21 06:03:02.132   520   645 I input_interaction: Interaction with: afa7b55 AtchDlg:com.android.car.media/com.android.car.media.MediaActivity (server), PointerEventDispatcher0 (server), 
07-21 06:03:02.973   520  4898 I service_manager_stats: [162,104,5117]
07-21 06:03:02.974   520   578 I am_wtf  : [0,520,system_server,-1,NetworkStats,Failed to parse network stats]
07-21 06:03:02.977   520   578 I am_wtf  : [0,520,system_server,-1,NetworkStats,Failed to parse network stats]
07-21 06:03:02.981   520   578 I am_wtf  : [0,520,system_server,-1,NetworkStats,Failed to parse network stats]
07-21 06:03:02.984   520   578 I am_wtf  : [0,520,system_server,-1,NetworkStats,Failed to parse network stats]
07-21 06:03:02.988   520   578 I am_wtf  : [0,520,system_server,-1,NetworkStats,Failed to parse network stats]
07-21 06:03:02.992   520   578 I am_wtf  : [0,520,system_server,-1,NetworkStats,Failed to parse network stats]
07-21 06:03:02.995   520   578 I am_wtf  : [0,520,system_server,-1,NetworkStats,Failed to parse network stats]
07-21 06:03:02.998   520   578 I am_wtf  : [0,520,system_server,-1,NetworkStats,Failed to parse network stats]
07-21 06:03:03.001   520   578 I am_wtf  : [0,520,system_server,-1,NetworkStats,Failed to parse network stats]
07-21 06:03:03.004   520   578 I am_wtf  : [0,520,system_server,-1,NetworkStats,Failed to parse network stats]
07-21 06:03:03.008   520   578 I am_wtf  : [0,520,system_server,-1,NetworkStats,Failed to parse network stats]
07-21 06:03:03.011   520   578 I am_wtf  : [0,520,system_server,-1,NetworkStats,Failed to parse network stats]
07-21 06:03:03.014   520   578 I am_wtf  : [0,520,system_server,-1,NetworkStats,Failed to parse network stats]
07-21 06:03:03.017   520   578 I am_wtf  : [0,520,system_server,-1,NetworkStats,Failed to parse network stats]
07-21 06:03:03.020   520   578 I am_wtf  : [0,520,system_server,-1,NetworkStats,Failed to parse network stats]
07-21 06:03:03.363   520   645 I input_interaction: Interaction with: dc92583 com.android.car.media/com.android.car.media.MediaActivity (server), PointerEventDispatcher0 (server), 
07-21 06:03:03.567   520   645 I input_interaction: Interaction with: afa7b55 AtchDlg:com.android.car.media/com.android.car.media.MediaActivity (server), PointerEventDispatcher0 (server), 
07-21 06:03:03.770   520   645 I input_interaction: Interaction with: dc92583 com.android.car.media/com.android.car.media.MediaActivity (server), PointerEventDispatcher0 (server), 
07-21 06:03:03.975   520   645 I input_interaction: Interaction with: b15b5c9 TopCarSystemBar (server), PointerEventDispatcher0 (server), 
07-21 06:03:03.978   520   578 I am_wtf  : [0,520,system_server,-1,NetworkStats,Failed to parse network stats]
07-21 06:03:03.982   520   578 I am_wtf  : [0,520,system_server,-1,NetworkStats,Failed to parse network stats]
07-21 06:03:03.985   520   578 I am_wtf  : [0,520,system_server,-1,NetworkStats,Failed to parse network stats]
07-21 06:03:03.989   520   578 I am_wtf  : [0,520,system_server,-1,NetworkStats,Failed to parse network stats]
07-21 06:03:03.994   520   578 I am_wtf  : [0,520,system_server,-1,NetworkStats,Failed to parse network stats]
07-21 06:03:04.000   520   578 I am_wtf  : [0,520,system_server,-1,NetworkStats,Failed to parse network stats]
07-21 06:03:04.004   520   578 I am_wtf  : [0,520,system_server,-1,NetworkStats,Failed to parse network stats]
07-21 06:03:04.011   520   578 I am_wtf  : [0,520,system_server,-1,NetworkStats,Failed to parse network stats]
07-21 06:03:04.014   520   578 I am_wtf  : [0,520,system_server,-1,NetworkStats,Failed to parse network stats]
07-21 06:03:04.017   520   578 I am_wtf  : [0,520,system_server,-1,NetworkStats,Failed to parse network stats]
07-21 06:03:04.027   520   578 I am_wtf  : [0,520,system_server,-1,NetworkStats,Failed to parse network stats]
07-21 06:03:04.031   520   578 I am_wtf  : [0,520,system_server,-1,NetworkStats,Failed to parse network stats]
07-21 06:03:04.034   520   578 I am_wtf  : [0,520,system_server,-1,NetworkStats,Failed to parse network stats]
07-21 06:03:04.038   520   578 I am_wtf  : [0,520,system_server,-1,NetworkStats,Failed to parse network stats]
07-21 06:03:04.042   520   578 I am_wtf  : [0,520,system_server,-1,NetworkStats,Failed to parse network stats]
07-21 06:03:04.178   520   645 I input_interaction: Interaction with: afa7b55 AtchDlg:com.android.car.media/com.android.car.media.MediaActivity (server), PointerEventDispatcher0 (server), 
07-21 06:03:04.792   520   645 I input_interaction: Interaction with: dc92583 com.android.car.media/com.android.car.media.MediaActivity (server), PointerEventDispatcher0 (server), 
07-21 06:03:04.800   427   427 I auditd  : type=1400 audit(0.0:389): avc: denied { read } for comm="storaged" name="stat" dev="sysfs" ino=28336 scontext=u:r:storaged:s0 tcontext=u:object_r:sysfs:s0 tclass=file permissive=1
07-21 06:03:04.800   427   427 I auditd  : type=1400 audit(0.0:390): avc: denied { open } for comm="storaged" path="/sys/devices/platform/soc/34180000.sdhci/mmc_host/mmc0/mmc0:0001/block/mmcblk0/stat" dev="sysfs" ino=28336 scontext=u:r:storaged:s0 tcontext=u:object_r:sysfs:s0 tclass=file permissive=1
07-21 06:03:04.800   427   427 I auditd  : type=1400 audit(0.0:391): avc: denied { getattr } for comm="storaged" path="/sys/devices/platform/soc/34180000.sdhci/mmc_host/mmc0/mmc0:0001/block/mmcblk0/stat" dev="sysfs" ino=28336 scontext=u:r:storaged:s0 tcontext=u:object_r:sysfs:s0 tclass=file permissive=1
07-21 06:03:04.994   520   578 I am_wtf  : [0,520,system_server,-1,NetworkStats,Failed to parse network stats]
07-21 06:03:04.995   520   645 I input_interaction: Interaction with: afa7b55 AtchDlg:com.android.car.media/com.android.car.media.MediaActivity (server), PointerEventDispatcher0 (server), 
07-21 06:03:04.998   520   578 I am_wtf  : [0,520,system_server,-1,NetworkStats,Failed to parse network stats]
07-21 06:03:05.001   520   578 I am_wtf  : [0,520,system_server,-1,NetworkStats,Failed to parse network stats]
07-21 06:03:05.004   520   578 I am_wtf  : [0,520,system_server,-1,NetworkStats,Failed to parse network stats]
07-21 06:03:05.008   520   578 I am_wtf  : [0,520,system_server,-1,NetworkStats,Failed to parse network stats]
07-21 06:03:05.011   520   578 I am_wtf  : [0,520,system_server,-1,NetworkStats,Failed to parse network stats]
07-21 06:03:05.015   520   578 I am_wtf  : [0,520,system_server,-1,NetworkStats,Failed to parse network stats]
07-21 06:03:05.018   520   578 I am_wtf  : [0,520,system_server,-1,NetworkStats,Failed to parse network stats]
07-21 06:03:05.021   520   578 I am_wtf  : [0,520,system_server,-1,NetworkStats,Failed to parse network stats]
07-21 06:03:05.024   520   578 I am_wtf  : [0,520,system_server,-1,NetworkStats,Failed to parse network stats]
07-21 06:03:05.027   520   578 I am_wtf  : [0,520,system_server,-1,NetworkStats,Failed to parse network stats]
07-21 06:03:05.031   520   578 I am_wtf  : [0,520,system_server,-1,NetworkStats,Failed to parse network stats]
07-21 06:03:05.034   520   578 I am_wtf  : [0,520,system_server,-1,NetworkStats,Failed to parse network stats]
07-21 06:03:05.037   520   578 I am_wtf  : [0,520,system_server,-1,NetworkStats,Failed to parse network stats]
07-21 06:03:05.040   520   578 I am_wtf  : [0,520,system_server,-1,NetworkStats,Failed to parse network stats]
07-21 06:03:05.821   520   645 I input_interaction: Interaction with: dc92583 com.android.car.media/com.android.car.media.MediaActivity (server), PointerEventDispatcher0 (server), 
07-21 06:03:05.995   520   578 I am_wtf  : [0,520,system_server,-1,NetworkStats,Failed to parse network stats]
07-21 06:03:05.998   520   578 I am_wtf  : [0,520,system_server,-1,NetworkStats,Failed to parse network stats]
07-21 06:03:06.001   520   578 I am_wtf  : [0,520,system_server,-1,NetworkStats,Failed to parse network stats]
07-21 06:03:06.005   520   578 I am_wtf  : [0,520,system_server,-1,NetworkStats,Failed to parse network stats]
07-21 06:03:06.008   520   578 I am_wtf  : [0,520,system_server,-1,NetworkStats,Failed to parse network stats]
07-21 06:03:06.011   520   578 I am_wtf  : [0,520,system_server,-1,NetworkStats,Failed to parse network stats]
07-21 06:03:06.014   520   578 I am_wtf  : [0,520,system_server,-1,NetworkStats,Failed to parse network stats]
07-21 06:03:06.016   520   578 I am_wtf  : [0,520,system_server,-1,NetworkStats,Failed to parse network stats]
07-21 06:03:06.020   520   578 I am_wtf  : [0,520,system_server,-1,NetworkStats,Failed to parse network stats]
07-21 06:03:06.023   520   578 I am_wtf  : [0,520,system_server,-1,NetworkStats,Failed to parse network stats]
07-21 06:03:06.026   520   645 I input_interaction: Interaction with: afa7b55 AtchDlg:com.android.car.media/com.android.car.media.MediaActivity (server), PointerEventDispatcher0 (server), 
07-21 06:03:06.028   520   578 I am_wtf  : [0,520,system_server,-1,NetworkStats,Failed to parse network stats]
07-21 06:03:06.034   520   578 I am_wtf  : [0,520,system_server,-1,NetworkStats,Failed to parse network stats]
07-21 06:03:06.038   520   578 I am_wtf  : [0,520,system_server,-1,NetworkStats,Failed to parse network stats]
07-21 06:03:06.038   520   572 I input_focus: [Focus request dc92583 com.android.car.media/com.android.car.media.MediaActivity,reason=UpdateInputWindows]
07-21 06:03:06.043   520   578 I am_wtf  : [0,520,system_server,-1,NetworkStats,Failed to parse network stats]
07-21 06:03:06.048   520   578 I am_wtf  : [0,520,system_server,-1,NetworkStats,Failed to parse network stats]
07-21 06:03:06.064   520   645 I input_focus: [Focus entering dc92583 com.android.car.media/com.android.car.media.MediaActivity (server),reason=setFocusedWindow]
07-21 06:03:06.228   520   645 I input_interaction: Interaction with: dc92583 com.android.car.media/com.android.car.media.MediaActivity (server), PointerEventDispatcher0 (server), 
07-21 06:03:06.454  4637  4637 I menu_opened: 0
07-21 06:03:06.467   520   572 I input_focus: [Focus request 4ffb034 AtchDlg:com.android.car.media/com.android.car.media.MediaActivity,reason=UpdateInputWindows]
07-21 06:03:06.498   520   645 I input_focus: [Focus leaving dc92583 com.android.car.media/com.android.car.media.MediaActivity (server),reason=setFocusedWindow]
07-21 06:03:06.498   520   645 I input_focus: [Focus entering 4ffb034 AtchDlg:com.android.car.media/com.android.car.media.MediaActivity (server),reason=setFocusedWindow]
07-21 06:03:07.013   520   578 I am_wtf  : [0,520,system_server,-1,NetworkStats,Failed to parse network stats]
07-21 06:03:07.016   520   578 I am_wtf  : [0,520,system_server,-1,NetworkStats,Failed to parse network stats]
07-21 06:03:07.020   520   578 I am_wtf  : [0,520,system_server,-1,NetworkStats,Failed to parse network stats]
07-21 06:03:07.024   520   578 I am_wtf  : [0,520,system_server,-1,NetworkStats,Failed to parse network stats]
07-21 06:03:07.028   520   578 I am_wtf  : [0,520,system_server,-1,NetworkStats,Failed to parse network stats]
07-21 06:03:07.031   520   578 I am_wtf  : [0,520,system_server,-1,NetworkStats,Failed to parse network stats]
07-21 06:03:07.034   520   578 I am_wtf  : [0,520,system_server,-1,NetworkStats,Failed to parse network stats]
07-21 06:03:07.037   520   578 I am_wtf  : [0,520,system_server,-1,NetworkStats,Failed to parse network stats]
07-21 06:03:07.040   520   578 I am_wtf  : [0,520,system_server,-1,NetworkStats,Failed to parse network stats]
07-21 06:03:07.043   520   578 I am_wtf  : [0,520,system_server,-1,NetworkStats,Failed to parse network stats]
07-21 06:03:07.047   520   578 I am_wtf  : [0,520,system_server,-1,NetworkStats,Failed to parse network stats]
07-21 06:03:07.050   520   578 I am_wtf  : [0,520,system_server,-1,NetworkStats,Failed to parse network stats]
07-21 06:03:07.053   520   578 I am_wtf  : [0,520,system_server,-1,NetworkStats,Failed to parse network stats]
07-21 06:03:07.056   520   578 I am_wtf  : [0,520,system_server,-1,NetworkStats,Failed to parse network stats]
07-21 06:03:07.060   520   578 I am_wtf  : [0,520,system_server,-1,NetworkStats,Failed to parse network stats]
07-21 06:03:07.063   520   645 I input_interaction: Interaction with: 4ffb034 AtchDlg:com.android.car.media/com.android.car.media.MediaActivity (server), PointerEventDispatcher0 (server), 
07-21 06:03:08.013   520  4898 I service_manager_stats: [150,38,5040]
07-21 06:03:08.014   520   578 I am_wtf  : [0,520,system_server,-1,NetworkStats,Failed to parse network stats]
07-21 06:03:08.017   520   578 I am_wtf  : [0,520,system_server,-1,NetworkStats,Failed to parse network stats]
07-21 06:03:08.021   520   578 I am_wtf  : [0,520,system_server,-1,NetworkStats,Failed to parse network stats]
07-21 06:03:08.026   520   578 I am_wtf  : [0,520,system_server,-1,NetworkStats,Failed to parse network stats]
07-21 06:03:08.029   520   578 I am_wtf  : [0,520,system_server,-1,NetworkStats,Failed to parse network stats]
07-21 06:03:08.032   520   578 I am_wtf  : [0,520,system_server,-1,NetworkStats,Failed to parse network stats]
07-21 06:03:08.036   520   578 I am_wtf  : [0,520,system_server,-1,NetworkStats,Failed to parse network stats]
07-21 06:03:08.039   520   578 I am_wtf  : [0,520,system_server,-1,NetworkStats,Failed to parse network stats]
07-21 06:03:08.042   520   578 I am_wtf  : [0,520,system_server,-1,NetworkStats,Failed to parse network stats]
07-21 06:03:08.045   520   578 I am_wtf  : [0,520,system_server,-1,NetworkStats,Failed to parse network stats]
07-21 06:03:08.048   520   578 I am_wtf  : [0,520,system_server,-1,NetworkStats,Failed to parse network stats]
07-21 06:03:08.052   520   578 I am_wtf  : [0,520,system_server,-1,NetworkStats,Failed to parse network stats]
07-21 06:03:08.054   520   578 I am_wtf  : [0,520,system_server,-1,NetworkStats,Failed to parse network stats]
07-21 06:03:08.058   520   578 I am_wtf  : [0,520,system_server,-1,NetworkStats,Failed to parse network stats]
07-21 06:03:08.063   520   578 I am_wtf  : [0,520,system_server,-1,NetworkStats,Failed to parse network stats]
07-21 06:03:08.678   520   645 I input_interaction: Interaction with: dc92583 com.android.car.media/com.android.car.media.MediaActivity (server), PointerEventDispatcher0 (server), 
07-21 06:03:08.880   520   645 I input_interaction: Interaction with: 4ffb034 AtchDlg:com.android.car.media/com.android.car.media.MediaActivity (server), PointerEventDispatcher0 (server), 
07-21 06:03:09.033   520   578 I am_wtf  : [0,520,system_server,-1,NetworkStats,Failed to parse network stats]
07-21 06:03:09.037   520   578 I am_wtf  : [0,520,system_server,-1,NetworkStats,Failed to parse network stats]
07-21 06:03:09.040   520   578 I am_wtf  : [0,520,system_server,-1,NetworkStats,Failed to parse network stats]
07-21 06:03:09.043   520   578 I am_wtf  : [0,520,system_server,-1,NetworkStats,Failed to parse network stats]
07-21 06:03:09.046   520   578 I am_wtf  : [0,520,system_server,-1,NetworkStats,Failed to parse network stats]
07-21 06:03:09.049   520   578 I am_wtf  : [0,520,system_server,-1,NetworkStats,Failed to parse network stats]
07-21 06:03:09.053   520   578 I am_wtf  : [0,520,system_server,-1,NetworkStats,Failed to parse network stats]
07-21 06:03:09.056   520   578 I am_wtf  : [0,520,system_server,-1,NetworkStats,Failed to parse network stats]
07-21 06:03:09.059   520   578 I am_wtf  : [0,520,system_server,-1,NetworkStats,Failed to parse network stats]
07-21 06:03:09.062   520   578 I am_wtf  : [0,520,system_server,-1,NetworkStats,Failed to parse network stats]
07-21 06:03:09.066   520   578 I am_wtf  : [0,520,system_server,-1,NetworkStats,Failed to parse network stats]
07-21 06:03:09.070   520   578 I am_wtf  : [0,520,system_server,-1,NetworkStats,Failed to parse network stats]
07-21 06:03:09.074   520   578 I am_wtf  : [0,520,system_server,-1,NetworkStats,Failed to parse network stats]
07-21 06:03:09.077   520   578 I am_wtf  : [0,520,system_server,-1,NetworkStats,Failed to parse network stats]
07-21 06:03:09.080   520   578 I am_wtf  : [0,520,system_server,-1,NetworkStats,Failed to parse network stats]
07-21 06:03:09.084   520   645 I input_interaction: Interaction with: dc92583 com.android.car.media/com.android.car.media.MediaActivity (server), PointerEventDispatcher0 (server), 
07-21 06:03:09.493   520   645 I input_interaction: Interaction with: 4ffb034 AtchDlg:com.android.car.media/com.android.car.media.MediaActivity (server), PointerEventDispatcher0 (server), 
07-21 06:03:09.695   520   645 I input_interaction: Interaction with: dc92583 com.android.car.media/com.android.car.media.MediaActivity (server), PointerEventDispatcher0 (server), 
07-21 06:03:09.897   520   645 I input_interaction: Interaction with: 4ffb034 AtchDlg:com.android.car.media/com.android.car.media.MediaActivity (server), PointerEventDispatcher0 (server), 
07-21 06:03:09.901   520   645 I input_interaction: Interaction with: dc92583 com.android.car.media/com.android.car.media.MediaActivity (server), PointerEventDispatcher0 (server), 
07-21 06:03:10.033   520   578 I am_wtf  : [0,520,system_server,-1,NetworkStats,Failed to parse network stats]
07-21 06:03:10.035   520   578 I am_wtf  : [0,520,system_server,-1,NetworkStats,Failed to parse network stats]
07-21 06:03:10.038   520   578 I am_wtf  : [0,520,system_server,-1,NetworkStats,Failed to parse network stats]
07-21 06:03:10.041   520   578 I am_wtf  : [0,520,system_server,-1,NetworkStats,Failed to parse network stats]
07-21 06:03:10.044   520   578 I am_wtf  : [0,520,system_server,-1,NetworkStats,Failed to parse network stats]
07-21 06:03:10.048   520   578 I am_wtf  : [0,520,system_server,-1,NetworkStats,Failed to parse network stats]
07-21 06:03:10.051   520   578 I am_wtf  : [0,520,system_server,-1,NetworkStats,Failed to parse network stats]
07-21 06:03:10.054   520   578 I am_wtf  : [0,520,system_server,-1,NetworkStats,Failed to parse network stats]
07-21 06:03:10.057   520   578 I am_wtf  : [0,520,system_server,-1,NetworkStats,Failed to parse network stats]
07-21 06:03:10.061   520   578 I am_wtf  : [0,520,system_server,-1,NetworkStats,Failed to parse network stats]
07-21 06:03:10.064   520   578 I am_wtf  : [0,520,system_server,-1,NetworkStats,Failed to parse network stats]
07-21 06:03:10.068   520   578 I am_wtf  : [0,520,system_server,-1,NetworkStats,Failed to parse network stats]
07-21 06:03:10.071   520   578 I am_wtf  : [0,520,system_server,-1,NetworkStats,Failed to parse network stats]
07-21 06:03:10.074   520   578 I am_wtf  : [0,520,system_server,-1,NetworkStats,Failed to parse network stats]
07-21 06:03:10.077   520   578 I am_wtf  : [0,520,system_server,-1,NetworkStats,Failed to parse network stats]
07-21 06:03:10.106   520   645 I input_interaction: Interaction with: 4ffb034 AtchDlg:com.android.car.media/com.android.car.media.MediaActivity (server), PointerEventDispatcher0 (server), 
07-21 06:03:10.115   520   572 I input_focus: [Focus request dc92583 com.android.car.media/com.android.car.media.MediaActivity,reason=UpdateInputWindows]
07-21 06:03:10.140   520   645 I input_focus: [Focus entering dc92583 com.android.car.media/com.android.car.media.MediaActivity (server),reason=setFocusedWindow]
07-21 06:03:10.310   520   645 I input_interaction: Interaction with: dc92583 com.android.car.media/com.android.car.media.MediaActivity (server), PointerEventDispatcher0 (server), 
07-21 06:03:11.071   520   578 I am_wtf  : [0,520,system_server,-1,NetworkStats,Failed to parse network stats]
07-21 06:03:11.074   520   578 I am_wtf  : [0,520,system_server,-1,NetworkStats,Failed to parse network stats]
07-21 06:03:11.077   520   578 I am_wtf  : [0,520,system_server,-1,NetworkStats,Failed to parse network stats]
07-21 06:03:11.080   520   578 I am_wtf  : [0,520,system_server,-1,NetworkStats,Failed to parse network stats]
07-21 06:03:11.083   520   578 I am_wtf  : [0,520,system_server,-1,NetworkStats,Failed to parse network stats]
07-21 06:03:11.086   520   578 I am_wtf  : [0,520,system_server,-1,NetworkStats,Failed to parse network stats]
07-21 06:03:11.088   520   578 I am_wtf  : [0,520,system_server,-1,NetworkStats,Failed to parse network stats]
07-21 06:03:11.094   520   578 I am_wtf  : [0,520,system_server,-1,NetworkStats,Failed to parse network stats]
07-21 06:03:11.097   520   578 I am_wtf  : [0,520,system_server,-1,NetworkStats,Failed to parse network stats]
07-21 06:03:11.100   520   578 I am_wtf  : [0,520,system_server,-1,NetworkStats,Failed to parse network stats]
07-21 06:03:11.103   520   578 I am_wtf  : [0,520,system_server,-1,NetworkStats,Failed to parse network stats]
07-21 06:03:11.105   520   578 I am_wtf  : [0,520,system_server,-1,NetworkStats,Failed to parse network stats]
07-21 06:03:11.108   520   578 I am_wtf  : [0,520,system_server,-1,NetworkStats,Failed to parse network stats]
07-21 06:03:11.115   520   578 I am_wtf  : [0,520,system_server,-1,NetworkStats,Failed to parse network stats]
07-21 06:03:11.119   520   578 I am_wtf  : [0,520,system_server,-1,NetworkStats,Failed to parse network stats]
07-21 06:03:12.073   520   578 I am_wtf  : [0,520,system_server,-1,NetworkStats,Failed to parse network stats]
07-21 06:03:12.076   520   578 I am_wtf  : [0,520,system_server,-1,NetworkStats,Failed to parse network stats]
07-21 06:03:12.079   520   578 I am_wtf  : [0,520,system_server,-1,NetworkStats,Failed to parse network stats]
07-21 06:03:12.081   520   578 I am_wtf  : [0,520,system_server,-1,NetworkStats,Failed to parse network stats]
07-21 06:03:12.084   520   578 I am_wtf  : [0,520,system_server,-1,NetworkStats,Failed to parse network stats]
07-21 06:03:12.087   520   578 I am_wtf  : [0,520,system_server,-1,NetworkStats,Failed to parse network stats]
07-21 06:03:12.089   520   578 I am_wtf  : [0,520,system_server,-1,NetworkStats,Failed to parse network stats]
07-21 06:03:12.092   520   578 I am_wtf  : [0,520,system_server,-1,NetworkStats,Failed to parse network stats]
07-21 06:03:12.095   520   578 I am_wtf  : [0,520,system_server,-1,NetworkStats,Failed to parse network stats]
07-21 06:03:12.098   520   578 I am_wtf  : [0,520,system_server,-1,NetworkStats,Failed to parse network stats]
07-21 06:03:12.101   520   578 I am_wtf  : [0,520,system_server,-1,NetworkStats,Failed to parse network stats]
07-21 06:03:12.103   520   578 I am_wtf  : [0,520,system_server,-1,NetworkStats,Failed to parse network stats]
07-21 06:03:12.106   520   578 I am_wtf  : [0,520,system_server,-1,NetworkStats,Failed to parse network stats]
07-21 06:03:12.108   520   578 I am_wtf  : [0,520,system_server,-1,NetworkStats,Failed to parse network stats]
07-21 06:03:12.111   520   578 I am_wtf  : [0,520,system_server,-1,NetworkStats,Failed to parse network stats]
07-21 06:03:13.097   520  4898 I service_manager_stats: [150,33,5084]
07-21 06:03:13.098   520   578 I am_wtf  : [0,520,system_server,-1,NetworkStats,Failed to parse network stats]
07-21 06:03:13.101   520   578 I am_wtf  : [0,520,system_server,-1,NetworkStats,Failed to parse network stats]
07-21 06:03:13.104   520   578 I am_wtf  : [0,520,system_server,-1,NetworkStats,Failed to parse network stats]
07-21 06:03:13.106   520   578 I am_wtf  : [0,520,system_server,-1,NetworkStats,Failed to parse network stats]
07-21 06:03:13.109   520   578 I am_wtf  : [0,520,system_server,-1,NetworkStats,Failed to parse network stats]
07-21 06:03:13.112   520   578 I am_wtf  : [0,520,system_server,-1,NetworkStats,Failed to parse network stats]
07-21 06:03:13.114   520   578 I am_wtf  : [0,520,system_server,-1,NetworkStats,Failed to parse network stats]
07-21 06:03:13.117   520   578 I am_wtf  : [0,520,system_server,-1,NetworkStats,Failed to parse network stats]
07-21 06:03:13.120   520   578 I am_wtf  : [0,520,system_server,-1,NetworkStats,Failed to parse network stats]
07-21 06:03:13.123   520   578 I am_wtf  : [0,520,system_server,-1,NetworkStats,Failed to parse network stats]
07-21 06:03:13.125   520   578 I am_wtf  : [0,520,system_server,-1,NetworkStats,Failed to parse network stats]
07-21 06:03:13.128   520   578 I am_wtf  : [0,520,system_server,-1,NetworkStats,Failed to parse network stats]
07-21 06:03:13.131   520   578 I am_wtf  : [0,520,system_server,-1,NetworkStats,Failed to parse network stats]
07-21 06:03:13.133   520   578 I am_wtf  : [0,520,system_server,-1,NetworkStats,Failed to parse network stats]
07-21 06:03:13.136   520   578 I am_wtf  : [0,520,system_server,-1,NetworkStats,Failed to parse network stats]
07-21 06:03:13.383   520  4898 I wm_task_moved: [95,1,15]
07-21 06:03:13.383   520  4898 I wm_task_to_front: [0,95]
07-21 06:03:13.384   520  4898 I wm_focused_root_task: [0,0,95,96,bringingFoundTaskToFront]
07-21 06:03:13.385   520  4898 I wm_set_resumed_activity: [0,com.android.car.carlauncher/.AppGridActivity,bringingFoundTaskToFront]
07-21 06:03:13.385   520  4898 I wm_new_intent: [0,81710932,95,com.android.car.carlauncher/.AppGridActivity,com.android.car.carlauncher.ACTION_APP_GRID,NULL,NULL,872415232]
07-21 06:03:13.386   520  4898 I wm_pause_activity: [0,9560111,com.android.car.media/.MediaActivity,userLeaving=true,pauseBackTasks]
07-21 06:03:13.396  4637  4637 I wm_on_top_resumed_lost_called: [9560111,com.android.car.media.MediaActivity,topStateChangedWhenResumed]
07-21 06:03:13.398  4637  4637 I wm_on_paused_called: [9560111,com.android.car.media.MediaActivity,performPause]
07-21 06:03:13.400   520  4898 I wm_set_resumed_activity: [0,com.android.car.carlauncher/.AppGridActivity,resumeTopActivityInnerLocked]
07-21 06:03:13.400   520  4898 I wm_add_to_stopping: [0,9560111,com.android.car.media/.MediaActivity,makeInvisible]
07-21 06:03:13.404   520  4898 I wm_resume_activity: [0,81710932,95,com.android.car.carlauncher/.AppGridActivity]
07-21 06:03:13.413   520   571 I sysui_multi_action: [757,803,799,window_time_0,802,13]
07-21 06:03:13.414  1691  1691 I wm_on_restart_called: [81710932,com.android.car.carlauncher.AppGridActivity,performRestartActivity]
07-21 06:03:13.417  1691  1691 I wm_on_start_called: [81710932,com.android.car.carlauncher.AppGridActivity,handleStartActivity]
07-21 06:03:13.441   520   645 I input_focus: [Focus leaving dc92583 com.android.car.media/com.android.car.media.MediaActivity (server),reason=NO_WINDOW]
07-21 06:03:13.452  1691  1691 I wm_on_resume_called: [81710932,com.android.car.carlauncher.AppGridActivity,RESUME_ACTIVITY]
07-21 06:03:13.452  1691  1691 I wm_on_top_resumed_gained_called: [81710932,com.android.car.carlauncher.AppGridActivity,topWhenResuming]
07-21 06:03:13.464   520   572 I input_focus: [Focus request 6790a75 com.android.car.carlauncher/com.android.car.carlauncher.AppGridActivity,reason=UpdateInputWindows]
07-21 06:03:13.529   520   568 I sysui_multi_action: [319,145,322,126,325,1162,757,761,758,9,759,2,806,com.android.car.carlauncher,871,com.android.car.carlauncher.AppGridActivity,904,com.android.car.radio,905,0,1320,4,1321,2]
07-21 06:03:13.558   520   645 I input_focus: [Focus entering 6790a75 com.android.car.carlauncher/com.android.car.carlauncher.AppGridActivity (server),reason=Window became focusable. Previous reason: NOT_VISIBLE]
07-21 06:03:13.579   520   645 I input_interaction: Interaction with: 6790a75 com.android.car.carlauncher/com.android.car.carlauncher.AppGridActivity (server), PointerEventDispatcher0 (server), 
07-21 06:03:13.603   520   645 I input_interaction: Interaction with: b15b5c9 TopCarSystemBar (server), PointerEventDispatcher0 (server), 
07-21 06:03:13.614   520   645 I input_interaction: Interaction with: b15b5c9 TopCarSystemBar (server), 6790a75 com.android.car.carlauncher/com.android.car.carlauncher.AppGridActivity (server), PointerEventDispatcher0 (server), 
07-21 06:03:13.634   520  4898 I sysui_multi_action: [757,127,758,1]
07-21 06:03:13.635   520  4898 I sysui_multi_action: [757,804,799,note_load,801,1,802,1]
07-21 06:03:13.635   520  4898 I notification_panel_revealed: 1
07-21 06:03:13.637   520  4898 I sysui_multi_action: [757,127,758,1]
07-21 06:03:13.638   520  4898 I sysui_multi_action: [757,804,799,note_load,801,1,802,1]
07-21 06:03:13.638   520  4898 I notification_panel_revealed: 1
07-21 06:03:13.661   520   572 I input_focus: [Focus request 8871c7c SystemUIOverlayWindow,reason=UpdateInputWindows]
07-21 06:03:13.694   520   645 I input_focus: [Focus leaving 6790a75 com.android.car.carlauncher/com.android.car.carlauncher.AppGridActivity (server),reason=Waiting for window because NOT_VISIBLE]
07-21 06:03:13.711   520   645 I input_focus: [Focus entering 8871c7c SystemUIOverlayWindow (server),reason=Window became focusable. Previous reason: NOT_VISIBLE]
07-21 06:03:13.833   520   645 I input_interaction: Interaction with: 8871c7c SystemUIOverlayWindow (server), PointerEventDispatcher0 (server), 
07-21 06:03:14.009   520   571 I wm_stop_activity: [0,9560111,com.android.car.media/.MediaActivity]
07-21 06:03:14.069  4637  4637 I wm_on_stop_called: [9560111,com.android.car.media.MediaActivity,STOP_ACTIVITY_ITEM]
07-21 06:03:14.137   520   578 I am_wtf  : [0,520,system_server,-1,NetworkStats,Failed to parse network stats]
07-21 06:03:14.142   520   578 I am_wtf  : [0,520,system_server,-1,NetworkStats,Failed to parse network stats]
07-21 06:03:14.146   520   578 I am_wtf  : [0,520,system_server,-1,NetworkStats,Failed to parse network stats]
07-21 06:03:14.149   520   578 I am_wtf  : [0,520,system_server,-1,NetworkStats,Failed to parse network stats]
07-21 06:03:14.152   520   578 I am_wtf  : [0,520,system_server,-1,NetworkStats,Failed to parse network stats]
07-21 06:03:14.155   520   578 I am_wtf  : [0,520,system_server,-1,NetworkStats,Failed to parse network stats]
07-21 06:03:14.158   520   578 I am_wtf  : [0,520,system_server,-1,NetworkStats,Failed to parse network stats]
07-21 06:03:14.161   520   578 I am_wtf  : [0,520,system_server,-1,NetworkStats,Failed to parse network stats]
07-21 06:03:14.163   520   578 I am_wtf  : [0,520,system_server,-1,NetworkStats,Failed to parse network stats]
07-21 06:03:14.166   520   578 I am_wtf  : [0,520,system_server,-1,NetworkStats,Failed to parse network stats]
07-21 06:03:14.169   520   578 I am_wtf  : [0,520,system_server,-1,NetworkStats,Failed to parse network stats]
07-21 06:03:14.172   520   578 I am_wtf  : [0,520,system_server,-1,NetworkStats,Failed to parse network stats]
07-21 06:03:14.175   520   578 I am_wtf  : [0,520,system_server,-1,NetworkStats,Failed to parse network stats]
07-21 06:03:14.177   520   578 I am_wtf  : [0,520,system_server,-1,NetworkStats,Failed to parse network stats]
07-21 06:03:14.180   520   578 I am_wtf  : [0,520,system_server,-1,NetworkStats,Failed to parse network stats]
07-21 06:03:14.244   520  4372 I wm_task_moved: [144,1,15]
07-21 06:03:14.244   520  4372 I wm_task_to_front: [0,144]
07-21 06:03:14.245   520  4372 I wm_focused_root_task: [0,0,144,95,bringingFoundTaskToFront]
07-21 06:03:14.245  1691  1691 I wm_on_top_resumed_lost_called: [81710932,com.android.car.carlauncher.AppGridActivity,topStateChangedWhenResumed]
07-21 06:03:14.246   520  4372 I wm_set_resumed_activity: [0,com.google.android.car.garagemode.testapp/.MainActivity,bringingFoundTaskToFront]
07-21 06:03:14.247   520  4372 I wm_pause_activity: [0,81710932,com.android.car.carlauncher/.AppGridActivity,userLeaving=true,pauseBackTasks]
07-21 06:03:14.252  1691  1691 I wm_on_paused_called: [81710932,com.android.car.carlauncher.AppGridActivity,performPause]
07-21 06:03:14.254   520  4898 I wm_set_resumed_activity: [0,com.google.android.car.garagemode.testapp/.MainActivity,resumeTopActivityInnerLocked]
07-21 06:03:14.255   520  4898 I wm_add_to_stopping: [0,81710932,com.android.car.carlauncher/.AppGridActivity,makeInvisible]
07-21 06:03:14.259   520  4898 I wm_resume_activity: [0,157027917,144,com.google.android.car.garagemode.testapp/.MainActivity]
07-21 06:03:14.272   520   571 I sysui_multi_action: [757,803,799,window_time_0,802,1]
07-21 06:03:14.298  3016  3016 I wm_on_restart_called: [157027917,com.google.android.car.garagemode.testapp.MainActivity,performRestartActivity]
07-21 06:03:14.299  3016  3016 I wm_on_start_called: [157027917,com.google.android.car.garagemode.testapp.MainActivity,handleStartActivity]
07-21 06:03:14.300  3016  3016 I wm_on_resume_called: [157027917,com.google.android.car.garagemode.testapp.MainActivity,RESUME_ACTIVITY]
07-21 06:03:14.302  3016  3016 I wm_on_top_resumed_gained_called: [157027917,com.google.android.car.garagemode.testapp.MainActivity,topWhenResuming]
07-21 06:03:14.375   520   568 I sysui_multi_action: [319,51,321,36,322,123,325,1163,757,761,758,9,759,4,806,com.google.android.car.garagemode.testapp,871,com.google.android.car.garagemode.testapp.MainActivity,905,0,1320,4,1321,2]
07-21 06:03:14.791   520   571 I wm_stop_activity: [0,81710932,com.android.car.carlauncher/.AppGridActivity]
07-21 06:03:14.829  1691  1691 I wm_on_stop_called: [81710932,com.android.car.carlauncher.AppGridActivity,STOP_ACTIVITY_ITEM]
07-21 06:03:15.151   520   578 I am_wtf  : [0,520,system_server,-1,NetworkStats,Failed to parse network stats]
07-21 06:03:15.155   520   578 I am_wtf  : [0,520,system_server,-1,NetworkStats,Failed to parse network stats]
07-21 06:03:15.158   520   578 I am_wtf  : [0,520,system_server,-1,NetworkStats,Failed to parse network stats]
07-21 06:03:15.162   520   578 I am_wtf  : [0,520,system_server,-1,NetworkStats,Failed to parse network stats]
07-21 06:03:15.165   520   578 I am_wtf  : [0,520,system_server,-1,NetworkStats,Failed to parse network stats]
07-21 06:03:15.169   520   578 I am_wtf  : [0,520,system_server,-1,NetworkStats,Failed to parse network stats]
07-21 06:03:15.175   520   578 I am_wtf  : [0,520,system_server,-1,NetworkStats,Failed to parse network stats]
07-21 06:03:15.178   520   578 I am_wtf  : [0,520,system_server,-1,NetworkStats,Failed to parse network stats]
07-21 06:03:15.182   520   578 I am_wtf  : [0,520,system_server,-1,NetworkStats,Failed to parse network stats]
07-21 06:03:15.185   520   578 I am_wtf  : [0,520,system_server,-1,NetworkStats,Failed to parse network stats]
07-21 06:03:15.188   520   578 I am_wtf  : [0,520,system_server,-1,NetworkStats,Failed to parse network stats]
07-21 06:03:15.192   520   578 I am_wtf  : [0,520,system_server,-1,NetworkStats,Failed to parse network stats]
07-21 06:03:15.195   520   578 I am_wtf  : [0,520,system_server,-1,NetworkStats,Failed to parse network stats]
07-21 06:03:15.199   520   578 I am_wtf  : [0,520,system_server,-1,NetworkStats,Failed to parse network stats]
07-21 06:03:15.202   520   578 I am_wtf  : [0,520,system_server,-1,NetworkStats,Failed to parse network stats]
07-21 06:03:15.330   520  4898 I wm_task_created: [156,-1]
07-21 06:03:15.337   520  4898 I wm_task_moved: [156,1,16]
07-21 06:03:15.337   520  4898 I wm_task_to_front: [0,156]
07-21 06:03:15.337   520  4898 I wm_create_task: [0,156]
07-21 06:03:15.337   520  4898 I wm_create_activity: [0,169188464,156,com.android.car.developeroptions/com.android.settings.development.DevelopmentSettingsDisabledActivity,android.settings.APPLICATION_DEVELOPMENT_SETTINGS,NULL,NULL,276856832]
07-21 06:03:15.338  3016  3016 I wm_on_top_resumed_lost_called: [157027917,com.google.android.car.garagemode.testapp.MainActivity,topStateChangedWhenResumed]
07-21 06:03:15.338   520  4898 I wm_task_moved: [156,1,16]
07-21 06:03:15.339   520  4898 I wm_pause_activity: [0,157027917,com.google.android.car.garagemode.testapp/.MainActivity,userLeaving=true,pauseBackTasks]
07-21 06:03:15.343   520  4898 I sysui_multi_action: [757,128,758,4,793,1123464,794,15669,795,1123464,796,26,798,-1,806,android,857,DEVELOPER_IMPORTANT,858,4,947,0,1395,-1,1500,1123262,1688,1]
07-21 06:03:15.343   520  4898 I notification_clicked: [-1|android|26|null|1000,1123464,1123464,15669,-1,-1]
07-21 06:03:15.344   520   520 I sysui_multi_action: [757,804,799,note_click_longevity,801,18,802,1]
07-21 06:03:15.344  3016  3016 I wm_on_paused_called: [157027917,com.google.android.car.garagemode.testapp.MainActivity,performPause]
07-21 06:03:15.353   520   564 I wm_restart_activity: [0,169188464,156,com.android.car.developeroptions/com.android.settings.development.DevelopmentSettingsDisabledActivity]
07-21 06:03:15.354   520   564 I wm_set_resumed_activity: [0,com.android.car.developeroptions/com.android.settings.development.DevelopmentSettingsDisabledActivity,minimalResumeActivityLocked]
07-21 06:03:15.364   520   571 I sysui_multi_action: [757,803,799,window_time_0,802,1]
07-21 06:03:15.368   520   564 I wm_finish_activity: [0,169188464,156,com.android.car.developeroptions/com.android.settings.development.DevelopmentSettingsDisabledActivity,app-request]
07-21 06:03:15.368   520   564 I wm_task_moved: [144,1,16]
07-21 06:03:15.368   520   564 I wm_task_to_front: [0,144]
07-21 06:03:15.369   520   564 I wm_focused_root_task: [0,0,144,156,finish-top adjustFocusToNextFocusableTask]
07-21 06:03:15.370   520   564 I wm_pause_activity: [0,169188464,com.android.car.developeroptions/com.android.settings.development.DevelopmentSettingsDisabledActivity,userLeaving=false,finish]
07-21 06:03:15.373  2576  2576 I wm_on_create_called: [169188464,com.android.settings.development.DevelopmentSettingsDisabledActivity,performCreate]
07-21 06:03:15.379   520  4898 I wm_set_resumed_activity: [0,com.google.android.car.garagemode.testapp/.MainActivity,resumeTopActivityInnerLocked]
07-21 06:03:15.381   520  4898 I wm_resume_activity: [0,157027917,144,com.google.android.car.garagemode.testapp/.MainActivity]
07-21 06:03:15.381  3016  3016 I wm_on_resume_called: [157027917,com.google.android.car.garagemode.testapp.MainActivity,RESUME_ACTIVITY]
07-21 06:03:15.384  3016  3016 I wm_on_top_resumed_gained_called: [157027917,com.google.android.car.garagemode.testapp.MainActivity,topWhenResuming]
07-21 06:03:15.390   520   571 I sysui_multi_action: [757,1144,758,8,806,com.android.car.developeroptions,871,com.android.settings.development.DevelopmentSettingsDisabledActivity]
07-21 06:03:15.397   520   571 I sysui_multi_action: [757,803,799,window_time_0,802,0]
07-21 06:03:15.401   520   997 I wm_destroy_activity: [0,169188464,156,com.android.car.developeroptions/com.android.settings.development.DevelopmentSettingsDisabledActivity,finish-idle]
07-21 06:03:15.403  2576  2576 I wm_on_destroy_called: [169188464,com.android.settings.development.DevelopmentSettingsDisabledActivity,performDestroy]
07-21 06:03:15.414   520   997 I wm_task_removed: [156,removeChild:removeChild last r=ActivityRecord{a159c70 u0 com.android.car.developeroptions/com.android.settings.development.DevelopmentSettingsDisabledActivity t-1 f}} in t=Task{98e557a #156 type=standard A=1000:com.android.car.developeroptions U=0 visible=false mode=fullscreen translucent=true sz=0}]
07-21 06:03:15.414   520   997 I wm_task_removed: [156,removeChild]
07-21 06:03:16.187   520   578 I am_wtf  : [0,520,system_server,-1,NetworkStats,Failed to parse network stats]
07-21 06:03:16.198   520   578 I am_wtf  : [0,520,system_server,-1,NetworkStats,Failed to parse network stats]
07-21 06:03:16.206   520   578 I am_wtf  : [0,520,system_server,-1,NetworkStats,Failed to parse network stats]
07-21 06:03:16.216   520   578 I am_wtf  : [0,520,system_server,-1,NetworkStats,Failed to parse network stats]
07-21 06:03:16.219   520   578 I am_wtf  : [0,520,system_server,-1,NetworkStats,Failed to parse network stats]
07-21 06:03:16.222   520   578 I am_wtf  : [0,520,system_server,-1,NetworkStats,Failed to parse network stats]
07-21 06:03:16.227   520   578 I am_wtf  : [0,520,system_server,-1,NetworkStats,Failed to parse network stats]
07-21 06:03:16.235   520   578 I am_wtf  : [0,520,system_server,-1,NetworkStats,Failed to parse network stats]
07-21 06:03:16.238   520   578 I am_wtf  : [0,520,system_server,-1,NetworkStats,Failed to parse network stats]
07-21 06:03:16.241   520   578 I am_wtf  : [0,520,system_server,-1,NetworkStats,Failed to parse network stats]
07-21 06:03:16.243   520   578 I am_wtf  : [0,520,system_server,-1,NetworkStats,Failed to parse network stats]
07-21 06:03:16.246   520   578 I am_wtf  : [0,520,system_server,-1,NetworkStats,Failed to parse network stats]
07-21 06:03:16.249   520   578 I am_wtf  : [0,520,system_server,-1,NetworkStats,Failed to parse network stats]
07-21 06:03:16.252   520   578 I am_wtf  : [0,520,system_server,-1,NetworkStats,Failed to parse network stats]
07-21 06:03:16.255   520   578 I am_wtf  : [0,520,system_server,-1,NetworkStats,Failed to parse network stats]
07-21 06:03:17.223   520   578 I am_wtf  : [0,520,system_server,-1,NetworkStats,Failed to parse network stats]
07-21 06:03:17.227   520   578 I am_wtf  : [0,520,system_server,-1,NetworkStats,Failed to parse network stats]
07-21 06:03:17.230   520   578 I am_wtf  : [0,520,system_server,-1,NetworkStats,Failed to parse network stats]
07-21 06:03:17.233   520   578 I am_wtf  : [0,520,system_server,-1,NetworkStats,Failed to parse network stats]
07-21 06:03:17.238   520   578 I am_wtf  : [0,520,system_server,-1,NetworkStats,Failed to parse network stats]
07-21 06:03:17.243   520   578 I am_wtf  : [0,520,system_server,-1,NetworkStats,Failed to parse network stats]
07-21 06:03:17.247   520   578 I am_wtf  : [0,520,system_server,-1,NetworkStats,Failed to parse network stats]
07-21 06:03:17.251   520   578 I am_wtf  : [0,520,system_server,-1,NetworkStats,Failed to parse network stats]
07-21 06:03:17.254   520   578 I am_wtf  : [0,520,system_server,-1,NetworkStats,Failed to parse network stats]
07-21 06:03:17.261   520   578 I am_wtf  : [0,520,system_server,-1,NetworkStats,Failed to parse network stats]
07-21 06:03:17.266   520   578 I am_wtf  : [0,520,system_server,-1,NetworkStats,Failed to parse network stats]
07-21 06:03:17.269   520   578 I am_wtf  : [0,520,system_server,-1,NetworkStats,Failed to parse network stats]
07-21 06:03:17.272   520   578 I am_wtf  : [0,520,system_server,-1,NetworkStats,Failed to parse network stats]
07-21 06:03:17.275   520   578 I am_wtf  : [0,520,system_server,-1,NetworkStats,Failed to parse network stats]
07-21 06:03:17.278   520   578 I am_wtf  : [0,520,system_server,-1,NetworkStats,Failed to parse network stats]
07-21 06:03:17.997   520   564 I wm_task_created: [157,-1]
07-21 06:03:18.002   520   564 I wm_task_moved: [157,1,16]
07-21 06:03:18.002   520   564 I wm_task_to_front: [0,157]
07-21 06:03:18.003   520   564 I wm_create_task: [0,157]
07-21 06:03:18.003   520   564 I wm_create_activity: [0,232176150,157,com.android.car.developeroptions/com.android.settings.development.DevelopmentSettingsDisabledActivity,android.settings.APPLICATION_DEVELOPMENT_SETTINGS,NULL,NULL,276856832]
07-21 06:03:18.003  3016  3016 I wm_on_top_resumed_lost_called: [157027917,com.google.android.car.garagemode.testapp.MainActivity,topStateChangedWhenResumed]
07-21 06:03:18.003   520   564 I wm_task_moved: [157,1,16]
07-21 06:03:18.004   520   564 I wm_pause_activity: [0,157027917,com.google.android.car.garagemode.testapp/.MainActivity,userLeaving=true,pauseBackTasks]
07-21 06:03:18.008   520   564 I sysui_multi_action: [757,128,758,4,793,1126129,794,18334,795,1126129,796,26,798,-1,806,android,857,DEVELOPER_IMPORTANT,858,4,947,0,1395,-1,1500,1125927,1688,1]
07-21 06:03:18.008   520   564 I notification_clicked: [-1|android|26|null|1000,1126129,1126129,18334,-1,-1]
07-21 06:03:18.009   520   520 I sysui_multi_action: [757,804,799,note_click_longevity,801,18,802,1]
07-21 06:03:18.010  3016  3016 I wm_on_paused_called: [157027917,com.google.android.car.garagemode.testapp.MainActivity,performPause]
07-21 06:03:18.012   520   997 I wm_restart_activity: [0,232176150,157,com.android.car.developeroptions/com.android.settings.development.DevelopmentSettingsDisabledActivity]
07-21 06:03:18.014   520   997 I wm_set_resumed_activity: [0,com.android.car.developeroptions/com.android.settings.development.DevelopmentSettingsDisabledActivity,minimalResumeActivityLocked]
07-21 06:03:18.028   520   571 I sysui_multi_action: [757,803,799,window_time_0,802,3]
07-21 06:03:18.033   520   564 I wm_finish_activity: [0,232176150,157,com.android.car.developeroptions/com.android.settings.development.DevelopmentSettingsDisabledActivity,app-request]
07-21 06:03:18.033   520   564 I wm_task_moved: [144,1,16]
07-21 06:03:18.033   520   564 I wm_task_to_front: [0,144]
07-21 06:03:18.034   520   564 I wm_focused_root_task: [0,0,144,157,finish-top adjustFocusToNextFocusableTask]
07-21 06:03:18.034   520   564 I wm_pause_activity: [0,232176150,com.android.car.developeroptions/com.android.settings.development.DevelopmentSettingsDisabledActivity,userLeaving=false,finish]
07-21 06:03:18.038  2576  2576 I wm_on_create_called: [232176150,com.android.settings.development.DevelopmentSettingsDisabledActivity,performCreate]
07-21 06:03:18.044   520   571 I sysui_multi_action: [757,1144,758,8,806,com.android.car.developeroptions,871,com.android.settings.development.DevelopmentSettingsDisabledActivity]
07-21 06:03:18.049   520   997 I wm_set_resumed_activity: [0,com.google.android.car.garagemode.testapp/.MainActivity,resumeTopActivityInnerLocked]
07-21 06:03:18.051   520   997 I wm_resume_activity: [0,157027917,144,com.google.android.car.garagemode.testapp/.MainActivity]
07-21 06:03:18.051  3016  3016 I wm_on_resume_called: [157027917,com.google.android.car.garagemode.testapp.MainActivity,RESUME_ACTIVITY]
07-21 06:03:18.054  3016  3016 I wm_on_top_resumed_gained_called: [157027917,com.google.android.car.garagemode.testapp.MainActivity,topWhenResuming]
07-21 06:03:18.065   520   571 I sysui_multi_action: [757,803,799,window_time_0,802,0]
07-21 06:03:18.069   520  4372 I wm_destroy_activity: [0,232176150,157,com.android.car.developeroptions/com.android.settings.development.DevelopmentSettingsDisabledActivity,finish-idle]
07-21 06:03:18.070  2576  2576 I wm_on_destroy_called: [232176150,com.android.settings.development.DevelopmentSettingsDisabledActivity,performDestroy]
07-21 06:03:18.080   520  4372 I wm_task_removed: [157,removeChild:removeChild last r=ActivityRecord{dd6ba16 u0 com.android.car.developeroptions/com.android.settings.development.DevelopmentSettingsDisabledActivity t-1 f}} in t=Task{e1f95f0 #157 type=standard A=1000:com.android.car.developeroptions U=0 visible=false mode=fullscreen translucent=true sz=0}]
07-21 06:03:18.080   520  4372 I wm_task_removed: [157,removeChild]
07-21 06:03:18.258   520   564 I service_manager_stats: [165,38,5161]
07-21 06:03:18.259   520   578 I am_wtf  : [0,520,system_server,-1,NetworkStats,Failed to parse network stats]
07-21 06:03:18.263   520   578 I am_wtf  : [0,520,system_server,-1,NetworkStats,Failed to parse network stats]
07-21 06:03:18.266   520   578 I am_wtf  : [0,520,system_server,-1,NetworkStats,Failed to parse network stats]
07-21 06:03:18.270   520   578 I am_wtf  : [0,520,system_server,-1,NetworkStats,Failed to parse network stats]
07-21 06:03:18.276   520   578 I am_wtf  : [0,520,system_server,-1,NetworkStats,Failed to parse network stats]
07-21 06:03:18.281   520   578 I am_wtf  : [0,520,system_server,-1,NetworkStats,Failed to parse network stats]
07-21 06:03:18.284   520   578 I am_wtf  : [0,520,system_server,-1,NetworkStats,Failed to parse network stats]
07-21 06:03:18.288   520   578 I am_wtf  : [0,520,system_server,-1,NetworkStats,Failed to parse network stats]
07-21 06:03:18.294   520   578 I am_wtf  : [0,520,system_server,-1,NetworkStats,Failed to parse network stats]
07-21 06:03:18.298   520   578 I am_wtf  : [0,520,system_server,-1,NetworkStats,Failed to parse network stats]
07-21 06:03:18.301   520   578 I am_wtf  : [0,520,system_server,-1,NetworkStats,Failed to parse network stats]
07-21 06:03:18.304   520   578 I am_wtf  : [0,520,system_server,-1,NetworkStats,Failed to parse network stats]
07-21 06:03:18.307   520   578 I am_wtf  : [0,520,system_server,-1,NetworkStats,Failed to parse network stats]
07-21 06:03:18.312   520   578 I am_wtf  : [0,520,system_server,-1,NetworkStats,Failed to parse network stats]
07-21 06:03:18.316   520   578 I am_wtf  : [0,520,system_server,-1,NetworkStats,Failed to parse network stats]
07-21 06:03:19.268   520   578 I am_wtf  : [0,520,system_server,-1,NetworkStats,Failed to parse network stats]
07-21 06:03:19.273   520   578 I am_wtf  : [0,520,system_server,-1,NetworkStats,Failed to parse network stats]
07-21 06:03:19.278   520   578 I am_wtf  : [0,520,system_server,-1,NetworkStats,Failed to parse network stats]
07-21 06:03:19.281   520   578 I am_wtf  : [0,520,system_server,-1,NetworkStats,Failed to parse network stats]
07-21 06:03:19.284   520   578 I am_wtf  : [0,520,system_server,-1,NetworkStats,Failed to parse network stats]
07-21 06:03:19.288   520   578 I am_wtf  : [0,520,system_server,-1,NetworkStats,Failed to parse network stats]
07-21 06:03:19.292   520   578 I am_wtf  : [0,520,system_server,-1,NetworkStats,Failed to parse network stats]
07-21 06:03:19.295   520   578 I am_wtf  : [0,520,system_server,-1,NetworkStats,Failed to parse network stats]
07-21 06:03:19.299   520   578 I am_wtf  : [0,520,system_server,-1,NetworkStats,Failed to parse network stats]
07-21 06:03:19.302   520   578 I am_wtf  : [0,520,system_server,-1,NetworkStats,Failed to parse network stats]
07-21 06:03:19.305   520   578 I am_wtf  : [0,520,system_server,-1,NetworkStats,Failed to parse network stats]
07-21 06:03:19.307   520   578 I am_wtf  : [0,520,system_server,-1,NetworkStats,Failed to parse network stats]
